../../../Core/Src/main.c:235:5:main	16	static
../../../Core/Src/main.c:367:6:SystemClock_Config	88	static
../../../Core/Src/main.c:420:13:MX_ADC1_Init	24	static
../../../Core/Src/main.c:472:13:MX_ADC2_Init	24	static
../../../Core/Src/main.c:524:13:MX_TIM10_Init	8	static
../../../Core/Src/main.c:555:13:MX_TIM13_Init	40	static
../../../Core/Src/main.c:601:13:MX_USART3_UART_Init	8	static
../../../Core/Src/main.c:636:13:MX_USB_OTG_FS_PCD_Init	8	static
../../../Core/Src/main.c:671:13:MX_GPIO_Init	56	static
../../../Core/Src/main.c:744:6:HAL_GPIO_EXTI_Callback	16	static
../../../Core/Src/main.c:758:17:getTemperature	16	static
../../../Core/Src/main.c:768:13:printUsartMessage	16	static
../../../Core/Src/main.c:786:6:StartDefaultTask	16	static
../../../Core/Src/main.c:804:6:ledBlinkBlue	16	static
../../../Core/Src/main.c:820:6:StartBlinkyTask	16	static
../../../Core/Src/main.c:840:6:adcReadValueTask	144	static
../../../Core/Src/main.c:869:6:readTempTask	152	static
../../../Core/Src/main.c:900:6:pwmLedBrightnessTask	152	static
../../../Core/Src/main.c:938:6:usartDebugPrintTask	144	static
../../../Core/Src/main.c:966:6:checkISRStateTask	152	static
../../../Core/Src/main.c:1028:6:rtosRuntimeStatsTask	16	static
../../../Core/Src/main.c:1048:6:HAL_TIM_PeriodElapsedCallback	16	static
../../../Core/Src/main.c:1065:6:Error_Handler	4	static
