../../../Core/Src/main.c:243:13:TIM3_IRQHandler	8	static
../../../Core/Src/main.c:249:6:StartDelayCountingTimer	16	static
../../../Core/Src/main.c:263:20:SysprogsInstrumentingProfiler_ReadTimerValue	64	static
../../../Core/Src/main.c:282:17:SysprogsInstrumentingProfiler_QueryAndResetPerformanceCounter	32	static
../../../Core/Src/main.c:314:5:main	16	static
../../../Core/Src/main.c:452:6:SystemClock_Config	88	static
../../../Core/Src/main.c:505:13:MX_ADC1_Init	24	static
../../../Core/Src/main.c:557:13:MX_ADC2_Init	24	static
../../../Core/Src/main.c:609:13:MX_TIM10_Init	8	static
../../../Core/Src/main.c:640:13:MX_TIM13_Init	40	static
../../../Core/Src/main.c:686:13:MX_USART3_UART_Init	8	static
../../../Core/Src/main.c:721:13:MX_USB_OTG_FS_PCD_Init	8	static
../../../Core/Src/main.c:756:13:MX_GPIO_Init	56	static
../../../Core/Src/main.c:829:6:HAL_GPIO_EXTI_Callback	16	static
../../../Core/Src/main.c:843:17:getTemperature	16	static
../../../Core/Src/main.c:853:13:printUsartMessage	16	static
../../../Core/Src/main.c:871:6:StartDefaultTask	16	static
../../../Core/Src/main.c:889:6:ledBlinkBlue	16	static
../../../Core/Src/main.c:905:6:StartBlinkyTask	16	static
../../../Core/Src/main.c:925:6:adcReadValueTask	144	static
../../../Core/Src/main.c:954:6:readTempTask	152	static
../../../Core/Src/main.c:985:6:pwmLedBrightnessTask	152	static
../../../Core/Src/main.c:1023:6:usartDebugPrintTask	144	static
../../../Core/Src/main.c:1051:6:checkISRStateTask	152	static
../../../Core/Src/main.c:1113:6:rtosRuntimeStatsTask	16	static
../../../Core/Src/main.c:1133:6:HAL_TIM_PeriodElapsedCallback	16	static
../../../Core/Src/main.c:1150:6:Error_Handler	4	static
