Archive member included to satisfy reference by file (symbol)

c:/sysgcc/arm-eabi/bin/../lib/gcc/arm-none-eabi/10.3.1/thumb/v7e-m+dp/hard\libgcc.a(_aeabi_uldivmod.o)
                              CMakeFiles/BSP.dir/Drivers/STM32F7xx_HAL_Driver/Src/stm32f7xx_hal_rcc.c.obj (__aeabi_uldivmod)
c:/sysgcc/arm-eabi/bin/../lib/gcc/arm-none-eabi/10.3.1/thumb/v7e-m+dp/hard\libgcc.a(_udivmoddi4.o)
                              c:/sysgcc/arm-eabi/bin/../lib/gcc/arm-none-eabi/10.3.1/thumb/v7e-m+dp/hard\libgcc.a(_aeabi_uldivmod.o) (__udivmoddi4)
c:/sysgcc/arm-eabi/bin/../lib/gcc/arm-none-eabi/10.3.1/thumb/v7e-m+dp/hard\libgcc.a(_dvmd_tls.o)
                              c:/sysgcc/arm-eabi/bin/../lib/gcc/arm-none-eabi/10.3.1/thumb/v7e-m+dp/hard\libgcc.a(_aeabi_uldivmod.o) (__aeabi_ldiv0)
c:/sysgcc/arm-eabi/bin/../lib/gcc/arm-none-eabi/10.3.1/../../../../arm-none-eabi/lib/thumb/v7e-m+dp/hard\libg.a(lib_a-errno.o)
                              CMakeFiles/BSP.dir/Core/Src/syscalls.c.obj (__errno)
c:/sysgcc/arm-eabi/bin/../lib/gcc/arm-none-eabi/10.3.1/../../../../arm-none-eabi/lib/thumb/v7e-m+dp/hard\libg.a(lib_a-exit.o)
                              c:/sysgcc/arm-eabi/bin/../lib/gcc/arm-none-eabi/10.3.1/../../../../arm-none-eabi/lib/thumb/v7e-m+dp/hard/crt0.o (exit)
c:/sysgcc/arm-eabi/bin/../lib/gcc/arm-none-eabi/10.3.1/../../../../arm-none-eabi/lib/thumb/v7e-m+dp/hard\libg.a(lib_a-impure.o)
                              c:/sysgcc/arm-eabi/bin/../lib/gcc/arm-none-eabi/10.3.1/../../../../arm-none-eabi/lib/thumb/v7e-m+dp/hard\libg.a(lib_a-exit.o) (_global_impure_ptr)
c:/sysgcc/arm-eabi/bin/../lib/gcc/arm-none-eabi/10.3.1/../../../../arm-none-eabi/lib/thumb/v7e-m+dp/hard\libg.a(lib_a-init.o)
                              c:/sysgcc/arm-eabi/bin/../lib/gcc/arm-none-eabi/10.3.1/../../../../arm-none-eabi/lib/thumb/v7e-m+dp/hard/crt0.o (__libc_init_array)
c:/sysgcc/arm-eabi/bin/../lib/gcc/arm-none-eabi/10.3.1/../../../../arm-none-eabi/lib/thumb/v7e-m+dp/hard\libg.a(lib_a-itoa.o)
                              CMakeFiles/BSP.dir/Core/Src/main.c.obj (itoa)
c:/sysgcc/arm-eabi/bin/../lib/gcc/arm-none-eabi/10.3.1/../../../../arm-none-eabi/lib/thumb/v7e-m+dp/hard\libg.a(lib_a-memcpy.o)
                              CMakeFiles/BSP.dir/Middlewares/Third_Party/FreeRTOS/Source/queue.c.obj (memcpy)
c:/sysgcc/arm-eabi/bin/../lib/gcc/arm-none-eabi/10.3.1/../../../../arm-none-eabi/lib/thumb/v7e-m+dp/hard\libg.a(lib_a-memset.o)
                              c:/sysgcc/arm-eabi/bin/../lib/gcc/arm-none-eabi/10.3.1/../../../../arm-none-eabi/lib/thumb/v7e-m+dp/hard/crt0.o (memset)
c:/sysgcc/arm-eabi/bin/../lib/gcc/arm-none-eabi/10.3.1/../../../../arm-none-eabi/lib/thumb/v7e-m+dp/hard\libg.a(lib_a-reent.o)
                              CMakeFiles/BSP.dir/Middlewares/Third_Party/FreeRTOS/Source/tasks.c.obj (_reclaim_reent)
c:/sysgcc/arm-eabi/bin/../lib/gcc/arm-none-eabi/10.3.1/../../../../arm-none-eabi/lib/thumb/v7e-m+dp/hard\libg.a(lib_a-sprintf.o)
                              CMakeFiles/BSP.dir/Middlewares/Third_Party/FreeRTOS/Source/tasks.c.obj (sprintf)
c:/sysgcc/arm-eabi/bin/../lib/gcc/arm-none-eabi/10.3.1/../../../../arm-none-eabi/lib/thumb/v7e-m+dp/hard\libg.a(lib_a-strcpy.o)
                              CMakeFiles/BSP.dir/Core/Src/main.c.obj (strcpy)
c:/sysgcc/arm-eabi/bin/../lib/gcc/arm-none-eabi/10.3.1/../../../../arm-none-eabi/lib/thumb/v7e-m+dp/hard\libg.a(lib_a-strlen.o)
                              CMakeFiles/BSP.dir/Core/Src/main.c.obj (strlen)
c:/sysgcc/arm-eabi/bin/../lib/gcc/arm-none-eabi/10.3.1/../../../../arm-none-eabi/lib/thumb/v7e-m+dp/hard\libg.a(lib_a-svfprintf.o)
                              c:/sysgcc/arm-eabi/bin/../lib/gcc/arm-none-eabi/10.3.1/../../../../arm-none-eabi/lib/thumb/v7e-m+dp/hard\libg.a(lib_a-sprintf.o) (_svfprintf_r)
c:/sysgcc/arm-eabi/bin/../lib/gcc/arm-none-eabi/10.3.1/../../../../arm-none-eabi/lib/thumb/v7e-m+dp/hard\libg.a(lib_a-utoa.o)
                              c:/sysgcc/arm-eabi/bin/../lib/gcc/arm-none-eabi/10.3.1/../../../../arm-none-eabi/lib/thumb/v7e-m+dp/hard\libg.a(lib_a-itoa.o) (__utoa)
c:/sysgcc/arm-eabi/bin/../lib/gcc/arm-none-eabi/10.3.1/../../../../arm-none-eabi/lib/thumb/v7e-m+dp/hard\libg.a(lib_a-__call_atexit.o)
                              c:/sysgcc/arm-eabi/bin/../lib/gcc/arm-none-eabi/10.3.1/../../../../arm-none-eabi/lib/thumb/v7e-m+dp/hard\libg.a(lib_a-exit.o) (__call_exitprocs)
c:/sysgcc/arm-eabi/bin/../lib/gcc/arm-none-eabi/10.3.1/../../../../arm-none-eabi/lib/thumb/v7e-m+dp/hard\libg.a(lib_a-atexit.o)
                              c:/sysgcc/arm-eabi/bin/../lib/gcc/arm-none-eabi/10.3.1/../../../../arm-none-eabi/lib/thumb/v7e-m+dp/hard\libg.a(lib_a-__call_atexit.o) (atexit)
c:/sysgcc/arm-eabi/bin/../lib/gcc/arm-none-eabi/10.3.1/../../../../arm-none-eabi/lib/thumb/v7e-m+dp/hard\libg.a(lib_a-dtoa.o)
                              c:/sysgcc/arm-eabi/bin/../lib/gcc/arm-none-eabi/10.3.1/../../../../arm-none-eabi/lib/thumb/v7e-m+dp/hard\libg.a(lib_a-svfprintf.o) (_dtoa_r)
[...]
Memory Configuration

Name             Origin             Length             Attributes
RAM              0x20000000         0x00080000         xrw
FLASH            0x08000000         0x00200000         xr
*default*        0x00000000         0xffffffff

Linker script and memory map

LOAD c:/sysgcc/arm-eabi/bin/../lib/gcc/arm-none-eabi/10.3.1/thumb/v7e-m+dp/hard/crti.o
LOAD c:/sysgcc/arm-eabi/bin/../lib/gcc/arm-none-eabi/10.3.1/thumb/v7e-m+dp/hard/crtbegin.o
LOAD c:/sysgcc/arm-eabi/bin/../lib/gcc/arm-none-eabi/10.3.1/../../../../arm-none-eabi/lib/thumb/v7e-m+dp/hard/crt0.o
LOAD CMakeFiles/BSP.dir/Core/Src/freertos.c.obj
LOAD CMakeFiles/BSP.dir/Core/Src/main.c.obj
LOAD CMakeFiles/BSP.dir/Core/Src/stm32f7xx_hal_msp.c.obj
LOAD CMakeFiles/BSP.dir/Core/Src/stm32f7xx_hal_timebase_tim.c.obj
LOAD CMakeFiles/BSP.dir/Core/Src/stm32f7xx_it.c.obj
LOAD CMakeFiles/BSP.dir/Core/Src/syscalls.c.obj
LOAD CMakeFiles/BSP.dir/Core/Src/sysmem.c.obj
LOAD CMakeFiles/BSP.dir/Core/Src/system_stm32f7xx.c.obj
LOAD CMakeFiles/BSP.dir/Core/Startup/startup_stm32f767zitx.s.obj
LOAD CMakeFiles/BSP.dir/Middlewares/Third_Party/FreeRTOS/Source/croutine.c.obj
LOAD CMakeFiles/BSP.dir/Middlewares/Third_Party/FreeRTOS/Source/event_groups.c.obj
LOAD CMakeFiles/BSP.dir/Middlewares/Third_Party/FreeRTOS/Source/list.c.obj
LOAD CMakeFiles/BSP.dir/Middlewares/Third_Party/FreeRTOS/Source/queue.c.obj
LOAD CMakeFiles/BSP.dir/Middlewares/Third_Party/FreeRTOS/Source/stream_buffer.c.obj
LOAD CMakeFiles/BSP.dir/Middlewares/Third_Party/FreeRTOS/Source/tasks.c.obj
LOAD CMakeFiles/BSP.dir/Middlewares/Third_Party/FreeRTOS/Source/timers.c.obj
LOAD CMakeFiles/BSP.dir/Middlewares/Third_Party/FreeRTOS/Source/CMSIS_RTOS_V2/cmsis_os2.c.obj
LOAD CMakeFiles/BSP.dir/Middlewares/Third_Party/FreeRTOS/Source/portable/GCC/ARM_CM7/r0p1/port.c.obj
LOAD CMakeFiles/BSP.dir/Middlewares/Third_Party/FreeRTOS/Source/portable/MemMang/heap_4.c.obj
LOAD CMakeFiles/BSP.dir/Drivers/STM32F7xx_HAL_Driver/Src/stm32f7xx_hal.c.obj
LOAD CMakeFiles/BSP.dir/Drivers/STM32F7xx_HAL_Driver/Src/stm32f7xx_hal_adc.c.obj
LOAD CMakeFiles/BSP.dir/Drivers/STM32F7xx_HAL_Driver/Src/stm32f7xx_hal_adc_ex.c.obj
LOAD CMakeFiles/BSP.dir/Drivers/STM32F7xx_HAL_Driver/Src/stm32f7xx_hal_cortex.c.obj
LOAD CMakeFiles/BSP.dir/Drivers/STM32F7xx_HAL_Driver/Src/stm32f7xx_hal_dma.c.obj
LOAD CMakeFiles/BSP.dir/Drivers/STM32F7xx_HAL_Driver/Src/stm32f7xx_hal_dma_ex.c.obj
LOAD CMakeFiles/BSP.dir/Drivers/STM32F7xx_HAL_Driver/Src/stm32f7xx_hal_exti.c.obj
LOAD CMakeFiles/BSP.dir/Drivers/STM32F7xx_HAL_Driver/Src/stm32f7xx_hal_flash.c.obj
LOAD CMakeFiles/BSP.dir/Drivers/STM32F7xx_HAL_Driver/Src/stm32f7xx_hal_flash_ex.c.obj
LOAD CMakeFiles/BSP.dir/Drivers/STM32F7xx_HAL_Driver/Src/stm32f7xx_hal_gpio.c.obj
LOAD CMakeFiles/BSP.dir/Drivers/STM32F7xx_HAL_Driver/Src/stm32f7xx_hal_i2c.c.obj
LOAD CMakeFiles/BSP.dir/Drivers/STM32F7xx_HAL_Driver/Src/stm32f7xx_hal_i2c_ex.c.obj
LOAD CMakeFiles/BSP.dir/Drivers/STM32F7xx_HAL_Driver/Src/stm32f7xx_hal_pcd.c.obj
LOAD CMakeFiles/BSP.dir/Drivers/STM32F7xx_HAL_Driver/Src/stm32f7xx_hal_pcd_ex.c.obj
LOAD CMakeFiles/BSP.dir/Drivers/STM32F7xx_HAL_Driver/Src/stm32f7xx_hal_pwr.c.obj
LOAD CMakeFiles/BSP.dir/Drivers/STM32F7xx_HAL_Driver/Src/stm32f7xx_hal_pwr_ex.c.obj
LOAD CMakeFiles/BSP.dir/Drivers/STM32F7xx_HAL_Driver/Src/stm32f7xx_hal_rcc.c.obj
LOAD CMakeFiles/BSP.dir/Drivers/STM32F7xx_HAL_Driver/Src/stm32f7xx_hal_rcc_ex.c.obj
LOAD CMakeFiles/BSP.dir/Drivers/STM32F7xx_HAL_Driver/Src/stm32f7xx_hal_tim.c.obj
LOAD CMakeFiles/BSP.dir/Drivers/STM32F7xx_HAL_Driver/Src/stm32f7xx_hal_tim_ex.c.obj
LOAD CMakeFiles/BSP.dir/Drivers/STM32F7xx_HAL_Driver/Src/stm32f7xx_hal_uart.c.obj
LOAD CMakeFiles/BSP.dir/Drivers/STM32F7xx_HAL_Driver/Src/stm32f7xx_hal_uart_ex.c.obj
LOAD CMakeFiles/BSP.dir/Drivers/STM32F7xx_HAL_Driver/Src/stm32f7xx_ll_usb.c.obj
LOAD CMakeFiles/BSP_EFP_semihosting_and_profiler.dir/C_/Users/volod/AppData/Local/VisualGDB/EmbeddedEFPs/Profiler/FastSemihosting.cpp.obj
LOAD CMakeFiles/BSP_EFP_semihosting_and_profiler.dir/C_/Users/volod/AppData/Local/VisualGDB/EmbeddedEFPs/Profiler/InstrumentingProfiler.cpp.obj
LOAD CMakeFiles/BSP_EFP_semihosting_and_profiler.dir/C_/Users/volod/AppData/Local/VisualGDB/EmbeddedEFPs/Profiler/TestResourceManager.cpp.obj
LOAD CMakeFiles/BSP_EFP_semihosting_and_profiler.dir/C_/Users/volod/AppData/Local/VisualGDB/EmbeddedEFPs/Profiler/SamplingProfiler.cpp.obj
LOAD CMakeFiles/BSP_EFP_semihosting_and_profiler.dir/C_/Users/volod/AppData/Local/VisualGDB/EmbeddedEFPs/Profiler/ProfilerRTOS_FreeRTOS.c.obj
LOAD CMakeFiles/Stm32CubeMXFreeRTOS.dir/C_/Program_Files_(x86)/Sysprogs/VisualGDB/CMake/embedded/dummy.c.obj
LOAD c:/sysgcc/arm-eabi/bin/../lib/gcc/arm-none-eabi/10.3.1/../../../../arm-none-eabi/lib/thumb/v7e-m+dp/hard\libstdc++.a
LOAD c:/sysgcc/arm-eabi/bin/../lib/gcc/arm-none-eabi/10.3.1/../../../../arm-none-eabi/lib/thumb/v7e-m+dp/hard\libm.a
START GROUP
LOAD c:/sysgcc/arm-eabi/bin/../lib/gcc/arm-none-eabi/10.3.1/thumb/v7e-m+dp/hard\libgcc.a
LOAD c:/sysgcc/arm-eabi/bin/../lib/gcc/arm-none-eabi/10.3.1/../../../../arm-none-eabi/lib/thumb/v7e-m+dp/hard\libg.a
LOAD c:/sysgcc/arm-eabi/bin/../lib/gcc/arm-none-eabi/10.3.1/../../../../arm-none-eabi/lib/thumb/v7e-m+dp/hard\libc.a
END GROUP
LOAD c:/sysgcc/arm-eabi/bin/../lib/gcc/arm-none-eabi/10.3.1/thumb/v7e-m+dp/hard/crtend.o
LOAD c:/sysgcc/arm-eabi/bin/../lib/gcc/arm-none-eabi/10.3.1/thumb/v7e-m+dp/hard/crtn.o
                0x20080000                _estack = (ORIGIN (RAM) + LENGTH (RAM))
                0x00000200                _Min_Heap_Size = 0x200
                0x00000400                _Min_Stack_Size = 0x400

.isr_vector     0x08000000      0x1f8
                0x08000000                . = ALIGN (0x4)
 *(.isr_vector)
 .isr_vector    0x08000000      0x1f8 CMakeFiles/BSP.dir/Core/Startup/startup_stm32f767zitx.s.obj
                0x08000000                g_pfnVectors
                0x080001f8                . = ALIGN (0x4)

.text           0x08000200     0xb15c
                0x08000200                . = ALIGN (0x4)
 *(.text)
 .text          0x08000200       0x40 c:/sysgcc/arm-eabi/bin/../lib/gcc/arm-none-eabi/10.3.1/thumb/v7e-m+dp/hard/crtbegin.o
 .text          0x08000240       0x30 c:/sysgcc/arm-eabi/bin/../lib/gcc/arm-none-eabi/10.3.1/thumb/v7e-m+dp/hard\libgcc.a(_aeabi_uldivmod.o)
                0x08000240                __aeabi_uldivmod
 .text          0x08000270      0x2d0 c:/sysgcc/arm-eabi/bin/../lib/gcc/arm-none-eabi/10.3.1/thumb/v7e-m+dp/hard\libgcc.a(_udivmoddi4.o)
                0x08000270                __udivmoddi4
 .text          0x08000540        0x4 c:/sysgcc/arm-eabi/bin/../lib/gcc/arm-none-eabi/10.3.1/thumb/v7e-m+dp/hard\libgcc.a(_dvmd_tls.o)
                0x08000540                __aeabi_idiv0
                0x08000540                __aeabi_ldiv0
 .text          0x08000544      0x134 c:/sysgcc/arm-eabi/bin/../lib/gcc/arm-none-eabi/10.3.1/../../../../arm-none-eabi/lib/thumb/v7e-m+dp/hard\libg.a(lib_a-memcpy.o)
                0x08000544                memcpy
 *fill*         0x08000678        0x8 
 .text          0x08000680       0xdc c:/sysgcc/arm-eabi/bin/../lib/gcc/arm-none-eabi/10.3.1/../../../../arm-none-eabi/lib/thumb/v7e-m+dp/hard\libg.a(lib_a-strlen.o)
                0x08000680                strlen
 *(.text*)
 .text.configureTimerForRunTimeStats
                0x0800075c        0xe CMakeFiles/BSP.dir/Core/Src/freertos.c.obj
                0x0800075c                configureTimerForRunTimeStats
 .text.getRunTimeCounterValue
                0x0800076a       0x10 CMakeFiles/BSP.dir/Core/Src/freertos.c.obj
                0x0800076a                getRunTimeCounterValue
 *fill*         0x0800077a        0x2 
 .text.main     0x0800077c      0x194 CMakeFiles/BSP.dir/Core/Src/main.c.obj
                0x0800077c                main
 .text.SystemClock_Config
                0x08000910       0xe0 CMakeFiles/BSP.dir/Core/Src/main.c.obj
                0x08000910                SystemClock_Config
 .text.MX_ADC1_Init
                0x080009f0       0xa8 CMakeFiles/BSP.dir/Core/Src/main.c.obj
 .text.MX_ADC2_Init
                0x08000a98       0xa4 CMakeFiles/BSP.dir/Core/Src/main.c.obj
 .text.MX_TIM10_Init
                0x08000b3c       0x48 CMakeFiles/BSP.dir/Core/Src/main.c.obj
 .text.MX_TIM13_Init
                0x08000b84       0x9c CMakeFiles/BSP.dir/Core/Src/main.c.obj
 .text.MX_USART3_UART_Init
                0x08000c20       0x60 CMakeFiles/BSP.dir/Core/Src/main.c.obj
 .text.MX_USB_OTG_FS_PCD_Init
                0x08000c80       0x5c CMakeFiles/BSP.dir/Core/Src/main.c.obj
 .text.MX_GPIO_Init
                0x08000cdc      0x154 CMakeFiles/BSP.dir/Core/Src/main.c.obj
 .text.HAL_GPIO_EXTI_Callback
                0x08000e30       0x38 CMakeFiles/BSP.dir/Core/Src/main.c.obj
                0x08000e30                HAL_GPIO_EXTI_Callback
 .text.getTemperature
                0x08000e68       0x28 CMakeFiles/BSP.dir/Core/Src/main.c.obj
 .text.printUsartMessage
                0x08000e90       0x28 CMakeFiles/BSP.dir/Core/Src/main.c.obj
 .text.StartDefaultTask
                0x08000eb8       0x10 CMakeFiles/BSP.dir/Core/Src/main.c.obj
                0x08000eb8                StartDefaultTask
 .text.ledBlinkBlue
                0x08000ec8       0x1c CMakeFiles/BSP.dir/Core/Src/main.c.obj
                0x08000ec8                ledBlinkBlue
 .text.StartBlinkyTask
                0x08000ee4       0x20 CMakeFiles/BSP.dir/Core/Src/main.c.obj
                0x08000ee4                StartBlinkyTask
 .text.adcReadValueTask
                0x08000f04       0x40 CMakeFiles/BSP.dir/Core/Src/main.c.obj
                0x08000f04                adcReadValueTask
 .text.readTempTask
                0x08000f44       0xa8 CMakeFiles/BSP.dir/Core/Src/main.c.obj
                0x08000f44                readTempTask
 .text.pwmLedBrightnessTask
                0x08000fec       0x8c CMakeFiles/BSP.dir/Core/Src/main.c.obj
                0x08000fec                pwmLedBrightnessTask
 .text.usartDebugPrintTask
                0x08001078       0x30 CMakeFiles/BSP.dir/Core/Src/main.c.obj
                0x08001078                usartDebugPrintTask
 .text.checkISRStateTask
                0x080010a8       0xcc CMakeFiles/BSP.dir/Core/Src/main.c.obj
                0x080010a8                checkISRStateTask
 .text.rtosRuntimeStatsTask
                0x08001174       0x10 CMakeFiles/BSP.dir/Core/Src/main.c.obj
                0x08001174                rtosRuntimeStatsTask
 .text.HAL_TIM_PeriodElapsedCallback
                0x08001184       0x24 CMakeFiles/BSP.dir/Core/Src/main.c.obj
                0x08001184                HAL_TIM_PeriodElapsedCallback
 .text.Error_Handler
                0x080011a8        0xa CMakeFiles/BSP.dir/Core/Src/main.c.obj
                0x080011a8                Error_Handler
 *fill*         0x080011b2        0x2 
 .text.HAL_MspInit
                0x080011b4       0x50 CMakeFiles/BSP.dir/Core/Src/stm32f7xx_hal_msp.c.obj
                0x080011b4                HAL_MspInit
 .text.HAL_ADC_MspInit
                0x08001204       0xdc CMakeFiles/BSP.dir/Core/Src/stm32f7xx_hal_msp.c.obj
                0x08001204                HAL_ADC_MspInit
 .text.HAL_TIM_Base_MspInit
                0x080012e0       0x84 CMakeFiles/BSP.dir/Core/Src/stm32f7xx_hal_msp.c.obj
                0x080012e0                HAL_TIM_Base_MspInit
 .text.HAL_TIM_MspPostInit
                0x08001364       0x70 CMakeFiles/BSP.dir/Core/Src/stm32f7xx_hal_msp.c.obj
                0x08001364                HAL_TIM_MspPostInit
 .text.HAL_UART_MspInit
                0x080013d4       0xc0 CMakeFiles/BSP.dir/Core/Src/stm32f7xx_hal_msp.c.obj
                0x080013d4                HAL_UART_MspInit
 .text.HAL_PCD_MspInit
                0x08001494       0xf4 CMakeFiles/BSP.dir/Core/Src/stm32f7xx_hal_msp.c.obj
                0x08001494                HAL_PCD_MspInit
 .text.HAL_InitTick
                0x08001588       0xe4 CMakeFiles/BSP.dir/Core/Src/stm32f7xx_hal_timebase_tim.c.obj
                0x08001588                HAL_InitTick
 .text.NMI_Handler
                0x0800166c        0x6 CMakeFiles/BSP.dir/Core/Src/stm32f7xx_it.c.obj
                0x0800166c                NMI_Handler
 .text.HardFault_Handler
                0x08001672        0x6 CMakeFiles/BSP.dir/Core/Src/stm32f7xx_it.c.obj
                0x08001672                HardFault_Handler
 .text.MemManage_Handler
                0x08001678        0x6 CMakeFiles/BSP.dir/Core/Src/stm32f7xx_it.c.obj
                0x08001678                MemManage_Handler
 .text.BusFault_Handler
                0x0800167e        0x6 CMakeFiles/BSP.dir/Core/Src/stm32f7xx_it.c.obj
                0x0800167e                BusFault_Handler
 .text.UsageFault_Handler
                0x08001684        0x6 CMakeFiles/BSP.dir/Core/Src/stm32f7xx_it.c.obj
                0x08001684                UsageFault_Handler
 .text.DebugMon_Handler
                0x0800168a        0xe CMakeFiles/BSP.dir/Core/Src/stm32f7xx_it.c.obj
                0x0800168a                DebugMon_Handler
 .text.TIM1_UP_TIM10_IRQHandler
                0x08001698       0x14 CMakeFiles/BSP.dir/Core/Src/stm32f7xx_it.c.obj
                0x08001698                TIM1_UP_TIM10_IRQHandler
 .text.EXTI15_10_IRQHandler
                0x080016ac       0x10 CMakeFiles/BSP.dir/Core/Src/stm32f7xx_it.c.obj
                0x080016ac                EXTI15_10_IRQHandler
 .text.TIM8_UP_TIM13_IRQHandler
                0x080016bc       0x1c CMakeFiles/BSP.dir/Core/Src/stm32f7xx_it.c.obj
                0x080016bc                TIM8_UP_TIM13_IRQHandler
 .text._sbrk    0x080016d8       0x6c CMakeFiles/BSP.dir/Core/Src/sysmem.c.obj
                0x080016d8                _sbrk
 .text.SystemInit
                0x08001744       0x24 CMakeFiles/BSP.dir/Core/Src/system_stm32f7xx.c.obj
                0x08001744                SystemInit
 .text.Reset_Handler
                0x08001768       0x50 CMakeFiles/BSP.dir/Core/Startup/startup_stm32f767zitx.s.obj
                0x08001768                Reset_Handler
 .text.Default_Handler
                0x080017b8        0x2 CMakeFiles/BSP.dir/Core/Startup/startup_stm32f767zitx.s.obj
                0x080017b8                RTC_Alarm_IRQHandler
                0x080017b8                EXTI2_IRQHandler
                0x080017b8                TIM8_CC_IRQHandler
                0x080017b8                UART8_IRQHandler
                0x080017b8                SPI4_IRQHandler
                0x080017b8                TIM1_CC_IRQHandler
                0x080017b8                DMA2_Stream5_IRQHandler
                0x080017b8                JPEG_IRQHandler
                0x080017b8                DMA1_Stream5_IRQHandler
                0x080017b8                CAN3_RX1_IRQHandler
                0x080017b8                PVD_IRQHandler
                0x080017b8                TAMP_STAMP_IRQHandler
                0x080017b8                CAN2_RX1_IRQHandler
                0x080017b8                EXTI3_IRQHandler
                0x080017b8                TIM8_TRG_COM_TIM14_IRQHandler
                0x080017b8                DFSDM1_FLT1_IRQHandler
                0x080017b8                I2C3_ER_IRQHandler
                0x080017b8                DFSDM1_FLT2_IRQHandler
                0x080017b8                EXTI0_IRQHandler
                0x080017b8                I2C2_EV_IRQHandler
                0x080017b8                DMA1_Stream2_IRQHandler
                0x080017b8                CAN1_RX0_IRQHandler
                0x080017b8                FPU_IRQHandler
                0x080017b8                OTG_HS_WKUP_IRQHandler
                0x080017b8                CAN3_SCE_IRQHandler
                0x080017b8                LTDC_ER_IRQHandler
                0x080017b8                CAN2_SCE_IRQHandler
                0x080017b8                DMA2_Stream2_IRQHandler
                0x080017b8                SPI1_IRQHandler
                0x080017b8                TIM6_DAC_IRQHandler
                0x080017b8                TIM1_BRK_TIM9_IRQHandler
                0x080017b8                DCMI_IRQHandler
                0x080017b8                CAN2_RX0_IRQHandler
                0x080017b8                DMA2_Stream3_IRQHandler
                0x080017b8                SAI2_IRQHandler
                0x080017b8                DFSDM1_FLT3_IRQHandler
                0x080017b8                USART6_IRQHandler
                0x080017b8                CAN3_RX0_IRQHandler
                0x080017b8                USART3_IRQHandler
                0x080017b8                CAN1_RX1_IRQHandler
                0x080017b8                UART5_IRQHandler
                0x080017b8                DMA2_Stream0_IRQHandler
                0x080017b8                TIM4_IRQHandler
                0x080017b8                QUADSPI_IRQHandler
                0x080017b8                I2C1_EV_IRQHandler
                0x080017b8                DMA1_Stream6_IRQHandler
                0x080017b8                DMA1_Stream1_IRQHandler
                0x080017b8                UART4_IRQHandler
                0x080017b8                TIM3_IRQHandler
                0x080017b8                RCC_IRQHandler
                0x080017b8                TIM8_BRK_TIM12_IRQHandler
                0x080017b8                Default_Handler
                0x080017b8                CEC_IRQHandler
                0x080017b8                ADC_IRQHandler
                0x080017b8                DMA1_Stream7_IRQHandler
                0x080017b8                SPI5_IRQHandler
                0x080017b8                TIM7_IRQHandler
                0x080017b8                SDMMC1_IRQHandler
                0x080017b8                CAN2_TX_IRQHandler
                0x080017b8                TIM5_IRQHandler
                0x080017b8                DMA2_Stream7_IRQHandler
                0x080017b8                I2C3_EV_IRQHandler
                0x080017b8                EXTI9_5_IRQHandler
                0x080017b8                RTC_WKUP_IRQHandler
                0x080017b8                LTDC_IRQHandler
                0x080017b8                ETH_WKUP_IRQHandler
                0x080017b8                SPDIF_RX_IRQHandler
                0x080017b8                SPI2_IRQHandler
                0x080017b8                OTG_HS_EP1_IN_IRQHandler
                0x080017b8                DMA1_Stream0_IRQHandler
                0x080017b8                CAN1_TX_IRQHandler
                0x080017b8                EXTI4_IRQHandler
                0x080017b8                RNG_IRQHandler
                0x080017b8                ETH_IRQHandler
                0x080017b8                OTG_HS_EP1_OUT_IRQHandler
                0x080017b8                WWDG_IRQHandler
                0x080017b8                SPI6_IRQHandler
                0x080017b8                MDIOS_IRQHandler
                0x080017b8                I2C4_EV_IRQHandler
                0x080017b8                CAN3_TX_IRQHandler
                0x080017b8                TIM2_IRQHandler
                0x080017b8                OTG_FS_WKUP_IRQHandler
                0x080017b8                TIM1_TRG_COM_TIM11_IRQHandler
                0x080017b8                OTG_HS_IRQHandler
                0x080017b8                DMA2D_IRQHandler
                0x080017b8                EXTI1_IRQHandler
                0x080017b8                SDMMC2_IRQHandler
                0x080017b8                UART7_IRQHandler
                0x080017b8                USART2_IRQHandler
                0x080017b8                DFSDM1_FLT0_IRQHandler
                0x080017b8                I2C2_ER_IRQHandler
                0x080017b8                DMA2_Stream1_IRQHandler
                0x080017b8                CAN1_SCE_IRQHandler
                0x080017b8                FLASH_IRQHandler
                0x080017b8                DMA2_Stream4_IRQHandler
                0x080017b8                USART1_IRQHandler
                0x080017b8                OTG_FS_IRQHandler
                0x080017b8                SPI3_IRQHandler
                0x080017b8                DMA1_Stream4_IRQHandler
                0x080017b8                I2C1_ER_IRQHandler
                0x080017b8                FMC_IRQHandler
                0x080017b8                LPTIM1_IRQHandler
                0x080017b8                I2C4_ER_IRQHandler
                0x080017b8                DMA2_Stream6_IRQHandler
                0x080017b8                SAI1_IRQHandler
                0x080017b8                DMA1_Stream3_IRQHandler
 .text.xEventGroupCreateStatic
                0x080017ba       0x76 CMakeFiles/BSP.dir/Middlewares/Third_Party/FreeRTOS/Source/event_groups.c.obj
                0x080017ba                xEventGroupCreateStatic
 .text.xEventGroupCreate
                0x08001830       0x34 CMakeFiles/BSP.dir/Middlewares/Third_Party/FreeRTOS/Source/event_groups.c.obj
                0x08001830                xEventGroupCreate
 .text.xEventGroupWaitBits
                0x08001864      0x1ac CMakeFiles/BSP.dir/Middlewares/Third_Party/FreeRTOS/Source/event_groups.c.obj
                0x08001864                xEventGroupWaitBits
 .text.xEventGroupSetBits
                0x08001a10      0x11e CMakeFiles/BSP.dir/Middlewares/Third_Party/FreeRTOS/Source/event_groups.c.obj
                0x08001a10                xEventGroupSetBits
 .text.vEventGroupSetBitsCallback
                0x08001b2e       0x1a CMakeFiles/BSP.dir/Middlewares/Third_Party/FreeRTOS/Source/event_groups.c.obj
                0x08001b2e                vEventGroupSetBitsCallback
 .text.prvTestWaitCondition
                0x08001b48       0x44 CMakeFiles/BSP.dir/Middlewares/Third_Party/FreeRTOS/Source/event_groups.c.obj
 .text.xEventGroupSetBitsFromISR
                0x08001b8c       0x28 CMakeFiles/BSP.dir/Middlewares/Third_Party/FreeRTOS/Source/event_groups.c.obj
                0x08001b8c                xEventGroupSetBitsFromISR
 .text.vListInitialise
                0x08001bb4       0x40 CMakeFiles/BSP.dir/Middlewares/Third_Party/FreeRTOS/Source/list.c.obj
                0x08001bb4                vListInitialise
 .text.vListInitialiseItem
                0x08001bf4       0x1a CMakeFiles/BSP.dir/Middlewares/Third_Party/FreeRTOS/Source/list.c.obj
                0x08001bf4                vListInitialiseItem
 .text.vListInsertEnd
                0x08001c0e       0x48 CMakeFiles/BSP.dir/Middlewares/Third_Party/FreeRTOS/Source/list.c.obj
                0x08001c0e                vListInsertEnd
 .text.vListInsert
                0x08001c56       0x72 CMakeFiles/BSP.dir/Middlewares/Third_Party/FreeRTOS/Source/list.c.obj
                0x08001c56                vListInsert
 .text.uxListRemove
                0x08001cc8       0x54 CMakeFiles/BSP.dir/Middlewares/Third_Party/FreeRTOS/Source/list.c.obj
                0x08001cc8                uxListRemove
 .text.xQueueGenericReset
                0x08001d1c       0xd4 CMakeFiles/BSP.dir/Middlewares/Third_Party/FreeRTOS/Source/queue.c.obj
                0x08001d1c                xQueueGenericReset
 .text.xQueueGenericCreateStatic
                0x08001df0      0x104 CMakeFiles/BSP.dir/Middlewares/Third_Party/FreeRTOS/Source/queue.c.obj
                0x08001df0                xQueueGenericCreateStatic
 .text.xQueueGenericCreate
                0x08001ef4       0x84 CMakeFiles/BSP.dir/Middlewares/Third_Party/FreeRTOS/Source/queue.c.obj
                0x08001ef4                xQueueGenericCreate
 .text.prvInitialiseNewQueue
                0x08001f78       0x46 CMakeFiles/BSP.dir/Middlewares/Third_Party/FreeRTOS/Source/queue.c.obj
 *fill*         0x08001fbe        0x2 
 .text.xQueueGenericSend
                0x08001fc0      0x214 CMakeFiles/BSP.dir/Middlewares/Third_Party/FreeRTOS/Source/queue.c.obj
                0x08001fc0                xQueueGenericSend
 .text.xQueueGenericSendFromISR
                0x080021d4      0x146 CMakeFiles/BSP.dir/Middlewares/Third_Party/FreeRTOS/Source/queue.c.obj
                0x080021d4                xQueueGenericSendFromISR
 *fill*         0x0800231a        0x2 
 .text.xQueueReceive
                0x0800231c      0x1d0 CMakeFiles/BSP.dir/Middlewares/Third_Party/FreeRTOS/Source/queue.c.obj
                0x0800231c                xQueueReceive
 .text.xQueueReceiveFromISR
                0x080024ec      0x112 CMakeFiles/BSP.dir/Middlewares/Third_Party/FreeRTOS/Source/queue.c.obj
                0x080024ec                xQueueReceiveFromISR
 .text.prvCopyDataToQueue
                0x080025fe       0xd4 CMakeFiles/BSP.dir/Middlewares/Third_Party/FreeRTOS/Source/queue.c.obj
 .text.prvCopyDataFromQueue
                0x080026d2       0x4c CMakeFiles/BSP.dir/Middlewares/Third_Party/FreeRTOS/Source/queue.c.obj
 .text.prvUnlockQueue
                0x0800271e       0xa4 CMakeFiles/BSP.dir/Middlewares/Third_Party/FreeRTOS/Source/queue.c.obj
 .text.prvIsQueueEmpty
                0x080027c2       0x2c CMakeFiles/BSP.dir/Middlewares/Third_Party/FreeRTOS/Source/queue.c.obj
 .text.prvIsQueueFull
                0x080027ee       0x30 CMakeFiles/BSP.dir/Middlewares/Third_Party/FreeRTOS/Source/queue.c.obj
 *fill*         0x0800281e        0x2 
 .text.vQueueAddToRegistry
                0x08002820       0x54 CMakeFiles/BSP.dir/Middlewares/Third_Party/FreeRTOS/Source/queue.c.obj
                0x08002820                vQueueAddToRegistry
 .text.vQueueWaitForMessageRestricted
                0x08002874       0x68 CMakeFiles/BSP.dir/Middlewares/Third_Party/FreeRTOS/Source/queue.c.obj
                0x08002874                vQueueWaitForMessageRestricted
 .text.xTaskCreateStatic
                0x080028dc       0xca CMakeFiles/BSP.dir/Middlewares/Third_Party/FreeRTOS/Source/tasks.c.obj
                0x080028dc                xTaskCreateStatic
 .text.xTaskCreate
                0x080029a6       0x8c CMakeFiles/BSP.dir/Middlewares/Third_Party/FreeRTOS/Source/tasks.c.obj
                0x080029a6                xTaskCreate
 .text.prvInitialiseNewTask
                0x08002a32      0x1a8 CMakeFiles/BSP.dir/Middlewares/Third_Party/FreeRTOS/Source/tasks.c.obj
 *fill*         0x08002bda        0x2 
 .text.prvAddNewTaskToReadyList
                0x08002bdc       0xe0 CMakeFiles/BSP.dir/Middlewares/Third_Party/FreeRTOS/Source/tasks.c.obj
 .text.vTaskDelete
                0x08002cbc       0xe8 CMakeFiles/BSP.dir/Middlewares/Third_Party/FreeRTOS/Source/tasks.c.obj
                0x08002cbc                vTaskDelete
 .text.vTaskDelay
                0x08002da4       0x6c CMakeFiles/BSP.dir/Middlewares/Third_Party/FreeRTOS/Source/tasks.c.obj
                0x08002da4                vTaskDelay
 .text.vTaskStartScheduler
                0x08002e10       0xec CMakeFiles/BSP.dir/Middlewares/Third_Party/FreeRTOS/Source/tasks.c.obj
                0x08002e10                vTaskStartScheduler
 .text.vTaskSuspendAll
                0x08002efc       0x1c CMakeFiles/BSP.dir/Middlewares/Third_Party/FreeRTOS/Source/tasks.c.obj
                0x08002efc                vTaskSuspendAll
 .text.xTaskResumeAll
                0x08002f18      0x140 CMakeFiles/BSP.dir/Middlewares/Third_Party/FreeRTOS/Source/tasks.c.obj
                0x08002f18                xTaskResumeAll
 .text.xTaskGetTickCount
                0x08003058       0x20 CMakeFiles/BSP.dir/Middlewares/Third_Party/FreeRTOS/Source/tasks.c.obj
                0x08003058                xTaskGetTickCount
 .text.xTaskIncrementTick
                0x08003078      0x178 CMakeFiles/BSP.dir/Middlewares/Third_Party/FreeRTOS/Source/tasks.c.obj
                0x08003078                xTaskIncrementTick
 .text.vTaskSwitchContext
                0x080031f0      0x104 CMakeFiles/BSP.dir/Middlewares/Third_Party/FreeRTOS/Source/tasks.c.obj
                0x080031f0                vTaskSwitchContext
 .text.vTaskPlaceOnEventList
                0x080032f4       0x4c CMakeFiles/BSP.dir/Middlewares/Third_Party/FreeRTOS/Source/tasks.c.obj
                0x080032f4                vTaskPlaceOnEventList
 .text.vTaskPlaceOnUnorderedEventList
                0x08003340       0x80 CMakeFiles/BSP.dir/Middlewares/Third_Party/FreeRTOS/Source/tasks.c.obj
                0x08003340                vTaskPlaceOnUnorderedEventList
 .text.vTaskPlaceOnEventListRestricted
                0x080033c0       0x5c CMakeFiles/BSP.dir/Middlewares/Third_Party/FreeRTOS/Source/tasks.c.obj
                0x080033c0                vTaskPlaceOnEventListRestricted
 .text.xTaskRemoveFromEventList
                0x0800341c       0xcc CMakeFiles/BSP.dir/Middlewares/Third_Party/FreeRTOS/Source/tasks.c.obj
                0x0800341c                xTaskRemoveFromEventList
 .text.vTaskRemoveFromUnorderedEventList
                0x080034e8       0xcc CMakeFiles/BSP.dir/Middlewares/Third_Party/FreeRTOS/Source/tasks.c.obj
                0x080034e8                vTaskRemoveFromUnorderedEventList
 .text.vTaskInternalSetTimeOutState
                0x080035b4       0x2c CMakeFiles/BSP.dir/Middlewares/Third_Party/FreeRTOS/Source/tasks.c.obj
                0x080035b4                vTaskInternalSetTimeOutState
 .text.xTaskCheckForTimeOut
                0x080035e0       0xcc CMakeFiles/BSP.dir/Middlewares/Third_Party/FreeRTOS/Source/tasks.c.obj
                0x080035e0                xTaskCheckForTimeOut
 .text.vTaskMissedYield
                0x080036ac       0x18 CMakeFiles/BSP.dir/Middlewares/Third_Party/FreeRTOS/Source/tasks.c.obj
                0x080036ac                vTaskMissedYield
 .text.prvIdleTask
                0x080036c4       0x30 CMakeFiles/BSP.dir/Middlewares/Third_Party/FreeRTOS/Source/tasks.c.obj
 .text.prvInitialiseTaskLists
                0x080036f4       0x80 CMakeFiles/BSP.dir/Middlewares/Third_Party/FreeRTOS/Source/tasks.c.obj
 .text.prvCheckTasksWaitingTermination
                0x08003774       0x5c CMakeFiles/BSP.dir/Middlewares/Third_Party/FreeRTOS/Source/tasks.c.obj
 .text.prvDeleteTCB
                0x080037d0       0x6c CMakeFiles/BSP.dir/Middlewares/Third_Party/FreeRTOS/Source/tasks.c.obj
 .text.prvResetNextTaskUnblockTime
                0x0800383c       0x40 CMakeFiles/BSP.dir/Middlewares/Third_Party/FreeRTOS/Source/tasks.c.obj
 .text.xTaskGetSchedulerState
                0x0800387c       0x3c CMakeFiles/BSP.dir/Middlewares/Third_Party/FreeRTOS/Source/tasks.c.obj
                0x0800387c                xTaskGetSchedulerState
 .text.xTaskPriorityDisinherit
                0x080038b8       0xe4 CMakeFiles/BSP.dir/Middlewares/Third_Party/FreeRTOS/Source/tasks.c.obj
                0x080038b8                xTaskPriorityDisinherit
 .text.uxTaskResetEventItemValue
                0x0800399c       0x30 CMakeFiles/BSP.dir/Middlewares/Third_Party/FreeRTOS/Source/tasks.c.obj
                0x0800399c                uxTaskResetEventItemValue
 .text.prvAddCurrentTaskToDelayedList
                0x080039cc       0xa8 CMakeFiles/BSP.dir/Middlewares/Third_Party/FreeRTOS/Source/tasks.c.obj
 .text.xTimerCreateTimerTask
                0x08003a74       0x94 CMakeFiles/BSP.dir/Middlewares/Third_Party/FreeRTOS/Source/timers.c.obj
                0x08003a74                xTimerCreateTimerTask
 .text.xTimerGenericCommand
                0x08003b08       0xa0 CMakeFiles/BSP.dir/Middlewares/Third_Party/FreeRTOS/Source/timers.c.obj
                0x08003b08                xTimerGenericCommand
 .text.prvProcessExpiredTimer
                0x08003ba8       0x9c CMakeFiles/BSP.dir/Middlewares/Third_Party/FreeRTOS/Source/timers.c.obj
 .text.prvTimerTask
                0x08003c44       0x24 CMakeFiles/BSP.dir/Middlewares/Third_Party/FreeRTOS/Source/timers.c.obj
 .text.prvProcessTimerOrBlockTask
                0x08003c68       0x9c CMakeFiles/BSP.dir/Middlewares/Third_Party/FreeRTOS/Source/timers.c.obj
 .text.prvGetNextExpireTime
                0x08003d04       0x48 CMakeFiles/BSP.dir/Middlewares/Third_Party/FreeRTOS/Source/timers.c.obj
 .text.prvSampleTimeNow
                0x08003d4c       0x40 CMakeFiles/BSP.dir/Middlewares/Third_Party/FreeRTOS/Source/timers.c.obj
 .text.prvInsertTimerInActiveList
                0x08003d8c       0x84 CMakeFiles/BSP.dir/Middlewares/Third_Party/FreeRTOS/Source/timers.c.obj
 .text.prvProcessReceivedCommands
                0x08003e10      0x1d0 CMakeFiles/BSP.dir/Middlewares/Third_Party/FreeRTOS/Source/timers.c.obj
 .text.prvSwitchTimerLists
                0x08003fe0       0xcc CMakeFiles/BSP.dir/Middlewares/Third_Party/FreeRTOS/Source/timers.c.obj
 .text.prvCheckForValidListAndQueue
                0x080040ac       0x80 CMakeFiles/BSP.dir/Middlewares/Third_Party/FreeRTOS/Source/timers.c.obj
 .text.xTimerPendFunctionCallFromISR
                0x0800412c       0x40 CMakeFiles/BSP.dir/Middlewares/Third_Party/FreeRTOS/Source/timers.c.obj
                0x0800412c                xTimerPendFunctionCallFromISR
 .text.SVC_Setup
                0x0800416c        0xe CMakeFiles/BSP.dir/Middlewares/Third_Party/FreeRTOS/Source/CMSIS_RTOS_V2/cmsis_os2.c.obj
 *fill*         0x0800417a        0x2 
 .text.osKernelInitialize
                0x0800417c       0x68 CMakeFiles/BSP.dir/Middlewares/Third_Party/FreeRTOS/Source/CMSIS_RTOS_V2/cmsis_os2.c.obj
                0x0800417c                osKernelInitialize
 .text.osKernelStart
                0x080041e4       0x6c CMakeFiles/BSP.dir/Middlewares/Third_Party/FreeRTOS/Source/CMSIS_RTOS_V2/cmsis_os2.c.obj
                0x080041e4                osKernelStart
 .text.osThreadNew
                0x08004250      0x14c CMakeFiles/BSP.dir/Middlewares/Third_Party/FreeRTOS/Source/CMSIS_RTOS_V2/cmsis_os2.c.obj
                0x08004250                osThreadNew
 .text.osDelay  0x0800439c       0x5c CMakeFiles/BSP.dir/Middlewares/Third_Party/FreeRTOS/Source/CMSIS_RTOS_V2/cmsis_os2.c.obj
                0x0800439c                osDelay
 .text.osEventFlagsNew
                0x080043f8       0xa4 CMakeFiles/BSP.dir/Middlewares/Third_Party/FreeRTOS/Source/CMSIS_RTOS_V2/cmsis_os2.c.obj
                0x080043f8                osEventFlagsNew
 .text.osEventFlagsSet
                0x0800449c       0xb0 CMakeFiles/BSP.dir/Middlewares/Third_Party/FreeRTOS/Source/CMSIS_RTOS_V2/cmsis_os2.c.obj
                0x0800449c                osEventFlagsSet
 .text.osEventFlagsWait
                0x0800454c       0xec CMakeFiles/BSP.dir/Middlewares/Third_Party/FreeRTOS/Source/CMSIS_RTOS_V2/cmsis_os2.c.obj
                0x0800454c                osEventFlagsWait
 .text.osMessageQueueNew
                0x08004638      0x10c CMakeFiles/BSP.dir/Middlewares/Third_Party/FreeRTOS/Source/CMSIS_RTOS_V2/cmsis_os2.c.obj
                0x08004638                osMessageQueueNew
 .text.osMessageQueuePut
                0x08004744       0xe8 CMakeFiles/BSP.dir/Middlewares/Third_Party/FreeRTOS/Source/CMSIS_RTOS_V2/cmsis_os2.c.obj
                0x08004744                osMessageQueuePut
 .text.osMessageQueueGet
                0x0800482c       0xe4 CMakeFiles/BSP.dir/Middlewares/Third_Party/FreeRTOS/Source/CMSIS_RTOS_V2/cmsis_os2.c.obj
                0x0800482c                osMessageQueueGet
 .text.vApplicationGetIdleTaskMemory
                0x08004910       0x34 CMakeFiles/BSP.dir/Middlewares/Third_Party/FreeRTOS/Source/CMSIS_RTOS_V2/cmsis_os2.c.obj
                0x08004910                vApplicationGetIdleTaskMemory
 .text.vApplicationGetTimerTaskMemory
                0x08004944       0x34 CMakeFiles/BSP.dir/Middlewares/Third_Party/FreeRTOS/Source/CMSIS_RTOS_V2/cmsis_os2.c.obj
                0x08004944                vApplicationGetTimerTaskMemory
 .text.pxPortInitialiseStack
                0x08004978       0x68 CMakeFiles/BSP.dir/Middlewares/Third_Party/FreeRTOS/Source/portable/GCC/ARM_CM7/r0p1/port.c.obj
                0x08004978                pxPortInitialiseStack
 .text.prvTaskExitError
                0x080049e0       0x60 CMakeFiles/BSP.dir/Middlewares/Third_Party/FreeRTOS/Source/portable/GCC/ARM_CM7/r0p1/port.c.obj
 .text.SVC_Handler
                0x08004a40       0x28 CMakeFiles/BSP.dir/Middlewares/Third_Party/FreeRTOS/Source/portable/GCC/ARM_CM7/r0p1/port.c.obj
                0x08004a40                SVC_Handler
 .text.prvPortStartFirstTask
                0x08004a68       0x28 CMakeFiles/BSP.dir/Middlewares/Third_Party/FreeRTOS/Source/portable/GCC/ARM_CM7/r0p1/port.c.obj
 .text.xPortStartScheduler
                0x08004a90       0xfc CMakeFiles/BSP.dir/Middlewares/Third_Party/FreeRTOS/Source/portable/GCC/ARM_CM7/r0p1/port.c.obj
                0x08004a90                xPortStartScheduler
 .text.vPortEnterCritical
                0x08004b8c       0x68 CMakeFiles/BSP.dir/Middlewares/Third_Party/FreeRTOS/Source/portable/GCC/ARM_CM7/r0p1/port.c.obj
                0x08004b8c                vPortEnterCritical
 .text.vPortExitCritical
                0x08004bf4       0x58 CMakeFiles/BSP.dir/Middlewares/Third_Party/FreeRTOS/Source/portable/GCC/ARM_CM7/r0p1/port.c.obj
                0x08004bf4                vPortExitCritical
 *fill*         0x08004c4c        0x4 
 .text.PendSV_Handler
                0x08004c50       0x68 CMakeFiles/BSP.dir/Middlewares/Third_Party/FreeRTOS/Source/portable/GCC/ARM_CM7/r0p1/port.c.obj
                0x08004c50                PendSV_Handler
 .text.SysTick_Handler
                0x08004cb8       0x48 CMakeFiles/BSP.dir/Middlewares/Third_Party/FreeRTOS/Source/portable/GCC/ARM_CM7/r0p1/port.c.obj
                0x08004cb8                SysTick_Handler
 .text.vPortSetupTimerInterrupt
                0x08004d00       0x48 CMakeFiles/BSP.dir/Middlewares/Third_Party/FreeRTOS/Source/portable/GCC/ARM_CM7/r0p1/port.c.obj
                0x08004d00                vPortSetupTimerInterrupt
 .text.vPortEnableVFP
                0x08004d48       0x14 CMakeFiles/BSP.dir/Middlewares/Third_Party/FreeRTOS/Source/portable/GCC/ARM_CM7/r0p1/port.c.obj
 .text.vPortValidateInterruptPriority
                0x08004d5c       0x88 CMakeFiles/BSP.dir/Middlewares/Third_Party/FreeRTOS/Source/portable/GCC/ARM_CM7/r0p1/port.c.obj
                0x08004d5c                vPortValidateInterruptPriority
 .text.pvPortMalloc
                0x08004de4      0x194 CMakeFiles/BSP.dir/Middlewares/Third_Party/FreeRTOS/Source/portable/MemMang/heap_4.c.obj
                0x08004de4                pvPortMalloc
 .text.vPortFree
                0x08004f78       0xbc CMakeFiles/BSP.dir/Middlewares/Third_Party/FreeRTOS/Source/portable/MemMang/heap_4.c.obj
                0x08004f78                vPortFree
 .text.prvHeapInit
                0x08005034       0xc4 CMakeFiles/BSP.dir/Middlewares/Third_Party/FreeRTOS/Source/portable/MemMang/heap_4.c.obj
 .text.prvInsertBlockIntoFreeList
                0x080050f8       0xb4 CMakeFiles/BSP.dir/Middlewares/Third_Party/FreeRTOS/Source/portable/MemMang/heap_4.c.obj
 .text.HAL_Init
                0x080051ac       0x1a CMakeFiles/BSP.dir/Drivers/STM32F7xx_HAL_Driver/Src/stm32f7xx_hal.c.obj
                0x080051ac                HAL_Init
 *fill*         0x080051c6        0x2 
 .text.HAL_IncTick
                0x080051c8       0x28 CMakeFiles/BSP.dir/Drivers/STM32F7xx_HAL_Driver/Src/stm32f7xx_hal.c.obj
                0x080051c8                HAL_IncTick
 .text.HAL_GetTick
                0x080051f0       0x18 CMakeFiles/BSP.dir/Drivers/STM32F7xx_HAL_Driver/Src/stm32f7xx_hal.c.obj
                0x080051f0                HAL_GetTick
 .text.HAL_Delay
                0x08005208       0x48 CMakeFiles/BSP.dir/Drivers/STM32F7xx_HAL_Driver/Src/stm32f7xx_hal.c.obj
                0x08005208                HAL_Delay
 .text.HAL_ADC_Init
                0x08005250       0x88 CMakeFiles/BSP.dir/Drivers/STM32F7xx_HAL_Driver/Src/stm32f7xx_hal_adc.c.obj
                0x08005250                HAL_ADC_Init
 .text.HAL_ADC_Start
                0x080052d8      0x19c CMakeFiles/BSP.dir/Drivers/STM32F7xx_HAL_Driver/Src/stm32f7xx_hal_adc.c.obj
                0x080052d8                HAL_ADC_Start
 .text.HAL_ADC_GetValue
                0x08005474       0x1a CMakeFiles/BSP.dir/Drivers/STM32F7xx_HAL_Driver/Src/stm32f7xx_hal_adc.c.obj
                0x08005474                HAL_ADC_GetValue
 *fill*         0x0800548e        0x2 
 .text.HAL_ADC_ConfigChannel
                0x08005490      0x2ac CMakeFiles/BSP.dir/Drivers/STM32F7xx_HAL_Driver/Src/stm32f7xx_hal_adc.c.obj
                0x08005490                HAL_ADC_ConfigChannel
 .text.ADC_Init
                0x0800573c      0x1f4 CMakeFiles/BSP.dir/Drivers/STM32F7xx_HAL_Driver/Src/stm32f7xx_hal_adc.c.obj
 .text.__NVIC_SetPriorityGrouping
                0x08005930       0x48 CMakeFiles/BSP.dir/Drivers/STM32F7xx_HAL_Driver/Src/stm32f7xx_hal_cortex.c.obj
 .text.__NVIC_GetPriorityGrouping
                0x08005978       0x1c CMakeFiles/BSP.dir/Drivers/STM32F7xx_HAL_Driver/Src/stm32f7xx_hal_cortex.c.obj
 .text.__NVIC_EnableIRQ
                0x08005994       0x3c CMakeFiles/BSP.dir/Drivers/STM32F7xx_HAL_Driver/Src/stm32f7xx_hal_cortex.c.obj
 .text.__NVIC_SetPriority
                0x080059d0       0x54 CMakeFiles/BSP.dir/Drivers/STM32F7xx_HAL_Driver/Src/stm32f7xx_hal_cortex.c.obj
 .text.NVIC_EncodePriority
                0x08005a24       0x66 CMakeFiles/BSP.dir/Drivers/STM32F7xx_HAL_Driver/Src/stm32f7xx_hal_cortex.c.obj
 .text.HAL_NVIC_SetPriorityGrouping
                0x08005a8a       0x16 CMakeFiles/BSP.dir/Drivers/STM32F7xx_HAL_Driver/Src/stm32f7xx_hal_cortex.c.obj
                0x08005a8a                HAL_NVIC_SetPriorityGrouping
 .text.HAL_NVIC_SetPriority
                0x08005aa0       0x38 CMakeFiles/BSP.dir/Drivers/STM32F7xx_HAL_Driver/Src/stm32f7xx_hal_cortex.c.obj
                0x08005aa0                HAL_NVIC_SetPriority
 .text.HAL_NVIC_EnableIRQ
                0x08005ad8       0x1c CMakeFiles/BSP.dir/Drivers/STM32F7xx_HAL_Driver/Src/stm32f7xx_hal_cortex.c.obj
                0x08005ad8                HAL_NVIC_EnableIRQ
 .text.HAL_GPIO_Init
                0x08005af4      0x358 CMakeFiles/BSP.dir/Drivers/STM32F7xx_HAL_Driver/Src/stm32f7xx_hal_gpio.c.obj
                0x08005af4                HAL_GPIO_Init
 .text.HAL_GPIO_ReadPin
                0x08005e4c       0x30 CMakeFiles/BSP.dir/Drivers/STM32F7xx_HAL_Driver/Src/stm32f7xx_hal_gpio.c.obj
                0x08005e4c                HAL_GPIO_ReadPin
 .text.HAL_GPIO_WritePin
                0x08005e7c       0x32 CMakeFiles/BSP.dir/Drivers/STM32F7xx_HAL_Driver/Src/stm32f7xx_hal_gpio.c.obj
                0x08005e7c                HAL_GPIO_WritePin
 .text.HAL_GPIO_TogglePin
                0x08005eae       0x34 CMakeFiles/BSP.dir/Drivers/STM32F7xx_HAL_Driver/Src/stm32f7xx_hal_gpio.c.obj
                0x08005eae                HAL_GPIO_TogglePin
 *fill*         0x08005ee2        0x2 
 .text.HAL_GPIO_EXTI_IRQHandler
                0x08005ee4       0x30 CMakeFiles/BSP.dir/Drivers/STM32F7xx_HAL_Driver/Src/stm32f7xx_hal_gpio.c.obj
                0x08005ee4                HAL_GPIO_EXTI_IRQHandler
 .text.HAL_PCD_Init
                0x08005f14      0x248 CMakeFiles/BSP.dir/Drivers/STM32F7xx_HAL_Driver/Src/stm32f7xx_hal_pcd.c.obj
                0x08005f14                HAL_PCD_Init
 .text.HAL_PCDEx_ActivateLPM
                0x0800615c       0x48 CMakeFiles/BSP.dir/Drivers/STM32F7xx_HAL_Driver/Src/stm32f7xx_hal_pcd_ex.c.obj
                0x0800615c                HAL_PCDEx_ActivateLPM
 .text.HAL_PWR_EnableBkUpAccess
                0x080061a4       0x20 CMakeFiles/BSP.dir/Drivers/STM32F7xx_HAL_Driver/Src/stm32f7xx_hal_pwr.c.obj
                0x080061a4                HAL_PWR_EnableBkUpAccess
 .text.HAL_RCC_OscConfig
                0x080061c4      0x55c CMakeFiles/BSP.dir/Drivers/STM32F7xx_HAL_Driver/Src/stm32f7xx_hal_rcc.c.obj
                0x080061c4                HAL_RCC_OscConfig
 .text.HAL_RCC_ClockConfig
                0x08006720      0x1d8 CMakeFiles/BSP.dir/Drivers/STM32F7xx_HAL_Driver/Src/stm32f7xx_hal_rcc.c.obj
                0x08006720                HAL_RCC_ClockConfig
 .text.HAL_RCC_GetSysClockFreq
                0x080068f8      0x18c CMakeFiles/BSP.dir/Drivers/STM32F7xx_HAL_Driver/Src/stm32f7xx_hal_rcc.c.obj
                0x080068f8                HAL_RCC_GetSysClockFreq
 .text.HAL_RCC_GetHCLKFreq
                0x08006a84       0x18 CMakeFiles/BSP.dir/Drivers/STM32F7xx_HAL_Driver/Src/stm32f7xx_hal_rcc.c.obj
                0x08006a84                HAL_RCC_GetHCLKFreq
 .text.HAL_RCC_GetPCLK1Freq
                0x08006a9c       0x28 CMakeFiles/BSP.dir/Drivers/STM32F7xx_HAL_Driver/Src/stm32f7xx_hal_rcc.c.obj
                0x08006a9c                HAL_RCC_GetPCLK1Freq
 .text.HAL_RCC_GetPCLK2Freq
                0x08006ac4       0x28 CMakeFiles/BSP.dir/Drivers/STM32F7xx_HAL_Driver/Src/stm32f7xx_hal_rcc.c.obj
                0x08006ac4                HAL_RCC_GetPCLK2Freq
 .text.HAL_RCC_GetClockConfig
                0x08006aec       0x64 CMakeFiles/BSP.dir/Drivers/STM32F7xx_HAL_Driver/Src/stm32f7xx_hal_rcc.c.obj
                0x08006aec                HAL_RCC_GetClockConfig
 .text.HAL_RCCEx_PeriphCLKConfig
                0x08006b50      0x850 CMakeFiles/BSP.dir/Drivers/STM32F7xx_HAL_Driver/Src/stm32f7xx_hal_rcc_ex.c.obj
                0x08006b50                HAL_RCCEx_PeriphCLKConfig
 .text.HAL_TIM_Base_Init
                0x080073a0       0xae CMakeFiles/BSP.dir/Drivers/STM32F7xx_HAL_Driver/Src/stm32f7xx_hal_tim.c.obj
                0x080073a0                HAL_TIM_Base_Init
 *fill*         0x0800744e        0x2 
 .text.HAL_TIM_Base_Start_IT
                0x08007450       0xf0 CMakeFiles/BSP.dir/Drivers/STM32F7xx_HAL_Driver/Src/stm32f7xx_hal_tim.c.obj
                0x08007450                HAL_TIM_Base_Start_IT
 .text.HAL_TIM_PWM_Init
                0x08007540       0xae CMakeFiles/BSP.dir/Drivers/STM32F7xx_HAL_Driver/Src/stm32f7xx_hal_tim.c.obj
                0x08007540                HAL_TIM_PWM_Init
 .text.HAL_TIM_PWM_MspInit
                0x080075ee       0x14 CMakeFiles/BSP.dir/Drivers/STM32F7xx_HAL_Driver/Src/stm32f7xx_hal_tim.c.obj
                0x080075ee                HAL_TIM_PWM_MspInit
 *fill*         0x08007602        0x2 
 .text.HAL_TIM_PWM_Start
                0x08007604      0x1f4 CMakeFiles/BSP.dir/Drivers/STM32F7xx_HAL_Driver/Src/stm32f7xx_hal_tim.c.obj
                0x08007604                HAL_TIM_PWM_Start
 .text.HAL_TIM_IRQHandler
                0x080077f8      0x23e CMakeFiles/BSP.dir/Drivers/STM32F7xx_HAL_Driver/Src/stm32f7xx_hal_tim.c.obj
                0x080077f8                HAL_TIM_IRQHandler
 *fill*         0x08007a36        0x2 
 .text.HAL_TIM_PWM_ConfigChannel
                0x08007a38      0x228 CMakeFiles/BSP.dir/Drivers/STM32F7xx_HAL_Driver/Src/stm32f7xx_hal_tim.c.obj
                0x08007a38                HAL_TIM_PWM_ConfigChannel
 .text.HAL_TIM_OC_DelayElapsedCallback
                0x08007c60       0x14 CMakeFiles/BSP.dir/Drivers/STM32F7xx_HAL_Driver/Src/stm32f7xx_hal_tim.c.obj
                0x08007c60                HAL_TIM_OC_DelayElapsedCallback
 .text.HAL_TIM_IC_CaptureCallback
                0x08007c74       0x14 CMakeFiles/BSP.dir/Drivers/STM32F7xx_HAL_Driver/Src/stm32f7xx_hal_tim.c.obj
                0x08007c74                HAL_TIM_IC_CaptureCallback
 .text.HAL_TIM_PWM_PulseFinishedCallback
                0x08007c88       0x14 CMakeFiles/BSP.dir/Drivers/STM32F7xx_HAL_Driver/Src/stm32f7xx_hal_tim.c.obj
                0x08007c88                HAL_TIM_PWM_PulseFinishedCallback
 .text.HAL_TIM_TriggerCallback
                0x08007c9c       0x14 CMakeFiles/BSP.dir/Drivers/STM32F7xx_HAL_Driver/Src/stm32f7xx_hal_tim.c.obj
                0x08007c9c                HAL_TIM_TriggerCallback
 .text.TIM_Base_SetConfig
                0x08007cb0      0x140 CMakeFiles/BSP.dir/Drivers/STM32F7xx_HAL_Driver/Src/stm32f7xx_hal_tim.c.obj
                0x08007cb0                TIM_Base_SetConfig
 .text.TIM_OC1_SetConfig
                0x08007df0       0xe4 CMakeFiles/BSP.dir/Drivers/STM32F7xx_HAL_Driver/Src/stm32f7xx_hal_tim.c.obj
 .text.TIM_OC2_SetConfig
                0x08007ed4       0xf0 CMakeFiles/BSP.dir/Drivers/STM32F7xx_HAL_Driver/Src/stm32f7xx_hal_tim.c.obj
                0x08007ed4                TIM_OC2_SetConfig
 .text.TIM_OC3_SetConfig
                0x08007fc4       0xec CMakeFiles/BSP.dir/Drivers/STM32F7xx_HAL_Driver/Src/stm32f7xx_hal_tim.c.obj
 .text.TIM_OC4_SetConfig
                0x080080b0       0xb0 CMakeFiles/BSP.dir/Drivers/STM32F7xx_HAL_Driver/Src/stm32f7xx_hal_tim.c.obj
 .text.TIM_OC5_SetConfig
                0x08008160       0xa4 CMakeFiles/BSP.dir/Drivers/STM32F7xx_HAL_Driver/Src/stm32f7xx_hal_tim.c.obj
 .text.TIM_OC6_SetConfig
                0x08008204       0xa8 CMakeFiles/BSP.dir/Drivers/STM32F7xx_HAL_Driver/Src/stm32f7xx_hal_tim.c.obj
 .text.TIM_CCxChannelCmd
                0x080082ac       0x4a CMakeFiles/BSP.dir/Drivers/STM32F7xx_HAL_Driver/Src/stm32f7xx_hal_tim.c.obj
                0x080082ac                TIM_CCxChannelCmd
 .text.HAL_TIMEx_CommutCallback
                0x080082f6       0x14 CMakeFiles/BSP.dir/Drivers/STM32F7xx_HAL_Driver/Src/stm32f7xx_hal_tim_ex.c.obj
                0x080082f6                HAL_TIMEx_CommutCallback
 .text.HAL_TIMEx_BreakCallback
                0x0800830a       0x14 CMakeFiles/BSP.dir/Drivers/STM32F7xx_HAL_Driver/Src/stm32f7xx_hal_tim_ex.c.obj
                0x0800830a                HAL_TIMEx_BreakCallback
 .text.HAL_TIMEx_Break2Callback
                0x0800831e       0x14 CMakeFiles/BSP.dir/Drivers/STM32F7xx_HAL_Driver/Src/stm32f7xx_hal_tim_ex.c.obj
                0x0800831e                HAL_TIMEx_Break2Callback
 .text.HAL_UART_Init
                0x08008332       0x9c CMakeFiles/BSP.dir/Drivers/STM32F7xx_HAL_Driver/Src/stm32f7xx_hal_uart.c.obj
                0x08008332                HAL_UART_Init
 .text.HAL_UART_Transmit
                0x080083ce      0x106 CMakeFiles/BSP.dir/Drivers/STM32F7xx_HAL_Driver/Src/stm32f7xx_hal_uart.c.obj
                0x080083ce                HAL_UART_Transmit
 .text.UART_SetConfig
                0x080084d4      0x4c8 CMakeFiles/BSP.dir/Drivers/STM32F7xx_HAL_Driver/Src/stm32f7xx_hal_uart.c.obj
                0x080084d4                UART_SetConfig
 .text.UART_AdvFeatureConfig
                0x0800899c      0x144 CMakeFiles/BSP.dir/Drivers/STM32F7xx_HAL_Driver/Src/stm32f7xx_hal_uart.c.obj
                0x0800899c                UART_AdvFeatureConfig
 .text.UART_CheckIdleState
                0x08008ae0       0x9a CMakeFiles/BSP.dir/Drivers/STM32F7xx_HAL_Driver/Src/stm32f7xx_hal_uart.c.obj
                0x08008ae0                UART_CheckIdleState
 .text.UART_WaitOnFlagUntilTimeout
                0x08008b7a      0x18c CMakeFiles/BSP.dir/Drivers/STM32F7xx_HAL_Driver/Src/stm32f7xx_hal_uart.c.obj
                0x08008b7a                UART_WaitOnFlagUntilTimeout
 *fill*         0x08008d06        0x2 
 .text.USB_CoreInit
                0x08008d08       0xb0 CMakeFiles/BSP.dir/Drivers/STM32F7xx_HAL_Driver/Src/stm32f7xx_ll_usb.c.obj
                0x08008d08                USB_CoreInit
 .text.USB_DisableGlobalInt
                0x08008db8       0x22 CMakeFiles/BSP.dir/Drivers/STM32F7xx_HAL_Driver/Src/stm32f7xx_ll_usb.c.obj
                0x08008db8                USB_DisableGlobalInt
 .text.USB_SetCurrentMode
                0x08008dda       0x98 CMakeFiles/BSP.dir/Drivers/STM32F7xx_HAL_Driver/Src/stm32f7xx_ll_usb.c.obj
                0x08008dda                USB_SetCurrentMode
 *fill*         0x08008e72        0x2 
 .text.USB_DevInit
                0x08008e74      0x2bc CMakeFiles/BSP.dir/Drivers/STM32F7xx_HAL_Driver/Src/stm32f7xx_ll_usb.c.obj
                0x08008e74                USB_DevInit
 .text.USB_FlushTxFifo
                0x08009130       0x68 CMakeFiles/BSP.dir/Drivers/STM32F7xx_HAL_Driver/Src/stm32f7xx_ll_usb.c.obj
                0x08009130                USB_FlushTxFifo
 .text.USB_FlushRxFifo
                0x08009198       0x60 CMakeFiles/BSP.dir/Drivers/STM32F7xx_HAL_Driver/Src/stm32f7xx_ll_usb.c.obj
                0x08009198                USB_FlushRxFifo
 .text.USB_SetDevSpeed
                0x080091f8       0x32 CMakeFiles/BSP.dir/Drivers/STM32F7xx_HAL_Driver/Src/stm32f7xx_ll_usb.c.obj
                0x080091f8                USB_SetDevSpeed
 .text.USB_DevDisconnect
                0x0800922a       0x42 CMakeFiles/BSP.dir/Drivers/STM32F7xx_HAL_Driver/Src/stm32f7xx_ll_usb.c.obj
                0x0800922a                USB_DevDisconnect
 .text.USB_GetMode
                0x0800926c       0x1c CMakeFiles/BSP.dir/Drivers/STM32F7xx_HAL_Driver/Src/stm32f7xx_ll_usb.c.obj
                0x0800926c                USB_GetMode
 .text.USB_CoreReset
                0x08009288       0x68 CMakeFiles/BSP.dir/Drivers/STM32F7xx_HAL_Driver/Src/stm32f7xx_ll_usb.c.obj
 .text._ZL25CanInvokeSemihostingCallsv
                0x080092f0       0x10 CMakeFiles/BSP_EFP_semihosting_and_profiler.dir/C_/Users/volod/AppData/Local/VisualGDB/EmbeddedEFPs/Profiler/FastSemihosting.cpp.obj
 .text.InitializeFastSemihosting
                0x08009300       0x44 CMakeFiles/BSP_EFP_semihosting_and_profiler.dir/C_/Users/volod/AppData/Local/VisualGDB/EmbeddedEFPs/Profiler/FastSemihosting.cpp.obj
                0x08009300                InitializeFastSemihosting
 .text._ZL32GetFastSemihostingFreeBufferSizev
                0x08009344       0x34 CMakeFiles/BSP_EFP_semihosting_and_profiler.dir/C_/Users/volod/AppData/Local/VisualGDB/EmbeddedEFPs/Profiler/FastSemihosting.cpp.obj
 .text._ZL27WriteRawFastSemihostingDataPKvii
                0x08009378      0x15c CMakeFiles/BSP_EFP_semihosting_and_profiler.dir/C_/Users/volod/AppData/Local/VisualGDB/EmbeddedEFPs/Profiler/FastSemihosting.cpp.obj
 .text.WriteToFastSemihostingChannel
                0x080094d4      0x140 CMakeFiles/BSP_EFP_semihosting_and_profiler.dir/C_/Users/volod/AppData/Local/VisualGDB/EmbeddedEFPs/Profiler/FastSemihosting.cpp.obj
                0x080094d4                WriteToFastSemihostingChannel
 .text.SysprogsProfiler_WriteData
                0x08009614       0x98 CMakeFiles/BSP_EFP_semihosting_and_profiler.dir/C_/Users/volod/AppData/Local/VisualGDB/EmbeddedEFPs/Profiler/FastSemihosting.cpp.obj
                0x08009614                SysprogsProfiler_WriteData
 .text.SysprogsProfiler_GetBufferAvailability
                0x080096ac       0x26 CMakeFiles/BSP_EFP_semihosting_and_profiler.dir/C_/Users/volod/AppData/Local/VisualGDB/EmbeddedEFPs/Profiler/FastSemihosting.cpp.obj
                0x080096ac                SysprogsProfiler_GetBufferAvailability
 .text._ZL25CanInvokeSemihostingCallsv
                0x080096d2       0x10 CMakeFiles/BSP_EFP_semihosting_and_profiler.dir/C_/Users/volod/AppData/Local/VisualGDB/EmbeddedEFPs/Profiler/InstrumentingProfiler.cpp.obj
 *fill*         0x080096e2        0x2 
 .text._ZL68SysprogsInstrumentingProfiler_QueryAndResetPerformanceCounter_Inlinev
                0x080096e4       0x58 CMakeFiles/BSP_EFP_semihosting_and_profiler.dir/C_/Users/volod/AppData/Local/VisualGDB/EmbeddedEFPs/Profiler/InstrumentingProfiler.cpp.obj
 .text._ZN29SysprogsInstrumentingProfiler16SmallNumberCoder22IsSignedIntConstrainedEii
                0x0800973c       0x48 CMakeFiles/BSP_EFP_semihosting_and_profiler.dir/C_/Users/volod/AppData/Local/VisualGDB/EmbeddedEFPs/Profiler/InstrumentingProfiler.cpp.obj
                0x0800973c                SysprogsInstrumentingProfiler::SmallNumberCoder::IsSignedIntConstrained(int, int)
 .text._ZN29SysprogsInstrumentingProfiler16SmallNumberCoder24IsUnsignedIntConstrainedEji
                0x08009784       0x32 CMakeFiles/BSP_EFP_semihosting_and_profiler.dir/C_/Users/volod/AppData/Local/VisualGDB/EmbeddedEFPs/Profiler/InstrumentingProfiler.cpp.obj
                0x08009784                SysprogsInstrumentingProfiler::SmallNumberCoder::IsUnsignedIntConstrained(unsigned int, int)
 .text._ZN29SysprogsInstrumentingProfiler16SmallNumberCoder17WriteSmallIntegerEii
                0x080097b6       0x74 CMakeFiles/BSP_EFP_semihosting_and_profiler.dir/C_/Users/volod/AppData/Local/VisualGDB/EmbeddedEFPs/Profiler/InstrumentingProfiler.cpp.obj
                0x080097b6                SysprogsInstrumentingProfiler::SmallNumberCoder::WriteSmallInteger(int, int)
 .text._ZN29SysprogsInstrumentingProfiler16SmallNumberCoderC2EPvjS1_S1_
                0x0800982a       0x3a CMakeFiles/BSP_EFP_semihosting_and_profiler.dir/C_/Users/volod/AppData/Local/VisualGDB/EmbeddedEFPs/Profiler/InstrumentingProfiler.cpp.obj
                0x0800982a                SysprogsInstrumentingProfiler::SmallNumberCoder::SmallNumberCoder(void*, unsigned int, void*, void*)
                0x0800982a                SysprogsInstrumentingProfiler::SmallNumberCoder::SmallNumberCoder(void*, unsigned int, void*, void*)
 .text._ZN29SysprogsInstrumentingProfiler16SmallNumberCoder21WriteSmallUnsignedIntEj
                0x08009864       0xa2 CMakeFiles/BSP_EFP_semihosting_and_profiler.dir/C_/Users/volod/AppData/Local/VisualGDB/EmbeddedEFPs/Profiler/InstrumentingProfiler.cpp.obj
                0x08009864                SysprogsInstrumentingProfiler::SmallNumberCoder::WriteSmallUnsignedInt(unsigned int)
 .text._ZN29SysprogsInstrumentingProfiler16SmallNumberCoder29WriteSmallUnsignedIntWithFlagEjb
                0x08009906       0xbc CMakeFiles/BSP_EFP_semihosting_and_profiler.dir/C_/Users/volod/AppData/Local/VisualGDB/EmbeddedEFPs/Profiler/InstrumentingProfiler.cpp.obj
                0x08009906                SysprogsInstrumentingProfiler::SmallNumberCoder::WriteSmallUnsignedIntWithFlag(unsigned int, bool)
 .text._ZN29SysprogsInstrumentingProfiler16SmallNumberCoder27WriteSmallSignedIntWithFlagEib
                0x080099c2       0xba CMakeFiles/BSP_EFP_semihosting_and_profiler.dir/C_/Users/volod/AppData/Local/VisualGDB/EmbeddedEFPs/Profiler/InstrumentingProfiler.cpp.obj
                0x080099c2                SysprogsInstrumentingProfiler::SmallNumberCoder::WriteSmallSignedIntWithFlag(int, bool)
 .text._ZN29SysprogsInstrumentingProfiler16SmallNumberCoder19WritePackedUIntPairEtt
                0x08009a7c       0xf4 CMakeFiles/BSP_EFP_semihosting_and_profiler.dir/C_/Users/volod/AppData/Local/VisualGDB/EmbeddedEFPs/Profiler/InstrumentingProfiler.cpp.obj
                0x08009a7c                SysprogsInstrumentingProfiler::SmallNumberCoder::WritePackedUIntPair(unsigned short, unsigned short)
 .text._ZN29SysprogsInstrumentingProfiler16SmallNumberCoder9GetOffsetEv
                0x08009b70       0x18 CMakeFiles/BSP_EFP_semihosting_and_profiler.dir/C_/Users/volod/AppData/Local/VisualGDB/EmbeddedEFPs/Profiler/InstrumentingProfiler.cpp.obj
                0x08009b70                SysprogsInstrumentingProfiler::SmallNumberCoder::GetOffset()
 .text._ZN29SysprogsInstrumentingProfiler16SmallNumberCoder9GetBufferEv
                0x08009b88       0x18 CMakeFiles/BSP_EFP_semihosting_and_profiler.dir/C_/Users/volod/AppData/Local/VisualGDB/EmbeddedEFPs/Profiler/InstrumentingProfiler.cpp.obj
                0x08009b88                SysprogsInstrumentingProfiler::SmallNumberCoder::GetBuffer()
 .text._ZN29SysprogsInstrumentingProfiler16SmallNumberCoder9SetOffsetEi
                0x08009ba0       0x1c CMakeFiles/BSP_EFP_semihosting_and_profiler.dir/C_/Users/volod/AppData/Local/VisualGDB/EmbeddedEFPs/Profiler/InstrumentingProfiler.cpp.obj
                0x08009ba0                SysprogsInstrumentingProfiler::SmallNumberCoder::SetOffset(int)
 .text._ZN29SysprogsInstrumentingProfiler16SmallNumberCoder13RemainingSizeEv
                0x08009bbc       0x1e CMakeFiles/BSP_EFP_semihosting_and_profiler.dir/C_/Users/volod/AppData/Local/VisualGDB/EmbeddedEFPs/Profiler/InstrumentingProfiler.cpp.obj
                0x08009bbc                SysprogsInstrumentingProfiler::SmallNumberCoder::RemainingSize()
 *fill*         0x08009bda        0x2 
 .text._ZN29SysprogsInstrumentingProfiler11Chronometer22ProfilerTimeRegionRAIIC2Ev
                0x08009bdc       0x70 CMakeFiles/BSP_EFP_semihosting_and_profiler.dir/C_/Users/volod/AppData/Local/VisualGDB/EmbeddedEFPs/Profiler/InstrumentingProfiler.cpp.obj
                0x08009bdc                SysprogsInstrumentingProfiler::Chronometer::ProfilerTimeRegionRAII::ProfilerTimeRegionRAII()
                0x08009bdc                SysprogsInstrumentingProfiler::Chronometer::ProfilerTimeRegionRAII::ProfilerTimeRegionRAII()
 .text._ZN29SysprogsInstrumentingProfiler11Chronometer22ProfilerTimeRegionRAIID2Ev
                0x08009c4c       0x84 CMakeFiles/BSP_EFP_semihosting_and_profiler.dir/C_/Users/volod/AppData/Local/VisualGDB/EmbeddedEFPs/Profiler/InstrumentingProfiler.cpp.obj
                0x08009c4c                SysprogsInstrumentingProfiler::Chronometer::ProfilerTimeRegionRAII::~ProfilerTimeRegionRAII()
                0x08009c4c                SysprogsInstrumentingProfiler::Chronometer::ProfilerTimeRegionRAII::~ProfilerTimeRegionRAII()
 .text._ZN29SysprogsInstrumentingProfiler11Chronometer22ProfilerTimeRegionRAII18GetApplicationTimeEv
                0x08009cd0       0x1c CMakeFiles/BSP_EFP_semihosting_and_profiler.dir/C_/Users/volod/AppData/Local/VisualGDB/EmbeddedEFPs/Profiler/InstrumentingProfiler.cpp.obj
                0x08009cd0                SysprogsInstrumentingProfiler::Chronometer::ProfilerTimeRegionRAII::GetApplicationTime()
 .text._ZN29SysprogsInstrumentingProfiler11Chronometer22ProfilerTimeRegionRAII30GetCurrentTimeForRealTimeWatchEv
                0x08009cec       0x38 CMakeFiles/BSP_EFP_semihosting_and_profiler.dir/C_/Users/volod/AppData/Local/VisualGDB/EmbeddedEFPs/Profiler/InstrumentingProfiler.cpp.obj
                0x08009cec                SysprogsInstrumentingProfiler::Chronometer::ProfilerTimeRegionRAII::GetCurrentTimeForRealTimeWatch()
 .text._ZNK29SysprogsInstrumentingProfiler17InstrumentedFrame11IsInterruptEv
                0x08009d24       0x1c CMakeFiles/BSP_EFP_semihosting_and_profiler.dir/C_/Users/volod/AppData/Local/VisualGDB/EmbeddedEFPs/Profiler/InstrumentingProfiler.cpp.obj
                0x08009d24                SysprogsInstrumentingProfiler::InstrumentedFrame::IsInterrupt() const
 .text._ZNK29SysprogsInstrumentingProfiler17InstrumentedFrame10IsReportedEv
                0x08009d40       0x1c CMakeFiles/BSP_EFP_semihosting_and_profiler.dir/C_/Users/volod/AppData/Local/VisualGDB/EmbeddedEFPs/Profiler/InstrumentingProfiler.cpp.obj
                0x08009d40                SysprogsInstrumentingProfiler::InstrumentedFrame::IsReported() const
 .text._ZNK29SysprogsInstrumentingProfiler17InstrumentedFrame14FlagAsReportedEv
                0x08009d5c       0x20 CMakeFiles/BSP_EFP_semihosting_and_profiler.dir/C_/Users/volod/AppData/Local/VisualGDB/EmbeddedEFPs/Profiler/InstrumentingProfiler.cpp.obj
                0x08009d5c                SysprogsInstrumentingProfiler::InstrumentedFrame::FlagAsReported() const
 .text._ZN29SysprogsInstrumentingProfilerL20ProfilerTimeToUInt32Ey
                0x08009d7c       0x26 CMakeFiles/BSP_EFP_semihosting_and_profiler.dir/C_/Users/volod/AppData/Local/VisualGDB/EmbeddedEFPs/Profiler/InstrumentingProfiler.cpp.obj
 .text._ZN29SysprogsInstrumentingProfiler10RaiseErrorENS_30InstrumentingProfilerErrorCodeEj
                0x08009da2       0x1a CMakeFiles/BSP_EFP_semihosting_and_profiler.dir/C_/Users/volod/AppData/Local/VisualGDB/EmbeddedEFPs/Profiler/InstrumentingProfiler.cpp.obj
                0x08009da2                SysprogsInstrumentingProfiler::RaiseError(SysprogsInstrumentingProfiler::InstrumentingProfilerErrorCode, unsigned int)
 .text._ZN29SysprogsInstrumentingProfiler21InstrumentedFramePool13AllocateFrameEv
                0x08009dbc       0x82 CMakeFiles/BSP_EFP_semihosting_and_profiler.dir/C_/Users/volod/AppData/Local/VisualGDB/EmbeddedEFPs/Profiler/InstrumentingProfiler.cpp.obj
                0x08009dbc                SysprogsInstrumentingProfiler::InstrumentedFramePool::AllocateFrame()
 .text._ZN29SysprogsInstrumentingProfiler21InstrumentedFramePool12ReleaseFrameEPNS_17InstrumentedFrameE
                0x08009e3e       0x2e CMakeFiles/BSP_EFP_semihosting_and_profiler.dir/C_/Users/volod/AppData/Local/VisualGDB/EmbeddedEFPs/Profiler/InstrumentingProfiler.cpp.obj
                0x08009e3e                SysprogsInstrumentingProfiler::InstrumentedFramePool::ReleaseFrame(SysprogsInstrumentingProfiler::InstrumentedFrame*)
 .text._ZN29SysprogsInstrumentingProfiler22ReportFramesToProfilerEPKNS_17InstrumentedFrameEy
                0x08009e6c      0x294 CMakeFiles/BSP_EFP_semihosting_and_profiler.dir/C_/Users/volod/AppData/Local/VisualGDB/EmbeddedEFPs/Profiler/InstrumentingProfiler.cpp.obj
                0x08009e6c                SysprogsInstrumentingProfiler::ReportFramesToProfiler(SysprogsInstrumentingProfiler::InstrumentedFrame const*, unsigned long long)
 .text._ZN29SysprogsInstrumentingProfiler36ReportFunctionRunTimeToRealTimeWatchEPKNS_17InstrumentedFrameEy
                0x0800a100       0x90 CMakeFiles/BSP_EFP_semihosting_and_profiler.dir/C_/Users/volod/AppData/Local/VisualGDB/EmbeddedEFPs/Profiler/InstrumentingProfiler.cpp.obj
                0x0800a100                SysprogsInstrumentingProfiler::ReportFunctionRunTimeToRealTimeWatch(SysprogsInstrumentingProfiler::InstrumentedFrame const*, unsigned long long)
 .text._ZN29SysprogsInstrumentingProfilerL10ReturnHookEv
                0x0800a190       0x2e CMakeFiles/BSP_EFP_semihosting_and_profiler.dir/C_/Users/volod/AppData/Local/VisualGDB/EmbeddedEFPs/Profiler/InstrumentingProfiler.cpp.obj
 *fill*         0x0800a1be        0x2 
 .text.SysprogsInstrumentingProfilerReturnHookImpl
                0x0800a1c0       0xe4 CMakeFiles/BSP_EFP_semihosting_and_profiler.dir/C_/Users/volod/AppData/Local/VisualGDB/EmbeddedEFPs/Profiler/InstrumentingProfiler.cpp.obj
                0x0800a1c0                SysprogsInstrumentingProfilerReturnHookImpl
 .text.SysprogsInstrumentingProfilerHookImpl
                0x0800a2a4      0x128 CMakeFiles/BSP_EFP_semihosting_and_profiler.dir/C_/Users/volod/AppData/Local/VisualGDB/EmbeddedEFPs/Profiler/InstrumentingProfiler.cpp.obj
                0x0800a2a4                SysprogsInstrumentingProfilerHookImpl
 .text._ZN29SysprogsInstrumentingProfiler19ReportThreadCreatedEPvPKc
                0x0800a3cc       0x60 CMakeFiles/BSP_EFP_semihosting_and_profiler.dir/C_/Users/volod/AppData/Local/VisualGDB/EmbeddedEFPs/Profiler/InstrumentingProfiler.cpp.obj
                0x0800a3cc                SysprogsInstrumentingProfiler::ReportThreadCreated(void*, char const*)
 .text._ZN29SysprogsInstrumentingProfilerL20GetRelativeTimestampEv
                0x0800a42c       0x34 CMakeFiles/BSP_EFP_semihosting_and_profiler.dir/C_/Users/volod/AppData/Local/VisualGDB/EmbeddedEFPs/Profiler/InstrumentingProfiler.cpp.obj
 .text._ZN29SysprogsInstrumentingProfiler18ReportThreadSwitchEPv
                0x0800a460       0x58 CMakeFiles/BSP_EFP_semihosting_and_profiler.dir/C_/Users/volod/AppData/Local/VisualGDB/EmbeddedEFPs/Profiler/InstrumentingProfiler.cpp.obj
                0x0800a460                SysprogsInstrumentingProfiler::ReportThreadSwitch(void*)
 .text.SysprogsInstrumentingProfilerHook
                0x0800a4b8       0x54 CMakeFiles/BSP_EFP_semihosting_and_profiler.dir/C_/Users/volod/AppData/Local/VisualGDB/EmbeddedEFPs/Profiler/InstrumentingProfiler.cpp.obj
                0x0800a4b8                SysprogsInstrumentingProfilerHook
 .text.SysprogsStackVerifierHook
                0x0800a50c       0x40 CMakeFiles/BSP_EFP_semihosting_and_profiler.dir/C_/Users/volod/AppData/Local/VisualGDB/EmbeddedEFPs/Profiler/InstrumentingProfiler.cpp.obj
                0x0800a50c                SysprogsStackVerifierHook
 .text.SysprogsTimingRecorderHook
                0x0800a54c       0x88 CMakeFiles/BSP_EFP_semihosting_and_profiler.dir/C_/Users/volod/AppData/Local/VisualGDB/EmbeddedEFPs/Profiler/InstrumentingProfiler.cpp.obj
                0x0800a54c                SysprogsTimingRecorderHook
 .text._ZN28OverheadMeasurementFunctions15NonInstrumentedEv
                0x0800a5d4        0x4 CMakeFiles/BSP_EFP_semihosting_and_profiler.dir/C_/Users/volod/AppData/Local/VisualGDB/EmbeddedEFPs/Profiler/InstrumentingProfiler.cpp.obj
                0x0800a5d4                OverheadMeasurementFunctions::NonInstrumented()
 .text._ZN28OverheadMeasurementFunctions12InstrumentedEv
                0x0800a5d8        0x4 CMakeFiles/BSP_EFP_semihosting_and_profiler.dir/C_/Users/volod/AppData/Local/VisualGDB/EmbeddedEFPs/Profiler/InstrumentingProfiler.cpp.obj
                0x0800a5d8                OverheadMeasurementFunctions::Instrumented()
 .text._ZN28OverheadMeasurementFunctions24InstrumentedAndReportingEv
                0x0800a5dc        0x4 CMakeFiles/BSP_EFP_semihosting_and_profiler.dir/C_/Users/volod/AppData/Local/VisualGDB/EmbeddedEFPs/Profiler/InstrumentingProfiler.cpp.obj
                0x0800a5dc                OverheadMeasurementFunctions::InstrumentedAndReporting()
 .text.InstrumentingProfilerInitialized
                0x0800a5e0       0xdc CMakeFiles/BSP_EFP_semihosting_and_profiler.dir/C_/Users/volod/AppData/Local/VisualGDB/EmbeddedEFPs/Profiler/InstrumentingProfiler.cpp.obj
                0x0800a5e0                InstrumentingProfilerInitialized
 .text.SysprogsProfiler_RTOSThreadSwitched
                0x0800a6bc       0xc4 CMakeFiles/BSP_EFP_semihosting_and_profiler.dir/C_/Users/volod/AppData/Local/VisualGDB/EmbeddedEFPs/Profiler/InstrumentingProfiler.cpp.obj
                0x0800a6bc                SysprogsProfiler_RTOSThreadSwitched
 .text.SysprogsProfiler_RTOSThreadDeleted
                0x0800a780       0x68 CMakeFiles/BSP_EFP_semihosting_and_profiler.dir/C_/Users/volod/AppData/Local/VisualGDB/EmbeddedEFPs/Profiler/InstrumentingProfiler.cpp.obj
                0x0800a780                SysprogsProfiler_RTOSThreadDeleted
 .text.SysprogsProfiler_ReportResourceTaken
                0x0800a7e8       0x56 CMakeFiles/BSP_EFP_semihosting_and_profiler.dir/C_/Users/volod/AppData/Local/VisualGDB/EmbeddedEFPs/Profiler/InstrumentingProfiler.cpp.obj
                0x0800a7e8                SysprogsProfiler_ReportResourceTaken
 .text.SysprogsProfiler_ReportResourceReleased
                0x0800a83e       0x56 CMakeFiles/BSP_EFP_semihosting_and_profiler.dir/C_/Users/volod/AppData/Local/VisualGDB/EmbeddedEFPs/Profiler/InstrumentingProfiler.cpp.obj
                0x0800a83e                SysprogsProfiler_ReportResourceReleased
 .text.InitializeProfilerRTOSHooksAfterReportingInitialization
                0x0800a894        0xe CMakeFiles/BSP_EFP_semihosting_and_profiler.dir/C_/Users/volod/AppData/Local/VisualGDB/EmbeddedEFPs/Profiler/InstrumentingProfiler.cpp.obj
                0x0800a894                InitializeProfilerRTOSHooksAfterReportingInitialization
 *fill*         0x0800a8a2        0x2 
 .text.InitializeInstrumentingProfiler
                0x0800a8a4       0xc4 CMakeFiles/BSP_EFP_semihosting_and_profiler.dir/C_/Users/volod/AppData/Local/VisualGDB/EmbeddedEFPs/Profiler/InstrumentingProfiler.cpp.obj
                0x0800a8a4                InitializeInstrumentingProfiler
 .text._ZL36ReportRealTimeAnalysisBufferOverflowv
                0x0800a968       0x7c CMakeFiles/BSP_EFP_semihosting_and_profiler.dir/C_/Users/volod/AppData/Local/VisualGDB/EmbeddedEFPs/Profiler/InstrumentingProfiler.cpp.obj
 .text.tskTaskControlBlock_pcTaskName_Offset
                0x0800a9e4        0x4 CMakeFiles/BSP_EFP_semihosting_and_profiler.dir/C_/Users/volod/AppData/Local/VisualGDB/EmbeddedEFPs/Profiler/ProfilerRTOS_FreeRTOS.c.obj
                0x0800a9e4                tskTaskControlBlock_pcTaskName_Offset
 .text.tskTaskControlBlock_pxStack_Offset
                0x0800a9e8        0x4 CMakeFiles/BSP_EFP_semihosting_and_profiler.dir/C_/Users/volod/AppData/Local/VisualGDB/EmbeddedEFPs/Profiler/ProfilerRTOS_FreeRTOS.c.obj
                0x0800a9e8                tskTaskControlBlock_pxStack_Offset
 .text.QueueDefinition_uxMessagesWaiting_Offset
                0x0800a9ec        0x4 CMakeFiles/BSP_EFP_semihosting_and_profiler.dir/C_/Users/volod/AppData/Local/VisualGDB/EmbeddedEFPs/Profiler/ProfilerRTOS_FreeRTOS.c.obj
                0x0800a9ec                QueueDefinition_uxMessagesWaiting_Offset
 .text.SysprogsRTOSHooks_ReportThreadSwitch
                0x0800a9f0       0x4c CMakeFiles/BSP_EFP_semihosting_and_profiler.dir/C_/Users/volod/AppData/Local/VisualGDB/EmbeddedEFPs/Profiler/ProfilerRTOS_FreeRTOS.c.obj
 .text.SysprogsRTOSHooks_FreeRTOS_vTaskSwitchContext
                0x0800aa3c       0x28 CMakeFiles/BSP_EFP_semihosting_and_profiler.dir/C_/Users/volod/AppData/Local/VisualGDB/EmbeddedEFPs/Profiler/ProfilerRTOS_FreeRTOS.c.obj
                0x0800aa3c                SysprogsRTOSHooks_FreeRTOS_vTaskSwitchContext
 *fill*         0x0800aa64        0xc 
 .text.SysprogsRTOSHooks_FreeRTOS_SVC_Handler
                0x0800aa70       0x18 CMakeFiles/BSP_EFP_semihosting_and_profiler.dir/C_/Users/volod/AppData/Local/VisualGDB/EmbeddedEFPs/Profiler/ProfilerRTOS_FreeRTOS.c.obj
                0x0800aa70                SysprogsRTOSHooks_FreeRTOS_SVC_Handler
 .text.SysprogsRTOSHooks_FreeRTOS_vTaskDelete
                0x0800aa88       0x1c CMakeFiles/BSP_EFP_semihosting_and_profiler.dir/C_/Users/volod/AppData/Local/VisualGDB/EmbeddedEFPs/Profiler/ProfilerRTOS_FreeRTOS.c.obj
                0x0800aa88                SysprogsRTOSHooks_FreeRTOS_vTaskDelete
 .text.SysprogsRTOSHooks_FreeRTOS_SysTick_Handler
                0x0800aaa4       0x24 CMakeFiles/BSP_EFP_semihosting_and_profiler.dir/C_/Users/volod/AppData/Local/VisualGDB/EmbeddedEFPs/Profiler/ProfilerRTOS_FreeRTOS.c.obj
                0x0800aaa4                SysprogsRTOSHooks_FreeRTOS_SysTick_Handler
 .text.SysprogsRTOSHooks_FreeRTOS_traceQUEUE_SEND
                0x0800aac8       0x16 CMakeFiles/BSP_EFP_semihosting_and_profiler.dir/C_/Users/volod/AppData/Local/VisualGDB/EmbeddedEFPs/Profiler/ProfilerRTOS_FreeRTOS.c.obj
                0x0800aac8                SysprogsRTOSHooks_FreeRTOS_traceQUEUE_SEND
 .text.SysprogsRTOSHooks_FreeRTOS_traceQUEUE_RECEIVE
                0x0800aade       0x16 CMakeFiles/BSP_EFP_semihosting_and_profiler.dir/C_/Users/volod/AppData/Local/VisualGDB/EmbeddedEFPs/Profiler/ProfilerRTOS_FreeRTOS.c.obj
                0x0800aade                SysprogsRTOSHooks_FreeRTOS_traceQUEUE_RECEIVE
 .text.SysprogsRTOSHooks_FreeRTOS_SchedulerStarting
                0x0800aaf4        0xe CMakeFiles/BSP_EFP_semihosting_and_profiler.dir/C_/Users/volod/AppData/Local/VisualGDB/EmbeddedEFPs/Profiler/ProfilerRTOS_FreeRTOS.c.obj
                0x0800aaf4                SysprogsRTOSHooks_FreeRTOS_SchedulerStarting
 *fill*         0x0800ab02        0x2 
 .text.SysprogsRTOSHooks_FreeRTOS_traceQUEUE_SEND_Actual
                0x0800ab04       0x6c CMakeFiles/BSP_EFP_semihosting_and_profiler.dir/C_/Users/volod/AppData/Local/VisualGDB/EmbeddedEFPs/Profiler/ProfilerRTOS_FreeRTOS.c.obj
                0x0800ab04                SysprogsRTOSHooks_FreeRTOS_traceQUEUE_SEND_Actual
 .text.SysprogsRTOSHooks_FreeRTOS_traceQUEUE_RECEIVE_Actual
                0x0800ab70       0x6c CMakeFiles/BSP_EFP_semihosting_and_profiler.dir/C_/Users/volod/AppData/Local/VisualGDB/EmbeddedEFPs/Profiler/ProfilerRTOS_FreeRTOS.c.obj
                0x0800ab70                SysprogsRTOSHooks_FreeRTOS_traceQUEUE_RECEIVE_Actual
 .text.InitializeProfilerRTOSHooks
                0x0800abdc       0x4c CMakeFiles/BSP_EFP_semihosting_and_profiler.dir/C_/Users/volod/AppData/Local/VisualGDB/EmbeddedEFPs/Profiler/ProfilerRTOS_FreeRTOS.c.obj
                0x0800abdc                InitializeProfilerRTOSHooks
 .text.__errno  0x0800ac28        0xc c:/sysgcc/arm-eabi/bin/../lib/gcc/arm-none-eabi/10.3.1/../../../../arm-none-eabi/lib/thumb/v7e-m+dp/hard\libg.a(lib_a-errno.o)
                0x0800ac28                __errno
 .text.__libc_init_array
                0x0800ac34       0x48 c:/sysgcc/arm-eabi/bin/../lib/gcc/arm-none-eabi/10.3.1/../../../../arm-none-eabi/lib/thumb/v7e-m+dp/hard\libg.a(lib_a-init.o)
                0x0800ac34                __libc_init_array
 .text.itoa     0x0800ac7c       0x2c c:/sysgcc/arm-eabi/bin/../lib/gcc/arm-none-eabi/10.3.1/../../../../arm-none-eabi/lib/thumb/v7e-m+dp/hard\libg.a(lib_a-itoa.o)
                0x0800ac7c                itoa
 .text.memset   0x0800aca8       0xa4 c:/sysgcc/arm-eabi/bin/../lib/gcc/arm-none-eabi/10.3.1/../../../../arm-none-eabi/lib/thumb/v7e-m+dp/hard\libg.a(lib_a-memset.o)
                0x0800aca8                memset
 .text.cleanup_glue
                0x0800ad4c       0x48 c:/sysgcc/arm-eabi/bin/../lib/gcc/arm-none-eabi/10.3.1/../../../../arm-none-eabi/lib/thumb/v7e-m+dp/hard\libg.a(lib_a-reent.o)
                0x0800ad4c                cleanup_glue
 .text._reclaim_reent
                0x0800ad94       0x90 c:/sysgcc/arm-eabi/bin/../lib/gcc/arm-none-eabi/10.3.1/../../../../arm-none-eabi/lib/thumb/v7e-m+dp/hard\libg.a(lib_a-reent.o)
                0x0800ad94                _reclaim_reent
 .text.strcpy   0x0800ae24       0xbc c:/sysgcc/arm-eabi/bin/../lib/gcc/arm-none-eabi/10.3.1/../../../../arm-none-eabi/lib/thumb/v7e-m+dp/hard\libg.a(lib_a-strcpy.o)
                0x0800ae24                strcpy
 .text.__utoa   0x0800aee0       0x9c c:/sysgcc/arm-eabi/bin/../lib/gcc/arm-none-eabi/10.3.1/../../../../arm-none-eabi/lib/thumb/v7e-m+dp/hard\libg.a(lib_a-utoa.o)
                0x0800aee0                __utoa
 .text.startup.register_fini
                0x0800af7c       0x14 c:/sysgcc/arm-eabi/bin/../lib/gcc/arm-none-eabi/10.3.1/../../../../arm-none-eabi/lib/thumb/v7e-m+dp/hard\libg.a(lib_a-__call_atexit.o)
 .text.atexit   0x0800af90        0xc c:/sysgcc/arm-eabi/bin/../lib/gcc/arm-none-eabi/10.3.1/../../../../arm-none-eabi/lib/thumb/v7e-m+dp/hard\libg.a(lib_a-atexit.o)
                0x0800af90                atexit
 .text.__libc_fini_array
                0x0800af9c       0x2c c:/sysgcc/arm-eabi/bin/../lib/gcc/arm-none-eabi/10.3.1/../../../../arm-none-eabi/lib/thumb/v7e-m+dp/hard\libg.a(lib_a-fini.o)
                0x0800af9c                __libc_fini_array
 .text._malloc_trim_r
                0x0800afc8       0xa0 c:/sysgcc/arm-eabi/bin/../lib/gcc/arm-none-eabi/10.3.1/../../../../arm-none-eabi/lib/thumb/v7e-m+dp/hard\libg.a(lib_a-freer.o)
                0x0800afc8                _malloc_trim_r
 .text._free_r  0x0800b068      0x20c c:/sysgcc/arm-eabi/bin/../lib/gcc/arm-none-eabi/10.3.1/../../../../arm-none-eabi/lib/thumb/v7e-m+dp/hard\libg.a(lib_a-freer.o)
                0x0800b068                _free_r
 .text.__retarget_lock_acquire_recursive
                0x0800b274        0x4 c:/sysgcc/arm-eabi/bin/../lib/gcc/arm-none-eabi/10.3.1/../../../../arm-none-eabi/lib/thumb/v7e-m+dp/hard\libg.a(lib_a-lock.o)
                0x0800b274                __retarget_lock_acquire_recursive
 .text.__retarget_lock_release_recursive
                0x0800b278        0x4 c:/sysgcc/arm-eabi/bin/../lib/gcc/arm-none-eabi/10.3.1/../../../../arm-none-eabi/lib/thumb/v7e-m+dp/hard\libg.a(lib_a-lock.o)
                0x0800b278                __retarget_lock_release_recursive
 .text.__malloc_lock
                0x0800b27c        0xc c:/sysgcc/arm-eabi/bin/../lib/gcc/arm-none-eabi/10.3.1/../../../../arm-none-eabi/lib/thumb/v7e-m+dp/hard\libg.a(lib_a-mlock.o)
                0x0800b27c                __malloc_lock
 .text.__malloc_unlock
                0x0800b288        0xc c:/sysgcc/arm-eabi/bin/../lib/gcc/arm-none-eabi/10.3.1/../../../../arm-none-eabi/lib/thumb/v7e-m+dp/hard\libg.a(lib_a-mlock.o)
                0x0800b288                __malloc_unlock
 .text._sbrk_r  0x0800b294       0x24 c:/sysgcc/arm-eabi/bin/../lib/gcc/arm-none-eabi/10.3.1/../../../../arm-none-eabi/lib/thumb/v7e-m+dp/hard\libg.a(lib_a-sbrkr.o)
                0x0800b294                _sbrk_r
 .text.__register_exitproc
                0x0800b2b8       0x8c c:/sysgcc/arm-eabi/bin/../lib/gcc/arm-none-eabi/10.3.1/../../../../arm-none-eabi/lib/thumb/v7e-m+dp/hard\libg.a(lib_a-__atexit.o)
                0x0800b2b8                __register_exitproc
 *(.glue_7)
 .glue_7        0x0800b344        0x0 linker stubs
 *(.glue_7t)
 .glue_7t       0x0800b344        0x0 linker stubs
 *(.eh_frame)
 .eh_frame      0x0800b344        0x0 c:/sysgcc/arm-eabi/bin/../lib/gcc/arm-none-eabi/10.3.1/thumb/v7e-m+dp/hard/crtbegin.o
 *(.init)
 .init          0x0800b344        0x4 c:/sysgcc/arm-eabi/bin/../lib/gcc/arm-none-eabi/10.3.1/thumb/v7e-m+dp/hard/crti.o
                0x0800b344                _init
 .init          0x0800b348        0x8 c:/sysgcc/arm-eabi/bin/../lib/gcc/arm-none-eabi/10.3.1/thumb/v7e-m+dp/hard/crtn.o
 *(.fini)
 .fini          0x0800b350        0x4 c:/sysgcc/arm-eabi/bin/../lib/gcc/arm-none-eabi/10.3.1/thumb/v7e-m+dp/hard/crti.o
                0x0800b350                _fini
 .fini          0x0800b354        0x8 c:/sysgcc/arm-eabi/bin/../lib/gcc/arm-none-eabi/10.3.1/thumb/v7e-m+dp/hard/crtn.o
                0x0800b35c                . = ALIGN (0x4)
                0x0800b35c                _etext = .

.vfp11_veneer   0x0800b35c        0x0
 .vfp11_veneer  0x0800b35c        0x0 linker stubs

.v4_bx          0x0800b35c        0x0
 .v4_bx         0x0800b35c        0x0 linker stubs

.iplt           0x0800b35c        0x0
 .iplt          0x0800b35c        0x0 c:/sysgcc/arm-eabi/bin/../lib/gcc/arm-none-eabi/10.3.1/thumb/v7e-m+dp/hard/crtbegin.o

.rodata         0x0800b35c      0x30c
                0x0800b35c                . = ALIGN (0x4)
 *(.rodata)
 .rodata        0x0800b35c      0x13d CMakeFiles/BSP.dir/Core/Src/main.c.obj
 *fill*         0x0800b499        0x3 
 .rodata        0x0800b49c       0x30 CMakeFiles/BSP.dir/Middlewares/Third_Party/FreeRTOS/Source/tasks.c.obj
 .rodata        0x0800b4cc        0xd CMakeFiles/BSP.dir/Middlewares/Third_Party/FreeRTOS/Source/timers.c.obj
 *(.rodata*)
 *fill*         0x0800b4d9        0x3 
 .rodata.defaultTask_attributes
                0x0800b4dc       0x24 CMakeFiles/BSP.dir/Core/Src/main.c.obj
                0x0800b4dc                defaultTask_attributes
 .rodata.BlinkyTask_attributes
                0x0800b500       0x24 CMakeFiles/BSP.dir/Core/Src/main.c.obj
                0x0800b500                BlinkyTask_attributes
 .rodata.adcReadValueT_attributes
                0x0800b524       0x24 CMakeFiles/BSP.dir/Core/Src/main.c.obj
                0x0800b524                adcReadValueT_attributes
 .rodata.readTempT_attributes
                0x0800b548       0x24 CMakeFiles/BSP.dir/Core/Src/main.c.obj
                0x0800b548                readTempT_attributes
 .rodata.pwmLedBrightnes_attributes
                0x0800b56c       0x24 CMakeFiles/BSP.dir/Core/Src/main.c.obj
                0x0800b56c                pwmLedBrightnes_attributes
 .rodata.usartDebugPrint_attributes
                0x0800b590       0x24 CMakeFiles/BSP.dir/Core/Src/main.c.obj
                0x0800b590                usartDebugPrint_attributes
 .rodata.checkISRStateT_attributes
                0x0800b5b4       0x24 CMakeFiles/BSP.dir/Core/Src/main.c.obj
                0x0800b5b4                checkISRStateT_attributes
 .rodata.rtosRuntimeStat_attributes
                0x0800b5d8       0x24 CMakeFiles/BSP.dir/Core/Src/main.c.obj
                0x0800b5d8                rtosRuntimeStat_attributes
 .rodata.msg_Queue_attributes
                0x0800b5fc       0x18 CMakeFiles/BSP.dir/Core/Src/main.c.obj
                0x0800b5fc                msg_Queue_attributes
 .rodata.ISREvent_attributes
                0x0800b614       0x10 CMakeFiles/BSP.dir/Core/Src/main.c.obj
                0x0800b614                ISREvent_attributes
 .rodata.AHBPrescTable
                0x0800b624       0x10 CMakeFiles/BSP.dir/Core/Src/system_stm32f7xx.c.obj
                0x0800b624                AHBPrescTable
 .rodata.APBPrescTable
                0x0800b634        0x8 CMakeFiles/BSP.dir/Core/Src/system_stm32f7xx.c.obj
                0x0800b634                APBPrescTable
 .rodata._global_impure_ptr
                0x0800b63c        0x4 c:/sysgcc/arm-eabi/bin/../lib/gcc/arm-none-eabi/10.3.1/../../../../arm-none-eabi/lib/thumb/v7e-m+dp/hard\libg.a(lib_a-impure.o)
                0x0800b63c                _global_impure_ptr
 .rodata.__utoa.str1.4
                0x0800b640       0x25 c:/sysgcc/arm-eabi/bin/../lib/gcc/arm-none-eabi/10.3.1/../../../../arm-none-eabi/lib/thumb/v7e-m+dp/hard\libg.a(lib_a-utoa.o)
                0x0800b668                . = ALIGN (0x4)
 *fill*         0x0800b665        0x3 

.ARM.extab      0x0800b668        0x0
                0x0800b668                . = ALIGN (0x4)
 *(.ARM.extab* .gnu.linkonce.armextab.*)
                0x0800b668                . = ALIGN (0x4)

.ARM            0x0800b668        0x8
                0x0800b668                . = ALIGN (0x4)
                0x0800b668                __exidx_start = .
 *(.ARM.exidx*)
 .ARM.exidx     0x0800b668        0x8 c:/sysgcc/arm-eabi/bin/../lib/gcc/arm-none-eabi/10.3.1/thumb/v7e-m+dp/hard\libgcc.a(_udivmoddi4.o)
                0x0800b670                __exidx_end = .
                0x0800b670                . = ALIGN (0x4)

.rel.dyn        0x0800b670        0x0
 .rel.iplt      0x0800b670        0x0 c:/sysgcc/arm-eabi/bin/../lib/gcc/arm-none-eabi/10.3.1/thumb/v7e-m+dp/hard/crtbegin.o

.preinit_array  0x0800b670        0x0
                0x0800b670                . = ALIGN (0x4)
                0x0800b670                PROVIDE (__preinit_array_start = .)
 *(.preinit_array*)
                0x0800b670                PROVIDE (__preinit_array_end = .)
                0x0800b670                . = ALIGN (0x4)

.init_array     0x0800b670        0x8
                0x0800b670                . = ALIGN (0x4)
                0x0800b670                PROVIDE (__init_array_start = .)
 *(SORT_BY_NAME(.init_array.*))
 .init_array.00000
                0x0800b670        0x4 c:/sysgcc/arm-eabi/bin/../lib/gcc/arm-none-eabi/10.3.1/../../../../arm-none-eabi/lib/thumb/v7e-m+dp/hard\libg.a(lib_a-__call_atexit.o)
 *(.init_array*)
 .init_array    0x0800b674        0x4 c:/sysgcc/arm-eabi/bin/../lib/gcc/arm-none-eabi/10.3.1/thumb/v7e-m+dp/hard/crtbegin.o
                0x0800b678                PROVIDE (__init_array_end = .)
                0x0800b678                . = ALIGN (0x4)

.fini_array     0x0800b678        0x4
                0x0800b678                . = ALIGN (0x4)
                0x0800b678                PROVIDE (__fini_array_start = .)
 *(SORT_BY_NAME(.fini_array.*))
 *(.fini_array*)
 .fini_array    0x0800b678        0x4 c:/sysgcc/arm-eabi/bin/../lib/gcc/arm-none-eabi/10.3.1/thumb/v7e-m+dp/hard/crtbegin.o
                0x0800b67c                PROVIDE (__fini_array_end = .)
                0x0800b67c                . = ALIGN (0x4)
                0x0800b67c                _sidata = LOADADDR (.data)

.data           0x20000000      0x85c load address 0x0800b67c
                0x20000000                . = ALIGN (0x4)
                0x20000000                _sdata = .
 *(.data)
 *(.data*)
 .data.SystemCoreClock
                0x20000000        0x4 CMakeFiles/BSP.dir/Core/Src/system_stm32f7xx.c.obj
                0x20000000                SystemCoreClock
 .data.uxCriticalNesting
                0x20000004        0x4 CMakeFiles/BSP.dir/Middlewares/Third_Party/FreeRTOS/Source/portable/GCC/ARM_CM7/r0p1/port.c.obj
 .data.uwTickPrio
                0x20000008        0x4 CMakeFiles/BSP.dir/Drivers/STM32F7xx_HAL_Driver/Src/stm32f7xx_hal.c.obj
                0x20000008                uwTickPrio
 .data.uwTickFreq
                0x2000000c        0x1 CMakeFiles/BSP.dir/Drivers/STM32F7xx_HAL_Driver/Src/stm32f7xx_hal.c.obj
                0x2000000c                uwTickFreq
 *fill*         0x2000000d        0x3 
 .data.g_SuppressInstrumentingProfiler
                0x20000010        0x4 CMakeFiles/BSP_EFP_semihosting_and_profiler.dir/C_/Users/volod/AppData/Local/VisualGDB/EmbeddedEFPs/Profiler/InstrumentingProfiler.cpp.obj
                0x20000010                g_SuppressInstrumentingProfiler
 .data._ZN29SysprogsInstrumentingProfilerL21s_pCurrentThreadStateE
                0x20000014        0x4 CMakeFiles/BSP_EFP_semihosting_and_profiler.dir/C_/Users/volod/AppData/Local/VisualGDB/EmbeddedEFPs/Profiler/InstrumentingProfiler.cpp.obj
 .data._impure_ptr
                0x20000018        0x4 c:/sysgcc/arm-eabi/bin/../lib/gcc/arm-none-eabi/10.3.1/../../../../arm-none-eabi/lib/thumb/v7e-m+dp/hard\libg.a(lib_a-impure.o)
                0x20000018                _impure_ptr
 *fill*         0x2000001c        0x4 
 .data.impure_data
                0x20000020      0x428 c:/sysgcc/arm-eabi/bin/../lib/gcc/arm-none-eabi/10.3.1/../../../../arm-none-eabi/lib/thumb/v7e-m+dp/hard\libg.a(lib_a-impure.o)
 .data.__atexit_recursive_mutex
                0x20000448        0x4 c:/sysgcc/arm-eabi/bin/../lib/gcc/arm-none-eabi/10.3.1/../../../../arm-none-eabi/lib/thumb/v7e-m+dp/hard\libg.a(lib_a-__call_atexit.o)
                0x20000448                __atexit_recursive_mutex
 .data.__malloc_av_
                0x2000044c      0x408 c:/sysgcc/arm-eabi/bin/../lib/gcc/arm-none-eabi/10.3.1/../../../../arm-none-eabi/lib/thumb/v7e-m+dp/hard\libg.a(lib_a-mallocr.o)
                0x2000044c                __malloc_av_
 .data.__malloc_sbrk_base
                0x20000854        0x4 c:/sysgcc/arm-eabi/bin/../lib/gcc/arm-none-eabi/10.3.1/../../../../arm-none-eabi/lib/thumb/v7e-m+dp/hard\libg.a(lib_a-mallocr.o)
                0x20000854                __malloc_sbrk_base
 .data.__malloc_trim_threshold
                0x20000858        0x4 c:/sysgcc/arm-eabi/bin/../lib/gcc/arm-none-eabi/10.3.1/../../../../arm-none-eabi/lib/thumb/v7e-m+dp/hard\libg.a(lib_a-mallocr.o)
                0x20000858                __malloc_trim_threshold
 *(.RamFunc)
 *(.RamFunc*)
                0x2000085c                . = ALIGN (0x4)
                0x2000085c                _edata = .

.igot.plt       0x2000085c        0x0 load address 0x0800bed8
 .igot.plt      0x2000085c        0x0 c:/sysgcc/arm-eabi/bin/../lib/gcc/arm-none-eabi/10.3.1/thumb/v7e-m+dp/hard/crtbegin.o
                0x2000085c                . = ALIGN (0x4)

.bss            0x20000860     0xabdc load address 0x0800bed8
                0x20000860                _sbss = .
                0x20000860                __bss_start__ = _sbss
 *(.bss)
 .bss           0x20000860       0x1c c:/sysgcc/arm-eabi/bin/../lib/gcc/arm-none-eabi/10.3.1/thumb/v7e-m+dp/hard/crtbegin.o
 *(.bss*)
 .bss.hadc1     0x2000087c       0x48 CMakeFiles/BSP.dir/Core/Src/main.c.obj
                0x2000087c                hadc1
 .bss.hadc2     0x200008c4       0x48 CMakeFiles/BSP.dir/Core/Src/main.c.obj
                0x200008c4                hadc2
 .bss.htim10    0x2000090c       0x4c CMakeFiles/BSP.dir/Core/Src/main.c.obj
                0x2000090c                htim10
 .bss.htim13    0x20000958       0x4c CMakeFiles/BSP.dir/Core/Src/main.c.obj
                0x20000958                htim13
 .bss.huart3    0x200009a4       0x88 CMakeFiles/BSP.dir/Core/Src/main.c.obj
                0x200009a4                huart3
 .bss.hpcd_USB_OTG_FS
                0x20000a2c      0x508 CMakeFiles/BSP.dir/Core/Src/main.c.obj
                0x20000a2c                hpcd_USB_OTG_FS
 .bss.defaultTaskHandle
                0x20000f34        0x4 CMakeFiles/BSP.dir/Core/Src/main.c.obj
                0x20000f34                defaultTaskHandle
 .bss.BlinkyTaskHandle
                0x20000f38        0x4 CMakeFiles/BSP.dir/Core/Src/main.c.obj
                0x20000f38                BlinkyTaskHandle
 .bss.adcReadValueTHandle
                0x20000f3c        0x4 CMakeFiles/BSP.dir/Core/Src/main.c.obj
                0x20000f3c                adcReadValueTHandle
 .bss.adcReadValueTBuffer
                0x20000f40      0x200 CMakeFiles/BSP.dir/Core/Src/main.c.obj
                0x20000f40                adcReadValueTBuffer
 .bss.adcReadValueTControlBlock
                0x20001140      0x488 CMakeFiles/BSP.dir/Core/Src/main.c.obj
                0x20001140                adcReadValueTControlBlock
 .bss.readTempTHandle
                0x200015c8        0x4 CMakeFiles/BSP.dir/Core/Src/main.c.obj
                0x200015c8                readTempTHandle
 .bss.myTask04Buffer
                0x200015cc      0x200 CMakeFiles/BSP.dir/Core/Src/main.c.obj
                0x200015cc                myTask04Buffer
 *fill*         0x200017cc        0x4 
 .bss.myTask04ControlBlock
                0x200017d0      0x488 CMakeFiles/BSP.dir/Core/Src/main.c.obj
                0x200017d0                myTask04ControlBlock
 .bss.pwmLedBrightnesHandle
                0x20001c58        0x4 CMakeFiles/BSP.dir/Core/Src/main.c.obj
                0x20001c58                pwmLedBrightnesHandle
 .bss.pwmLedBrightnesBuffer
                0x20001c5c      0x200 CMakeFiles/BSP.dir/Core/Src/main.c.obj
                0x20001c5c                pwmLedBrightnesBuffer
 *fill*         0x20001e5c        0x4 
 .bss.pwmLedBrightnesControlBlock
                0x20001e60      0x488 CMakeFiles/BSP.dir/Core/Src/main.c.obj
                0x20001e60                pwmLedBrightnesControlBlock
 .bss.usartDebugPrintHandle
                0x200022e8        0x4 CMakeFiles/BSP.dir/Core/Src/main.c.obj
                0x200022e8                usartDebugPrintHandle
 .bss.usartDebugPrintBuffer
                0x200022ec      0x200 CMakeFiles/BSP.dir/Core/Src/main.c.obj
                0x200022ec                usartDebugPrintBuffer
 *fill*         0x200024ec        0x4 
 .bss.usartDebugPrintControlBlock
                0x200024f0      0x488 CMakeFiles/BSP.dir/Core/Src/main.c.obj
                0x200024f0                usartDebugPrintControlBlock
 .bss.checkISRStateTHandle
                0x20002978        0x4 CMakeFiles/BSP.dir/Core/Src/main.c.obj
                0x20002978                checkISRStateTHandle
 .bss.checkISRStateTBuffer
                0x2000297c      0x400 CMakeFiles/BSP.dir/Core/Src/main.c.obj
                0x2000297c                checkISRStateTBuffer
 *fill*         0x20002d7c        0x4 
 .bss.checkISRStateTControlBlock
                0x20002d80      0x488 CMakeFiles/BSP.dir/Core/Src/main.c.obj
                0x20002d80                checkISRStateTControlBlock
 .bss.rtosRuntimeStatHandle
                0x20003208        0x4 CMakeFiles/BSP.dir/Core/Src/main.c.obj
                0x20003208                rtosRuntimeStatHandle
 .bss.rtosRuntimeStatBuffer
                0x2000320c      0x200 CMakeFiles/BSP.dir/Core/Src/main.c.obj
                0x2000320c                rtosRuntimeStatBuffer
 *fill*         0x2000340c        0x4 
 .bss.rtosRuntimeStatControlBlock
                0x20003410      0x488 CMakeFiles/BSP.dir/Core/Src/main.c.obj
                0x20003410                rtosRuntimeStatControlBlock
 .bss.msg_QueueHandle