Archive member included to satisfy reference by file (symbol)

c:/sysgcc/arm-eabi/bin/../lib/gcc/arm-none-eabi/10.3.1/thumb/v7e-m+dp/hard\libgcc.a(_aeabi_uldivmod.o)
                              CMakeFiles/BSP.dir/Drivers/STM32F7xx_HAL_Driver/Src/stm32f7xx_hal_rcc.c.obj (__aeabi_uldivmod)
c:/sysgcc/arm-eabi/bin/../lib/gcc/arm-none-eabi/10.3.1/thumb/v7e-m+dp/hard\libgcc.a(_udivmoddi4.o)
                              c:/sysgcc/arm-eabi/bin/../lib/gcc/arm-none-eabi/10.3.1/thumb/v7e-m+dp/hard\libgcc.a(_aeabi_uldivmod.o) (__udivmoddi4)
c:/sysgcc/arm-eabi/bin/../lib/gcc/arm-none-eabi/10.3.1/thumb/v7e-m+dp/hard\libgcc.a(_dvmd_tls.o)
                              c:/sysgcc/arm-eabi/bin/../lib/gcc/arm-none-eabi/10.3.1/thumb/v7e-m+dp/hard\libgcc.a(_aeabi_uldivmod.o) (__aeabi_ldiv0)
c:/sysgcc/arm-eabi/bin/../lib/gcc/arm-none-eabi/10.3.1/../../../../arm-none-eabi/lib/thumb/v7e-m+dp/hard\libg_nano.a(lib_a-errno.o)
                              CMakeFiles/BSP.dir/Core/Src/syscalls.c.obj (__errno)
c:/sysgcc/arm-eabi/bin/../lib/gcc/arm-none-eabi/10.3.1/../../../../arm-none-eabi/lib/thumb/v7e-m+dp/hard\libg_nano.a(lib_a-exit.o)
                              c:/sysgcc/arm-eabi/bin/../lib/gcc/arm-none-eabi/10.3.1/../../../../arm-none-eabi/lib/thumb/v7e-m+dp/hard/crt0.o (exit)
c:/sysgcc/arm-eabi/bin/../lib/gcc/arm-none-eabi/10.3.1/../../../../arm-none-eabi/lib/thumb/v7e-m+dp/hard\libg_nano.a(lib_a-impure.o)
                              c:/sysgcc/arm-eabi/bin/../lib/gcc/arm-none-eabi/10.3.1/../../../../arm-none-eabi/lib/thumb/v7e-m+dp/hard\libg_nano.a(lib_a-exit.o) (_global_impure_ptr)
c:/sysgcc/arm-eabi/bin/../lib/gcc/arm-none-eabi/10.3.1/../../../../arm-none-eabi/lib/thumb/v7e-m+dp/hard\libg_nano.a(lib_a-init.o)
                              c:/sysgcc/arm-eabi/bin/../lib/gcc/arm-none-eabi/10.3.1/../../../../arm-none-eabi/lib/thumb/v7e-m+dp/hard/crt0.o (__libc_init_array)
c:/sysgcc/arm-eabi/bin/../lib/gcc/arm-none-eabi/10.3.1/../../../../arm-none-eabi/lib/thumb/v7e-m+dp/hard\libg_nano.a(lib_a-itoa.o)
                              CMakeFiles/BSP.dir/Core/Src/main.c.obj (itoa)
c:/sysgcc/arm-eabi/bin/../lib/gcc/arm-none-eabi/10.3.1/../../../../arm-none-eabi/lib/thumb/v7e-m+dp/hard\libg_nano.a(lib_a-memcpy-stub.o)
                              CMakeFiles/BSP.dir/Middlewares/Third_Party/FreeRTOS/Source/queue.c.obj (memcpy)
c:/sysgcc/arm-eabi/bin/../lib/gcc/arm-none-eabi/10.3.1/../../../../arm-none-eabi/lib/thumb/v7e-m+dp/hard\libg_nano.a(lib_a-memset.o)
                              c:/sysgcc/arm-eabi/bin/../lib/gcc/arm-none-eabi/10.3.1/../../../../arm-none-eabi/lib/thumb/v7e-m+dp/hard/crt0.o (memset)
c:/sysgcc/arm-eabi/bin/../lib/gcc/arm-none-eabi/10.3.1/../../../../arm-none-eabi/lib/thumb/v7e-m+dp/hard\libg_nano.a(lib_a-nano-vfprintf_float.o)
                              (_printf_float)
c:/sysgcc/arm-eabi/bin/../lib/gcc/arm-none-eabi/10.3.1/../../../../arm-none-eabi/lib/thumb/v7e-m+dp/hard\libg_nano.a(lib_a-nano-vfprintf_i.o)
                              c:/sysgcc/arm-eabi/bin/../lib/gcc/arm-none-eabi/10.3.1/../../../../arm-none-eabi/lib/thumb/v7e-m+dp/hard\libg_nano.a(lib_a-nano-vfprintf_float.o) (_printf_common)
c:/sysgcc/arm-eabi/bin/../lib/gcc/arm-none-eabi/10.3.1/../../../../arm-none-eabi/lib/thumb/v7e-m+dp/hard\libg_nano.a(lib_a-nano-vfscanf_float.o)
                              (_scanf_float)
c:/sysgcc/arm-eabi/bin/../lib/gcc/arm-none-eabi/10.3.1/../../../../arm-none-eabi/lib/thumb/v7e-m+dp/hard\libg_nano.a(lib_a-reent.o)
                              CMakeFiles/BSP.dir/Middlewares/Third_Party/FreeRTOS/Source/tasks.c.obj (_reclaim_reent)
c:/sysgcc/arm-eabi/bin/../lib/gcc/arm-none-eabi/10.3.1/../../../../arm-none-eabi/lib/thumb/v7e-m+dp/hard\libg_nano.a(lib_a-sf_nan.o)
                              c:/sysgcc/arm-eabi/bin/../lib/gcc/arm-none-eabi/10.3.1/../../../../arm-none-eabi/lib/thumb/v7e-m+dp/hard\libg_nano.a(lib_a-nano-vfscanf_float.o) (nanf)
c:/sysgcc/arm-eabi/bin/../lib/gcc/arm-none-eabi/10.3.1/../../../../arm-none-eabi/lib/thumb/v7e-m+dp/hard\libg_nano.a(lib_a-sprintf.o)
                              CMakeFiles/BSP.dir/Middlewares/Third_Party/FreeRTOS/Source/tasks.c.obj (sprintf)
c:/sysgcc/arm-eabi/bin/../lib/gcc/arm-none-eabi/10.3.1/../../../../arm-none-eabi/lib/thumb/v7e-m+dp/hard\libg_nano.a(lib_a-strcpy.o)
                              CMakeFiles/BSP.dir/Core/Src/main.c.obj (strcpy)
c:/sysgcc/arm-eabi/bin/../lib/gcc/arm-none-eabi/10.3.1/../../../../arm-none-eabi/lib/thumb/v7e-m+dp/hard\libg_nano.a(lib_a-strlen.o)
                              CMakeFiles/BSP.dir/Core/Src/main.c.obj (strlen)
c:/sysgcc/arm-eabi/bin/../lib/gcc/arm-none-eabi/10.3.1/../../../../arm-none-eabi/lib/thumb/v7e-m+dp/hard\libg_nano.a(lib_a-strtod.o)
                              c:/sysgcc/arm-eabi/bin/../lib/gcc/arm-none-eabi/10.3.1/../../../../arm-none-eabi/lib/thumb/v7e-m+dp/hard\libg_nano.a(lib_a-nano-vfscanf_float.o) (_strtod_r)
[...]
Memory Configuration

Name             Origin             Length             Attributes
RAM              0x20000000         0x00080000         xrw
FLASH            0x08000000         0x00200000         xr
*default*        0x00000000         0xffffffff

Linker script and memory map

LOAD c:/sysgcc/arm-eabi/bin/../lib/gcc/arm-none-eabi/10.3.1/thumb/v7e-m+dp/hard/crti.o
LOAD c:/sysgcc/arm-eabi/bin/../lib/gcc/arm-none-eabi/10.3.1/thumb/v7e-m+dp/hard/crtbegin.o
LOAD c:/sysgcc/arm-eabi/bin/../lib/gcc/arm-none-eabi/10.3.1/../../../../arm-none-eabi/lib/thumb/v7e-m+dp/hard/crt0.o
LOAD CMakeFiles/BSP.dir/Core/Src/freertos.c.obj
LOAD CMakeFiles/BSP.dir/Core/Src/main.c.obj
LOAD CMakeFiles/BSP.dir/Core/Src/stm32f7xx_hal_msp.c.obj
LOAD CMakeFiles/BSP.dir/Core/Src/stm32f7xx_hal_timebase_tim.c.obj
LOAD CMakeFiles/BSP.dir/Core/Src/stm32f7xx_it.c.obj
LOAD CMakeFiles/BSP.dir/Core/Src/syscalls.c.obj
LOAD CMakeFiles/BSP.dir/Core/Src/sysmem.c.obj
LOAD CMakeFiles/BSP.dir/Core/Src/system_stm32f7xx.c.obj
LOAD CMakeFiles/BSP.dir/Core/Startup/startup_stm32f767zitx.s.obj
LOAD CMakeFiles/BSP.dir/Middlewares/Third_Party/FreeRTOS/Source/croutine.c.obj
LOAD CMakeFiles/BSP.dir/Middlewares/Third_Party/FreeRTOS/Source/event_groups.c.obj
LOAD CMakeFiles/BSP.dir/Middlewares/Third_Party/FreeRTOS/Source/list.c.obj
LOAD CMakeFiles/BSP.dir/Middlewares/Third_Party/FreeRTOS/Source/queue.c.obj
LOAD CMakeFiles/BSP.dir/Middlewares/Third_Party/FreeRTOS/Source/stream_buffer.c.obj
LOAD CMakeFiles/BSP.dir/Middlewares/Third_Party/FreeRTOS/Source/tasks.c.obj
LOAD CMakeFiles/BSP.dir/Middlewares/Third_Party/FreeRTOS/Source/timers.c.obj
LOAD CMakeFiles/BSP.dir/Middlewares/Third_Party/FreeRTOS/Source/CMSIS_RTOS_V2/cmsis_os2.c.obj
LOAD CMakeFiles/BSP.dir/Middlewares/Third_Party/FreeRTOS/Source/portable/GCC/ARM_CM7/r0p1/port.c.obj
LOAD CMakeFiles/BSP.dir/Middlewares/Third_Party/FreeRTOS/Source/portable/MemMang/heap_4.c.obj
LOAD CMakeFiles/BSP.dir/Drivers/STM32F7xx_HAL_Driver/Src/stm32f7xx_hal.c.obj
LOAD CMakeFiles/BSP.dir/Drivers/STM32F7xx_HAL_Driver/Src/stm32f7xx_hal_adc.c.obj
LOAD CMakeFiles/BSP.dir/Drivers/STM32F7xx_HAL_Driver/Src/stm32f7xx_hal_adc_ex.c.obj
LOAD CMakeFiles/BSP.dir/Drivers/STM32F7xx_HAL_Driver/Src/stm32f7xx_hal_cortex.c.obj
LOAD CMakeFiles/BSP.dir/Drivers/STM32F7xx_HAL_Driver/Src/stm32f7xx_hal_dma.c.obj
LOAD CMakeFiles/BSP.dir/Drivers/STM32F7xx_HAL_Driver/Src/stm32f7xx_hal_dma_ex.c.obj
LOAD CMakeFiles/BSP.dir/Drivers/STM32F7xx_HAL_Driver/Src/stm32f7xx_hal_exti.c.obj
LOAD CMakeFiles/BSP.dir/Drivers/STM32F7xx_HAL_Driver/Src/stm32f7xx_hal_flash.c.obj
LOAD CMakeFiles/BSP.dir/Drivers/STM32F7xx_HAL_Driver/Src/stm32f7xx_hal_flash_ex.c.obj
LOAD CMakeFiles/BSP.dir/Drivers/STM32F7xx_HAL_Driver/Src/stm32f7xx_hal_gpio.c.obj
LOAD CMakeFiles/BSP.dir/Drivers/STM32F7xx_HAL_Driver/Src/stm32f7xx_hal_i2c.c.obj
LOAD CMakeFiles/BSP.dir/Drivers/STM32F7xx_HAL_Driver/Src/stm32f7xx_hal_i2c_ex.c.obj
LOAD CMakeFiles/BSP.dir/Drivers/STM32F7xx_HAL_Driver/Src/stm32f7xx_hal_pcd.c.obj
LOAD CMakeFiles/BSP.dir/Drivers/STM32F7xx_HAL_Driver/Src/stm32f7xx_hal_pcd_ex.c.obj
LOAD CMakeFiles/BSP.dir/Drivers/STM32F7xx_HAL_Driver/Src/stm32f7xx_hal_pwr.c.obj
LOAD CMakeFiles/BSP.dir/Drivers/STM32F7xx_HAL_Driver/Src/stm32f7xx_hal_pwr_ex.c.obj
LOAD CMakeFiles/BSP.dir/Drivers/STM32F7xx_HAL_Driver/Src/stm32f7xx_hal_rcc.c.obj
LOAD CMakeFiles/BSP.dir/Drivers/STM32F7xx_HAL_Driver/Src/stm32f7xx_hal_rcc_ex.c.obj
LOAD CMakeFiles/BSP.dir/Drivers/STM32F7xx_HAL_Driver/Src/stm32f7xx_hal_tim.c.obj
LOAD CMakeFiles/BSP.dir/Drivers/STM32F7xx_HAL_Driver/Src/stm32f7xx_hal_tim_ex.c.obj
LOAD CMakeFiles/BSP.dir/Drivers/STM32F7xx_HAL_Driver/Src/stm32f7xx_hal_uart.c.obj
LOAD CMakeFiles/BSP.dir/Drivers/STM32F7xx_HAL_Driver/Src/stm32f7xx_hal_uart_ex.c.obj
LOAD CMakeFiles/BSP.dir/Drivers/STM32F7xx_HAL_Driver/Src/stm32f7xx_ll_usb.c.obj
LOAD CMakeFiles/BSP_EFP_Profiler.dir/C_/Users/volod/AppData/Local/VisualGDB/EmbeddedEFPs/Profiler/FastSemihosting.cpp.obj
LOAD CMakeFiles/BSP_EFP_Profiler.dir/C_/Users/volod/AppData/Local/VisualGDB/EmbeddedEFPs/Profiler/InstrumentingProfiler.cpp.obj
LOAD CMakeFiles/BSP_EFP_Profiler.dir/C_/Users/volod/AppData/Local/VisualGDB/EmbeddedEFPs/Profiler/TestResourceManager.cpp.obj
LOAD CMakeFiles/BSP_EFP_Profiler.dir/C_/Users/volod/AppData/Local/VisualGDB/EmbeddedEFPs/Profiler/SamplingProfiler.cpp.obj
LOAD CMakeFiles/BSP_EFP_Profiler.dir/C_/Users/volod/AppData/Local/VisualGDB/EmbeddedEFPs/Profiler/ProfilerRTOS_FreeRTOS.c.obj
LOAD CMakeFiles/Stm32CubeMXFreeRTOS.dir/C_/Program_Files_(x86)/Sysprogs/VisualGDB/CMake/embedded/dummy.c.obj
LOAD c:/sysgcc/arm-eabi/bin/../lib/gcc/arm-none-eabi/10.3.1/../../../../arm-none-eabi/lib/thumb/v7e-m+dp/hard\libstdc++_nano.a
LOAD c:/sysgcc/arm-eabi/bin/../lib/gcc/arm-none-eabi/10.3.1/../../../../arm-none-eabi/lib/thumb/v7e-m+dp/hard\libm.a
START GROUP
LOAD c:/sysgcc/arm-eabi/bin/../lib/gcc/arm-none-eabi/10.3.1/thumb/v7e-m+dp/hard\libgcc.a
LOAD c:/sysgcc/arm-eabi/bin/../lib/gcc/arm-none-eabi/10.3.1/../../../../arm-none-eabi/lib/thumb/v7e-m+dp/hard\libg_nano.a
LOAD c:/sysgcc/arm-eabi/bin/../lib/gcc/arm-none-eabi/10.3.1/../../../../arm-none-eabi/lib/thumb/v7e-m+dp/hard\libc_nano.a
END GROUP
START GROUP
LOAD c:/sysgcc/arm-eabi/bin/../lib/gcc/arm-none-eabi/10.3.1/thumb/v7e-m+dp/hard\libgcc.a
LOAD c:/sysgcc/arm-eabi/bin/../lib/gcc/arm-none-eabi/10.3.1/../../../../arm-none-eabi/lib/thumb/v7e-m+dp/hard\libc_nano.a
END GROUP
LOAD c:/sysgcc/arm-eabi/bin/../lib/gcc/arm-none-eabi/10.3.1/thumb/v7e-m+dp/hard/crtend.o
LOAD c:/sysgcc/arm-eabi/bin/../lib/gcc/arm-none-eabi/10.3.1/thumb/v7e-m+dp/hard/crtn.o
                0x20080000                _estack = (ORIGIN (RAM) + LENGTH (RAM))
                0x00000200                _Min_Heap_Size = 0x200
                0x00000400                _Min_Stack_Size = 0x400

.isr_vector     0x08000000      0x1f8
                0x08000000                . = ALIGN (0x4)
 *(.isr_vector)
 .isr_vector    0x08000000      0x1f8 CMakeFiles/BSP.dir/Core/Startup/startup_stm32f767zitx.s.obj
                0x08000000                g_pfnVectors
                0x080001f8                . = ALIGN (0x4)

.text           0x08000200     0xf8c8
                0x08000200                . = ALIGN (0x4)
 *(.text)
 .text          0x08000200       0x40 c:/sysgcc/arm-eabi/bin/../lib/gcc/arm-none-eabi/10.3.1/thumb/v7e-m+dp/hard/crtbegin.o
 .text          0x08000240       0x30 c:/sysgcc/arm-eabi/bin/../lib/gcc/arm-none-eabi/10.3.1/thumb/v7e-m+dp/hard\libgcc.a(_aeabi_uldivmod.o)
                0x08000240                __aeabi_uldivmod
 .text          0x08000270      0x2d0 c:/sysgcc/arm-eabi/bin/../lib/gcc/arm-none-eabi/10.3.1/thumb/v7e-m+dp/hard\libgcc.a(_udivmoddi4.o)
                0x08000270                __udivmoddi4
 .text          0x08000540        0x4 c:/sysgcc/arm-eabi/bin/../lib/gcc/arm-none-eabi/10.3.1/thumb/v7e-m+dp/hard\libgcc.a(_dvmd_tls.o)
                0x08000540                __aeabi_idiv0
                0x08000540                __aeabi_ldiv0
 .text          0x08000544       0x10 c:/sysgcc/arm-eabi/bin/../lib/gcc/arm-none-eabi/10.3.1/../../../../arm-none-eabi/lib/thumb/v7e-m+dp/hard\libg_nano.a(lib_a-strlen.o)
                0x08000544                strlen
 *fill*         0x08000554        0xc 
 .text          0x08000560       0xa0 c:/sysgcc/arm-eabi/bin/../lib/gcc/arm-none-eabi/10.3.1/../../../../arm-none-eabi/lib/thumb/v7e-m+dp/hard\libg_nano.a(lib_a-memchr.o)
                0x08000560                memchr
 .text          0x08000600      0x378 c:/sysgcc/arm-eabi/bin/../lib/gcc/arm-none-eabi/10.3.1/thumb/v7e-m+dp/hard\libgcc.a(_arm_addsubdf3.o)
                0x08000600                __aeabi_drsub
                0x08000608                __aeabi_dsub
                0x08000608                __subdf3
                0x0800060c                __aeabi_dadd
                0x0800060c                __adddf3
                0x08000884                __floatunsidf
                0x08000884                __aeabi_ui2d
                0x080008a4                __floatsidf
                0x080008a4                __aeabi_i2d
                0x080008c8                __aeabi_f2d
                0x080008c8                __extendsfdf2
                0x0800090c                __floatundidf
                0x0800090c                __aeabi_ul2d
                0x0800091c                __floatdidf
                0x0800091c                __aeabi_l2d
 .text          0x08000978       0x30 c:/sysgcc/arm-eabi/bin/../lib/gcc/arm-none-eabi/10.3.1/thumb/v7e-m+dp/hard\libgcc.a(_fixdfdi.o)
                0x08000978                __fixdfdi
                0x08000978                __aeabi_d2lz
 .text          0x080009a8       0x40 c:/sysgcc/arm-eabi/bin/../lib/gcc/arm-none-eabi/10.3.1/thumb/v7e-m+dp/hard\libgcc.a(_fixunsdfdi.o)
                0x080009a8                __fixunsdfdi
                0x080009a8                __aeabi_d2ulz
 *(.text*)
 .text.configureTimerForRunTimeStats
                0x080009e8        0xe CMakeFiles/BSP.dir/Core/Src/freertos.c.obj
                0x080009e8                configureTimerForRunTimeStats
 .text.getRunTimeCounterValue
                0x080009f6       0x10 CMakeFiles/BSP.dir/Core/Src/freertos.c.obj
                0x080009f6                getRunTimeCounterValue
 *fill*         0x08000a06        0x2 
 .text.TIM3_IRQHandler
                0x08000a08       0x20 CMakeFiles/BSP.dir/Core/Src/main.c.obj
                0x08000a08                TIM3_IRQHandler
 .text.StartDelayCountingTimer
                0x08000a28       0x6c CMakeFiles/BSP.dir/Core/Src/main.c.obj
                0x08000a28                StartDelayCountingTimer
 .text.SysprogsInstrumentingProfiler_ReadTimerValue
                0x08000a94       0x98 CMakeFiles/BSP.dir/Core/Src/main.c.obj
                0x08000a94                SysprogsInstrumentingProfiler_ReadTimerValue
 .text.SysprogsInstrumentingProfiler_QueryAndResetPerformanceCounter
                0x08000b2c       0x48 CMakeFiles/BSP.dir/Core/Src/main.c.obj
                0x08000b2c                SysprogsInstrumentingProfiler_QueryAndResetPerformanceCounter
 .text.main     0x08000b74      0x198 CMakeFiles/BSP.dir/Core/Src/main.c.obj
                0x08000b74                main
 .text.SystemClock_Config
                0x08000d0c       0xe0 CMakeFiles/BSP.dir/Core/Src/main.c.obj
                0x08000d0c                SystemClock_Config
 .text.MX_ADC1_Init
                0x08000dec       0xa8 CMakeFiles/BSP.dir/Core/Src/main.c.obj
 .text.MX_ADC2_Init
                0x08000e94       0xa4 CMakeFiles/BSP.dir/Core/Src/main.c.obj
 .text.MX_TIM10_Init
                0x08000f38       0x48 CMakeFiles/BSP.dir/Core/Src/main.c.obj
 .text.MX_TIM13_Init
                0x08000f80       0x9c CMakeFiles/BSP.dir/Core/Src/main.c.obj
 .text.MX_USART3_UART_Init
                0x0800101c       0x60 CMakeFiles/BSP.dir/Core/Src/main.c.obj
 .text.MX_USB_OTG_FS_PCD_Init
                0x0800107c       0x5c CMakeFiles/BSP.dir/Core/Src/main.c.obj
 .text.MX_GPIO_Init
                0x080010d8      0x154 CMakeFiles/BSP.dir/Core/Src/main.c.obj
 .text.HAL_GPIO_EXTI_Callback
                0x0800122c       0x38 CMakeFiles/BSP.dir/Core/Src/main.c.obj
                0x0800122c                HAL_GPIO_EXTI_Callback
 .text.getTemperature
                0x08001264       0x28 CMakeFiles/BSP.dir/Core/Src/main.c.obj
 .text.printUsartMessage
                0x0800128c       0x28 CMakeFiles/BSP.dir/Core/Src/main.c.obj
 .text.StartDefaultTask
                0x080012b4       0x10 CMakeFiles/BSP.dir/Core/Src/main.c.obj
                0x080012b4                StartDefaultTask
 .text.ledBlinkBlue
                0x080012c4       0x1c CMakeFiles/BSP.dir/Core/Src/main.c.obj
                0x080012c4                ledBlinkBlue
 .text.StartBlinkyTask
                0x080012e0       0x20 CMakeFiles/BSP.dir/Core/Src/main.c.obj
                0x080012e0                StartBlinkyTask
 .text.adcReadValueTask
                0x08001300       0x40 CMakeFiles/BSP.dir/Core/Src/main.c.obj
                0x08001300                adcReadValueTask
 .text.readTempTask
                0x08001340       0xa8 CMakeFiles/BSP.dir/Core/Src/main.c.obj
                0x08001340                readTempTask
 .text.pwmLedBrightnessTask
                0x080013e8       0x8c CMakeFiles/BSP.dir/Core/Src/main.c.obj
                0x080013e8                pwmLedBrightnessTask
 .text.usartDebugPrintTask
                0x08001474       0x30 CMakeFiles/BSP.dir/Core/Src/main.c.obj
                0x08001474                usartDebugPrintTask
 .text.checkISRStateTask
                0x080014a4       0xcc CMakeFiles/BSP.dir/Core/Src/main.c.obj
                0x080014a4                checkISRStateTask
 .text.rtosRuntimeStatsTask
                0x08001570       0x10 CMakeFiles/BSP.dir/Core/Src/main.c.obj
                0x08001570                rtosRuntimeStatsTask
 .text.HAL_TIM_PeriodElapsedCallback
                0x08001580       0x24 CMakeFiles/BSP.dir/Core/Src/main.c.obj
                0x08001580                HAL_TIM_PeriodElapsedCallback
 .text.Error_Handler
                0x080015a4        0xa CMakeFiles/BSP.dir/Core/Src/main.c.obj
                0x080015a4                Error_Handler
 *fill*         0x080015ae        0x2 
 .text.HAL_MspInit
                0x080015b0       0x50 CMakeFiles/BSP.dir/Core/Src/stm32f7xx_hal_msp.c.obj
                0x080015b0                HAL_MspInit
 .text.HAL_ADC_MspInit
                0x08001600       0xdc CMakeFiles/BSP.dir/Core/Src/stm32f7xx_hal_msp.c.obj
                0x08001600                HAL_ADC_MspInit
 .text.HAL_TIM_Base_MspInit
                0x080016dc       0x84 CMakeFiles/BSP.dir/Core/Src/stm32f7xx_hal_msp.c.obj
                0x080016dc                HAL_TIM_Base_MspInit
 .text.HAL_TIM_MspPostInit
                0x08001760       0x70 CMakeFiles/BSP.dir/Core/Src/stm32f7xx_hal_msp.c.obj
                0x08001760                HAL_TIM_MspPostInit
 .text.HAL_UART_MspInit
                0x080017d0       0xc0 CMakeFiles/BSP.dir/Core/Src/stm32f7xx_hal_msp.c.obj
                0x080017d0                HAL_UART_MspInit
 .text.HAL_PCD_MspInit
                0x08001890       0xf4 CMakeFiles/BSP.dir/Core/Src/stm32f7xx_hal_msp.c.obj
                0x08001890                HAL_PCD_MspInit
 .text.HAL_InitTick
                0x08001984       0xe4 CMakeFiles/BSP.dir/Core/Src/stm32f7xx_hal_timebase_tim.c.obj
                0x08001984                HAL_InitTick
 .text.NMI_Handler
                0x08001a68        0x6 CMakeFiles/BSP.dir/Core/Src/stm32f7xx_it.c.obj
                0x08001a68                NMI_Handler
 .text.HardFault_Handler
                0x08001a6e        0x6 CMakeFiles/BSP.dir/Core/Src/stm32f7xx_it.c.obj
                0x08001a6e                HardFault_Handler
 .text.MemManage_Handler
                0x08001a74        0x6 CMakeFiles/BSP.dir/Core/Src/stm32f7xx_it.c.obj
                0x08001a74                MemManage_Handler
 .text.BusFault_Handler
                0x08001a7a        0x6 CMakeFiles/BSP.dir/Core/Src/stm32f7xx_it.c.obj
                0x08001a7a                BusFault_Handler
 .text.UsageFault_Handler
                0x08001a80        0x6 CMakeFiles/BSP.dir/Core/Src/stm32f7xx_it.c.obj
                0x08001a80                UsageFault_Handler
 .text.DebugMon_Handler
                0x08001a86        0xe CMakeFiles/BSP.dir/Core/Src/stm32f7xx_it.c.obj
                0x08001a86                DebugMon_Handler
 .text.TIM1_UP_TIM10_IRQHandler
                0x08001a94       0x14 CMakeFiles/BSP.dir/Core/Src/stm32f7xx_it.c.obj
                0x08001a94                TIM1_UP_TIM10_IRQHandler
 .text.EXTI15_10_IRQHandler
                0x08001aa8       0x10 CMakeFiles/BSP.dir/Core/Src/stm32f7xx_it.c.obj
                0x08001aa8                EXTI15_10_IRQHandler
 .text.TIM8_UP_TIM13_IRQHandler
                0x08001ab8       0x1c CMakeFiles/BSP.dir/Core/Src/stm32f7xx_it.c.obj
                0x08001ab8                TIM8_UP_TIM13_IRQHandler
 .text._getpid  0x08001ad4       0x10 CMakeFiles/BSP.dir/Core/Src/syscalls.c.obj
                0x08001ad4                _getpid
 .text._kill    0x08001ae4       0x20 CMakeFiles/BSP.dir/Core/Src/syscalls.c.obj
                0x08001ae4                _kill
 .text._exit    0x08001b04       0x14 CMakeFiles/BSP.dir/Core/Src/syscalls.c.obj
                0x08001b04                _exit
 .text._close   0x08001b18       0x18 CMakeFiles/BSP.dir/Core/Src/syscalls.c.obj
                0x08001b18                _close
 .text._fstat   0x08001b30       0x20 CMakeFiles/BSP.dir/Core/Src/syscalls.c.obj
                0x08001b30                _fstat
 .text._lseek   0x08001b50       0x1a CMakeFiles/BSP.dir/Core/Src/syscalls.c.obj
                0x08001b50                _lseek
 *fill*         0x08001b6a        0x2 
 .text._sbrk    0x08001b6c       0x6c CMakeFiles/BSP.dir/Core/Src/sysmem.c.obj
                0x08001b6c                _sbrk
 .text.SystemInit
                0x08001bd8       0x24 CMakeFiles/BSP.dir/Core/Src/system_stm32f7xx.c.obj
                0x08001bd8                SystemInit
 .text.Reset_Handler
                0x08001bfc       0x50 CMakeFiles/BSP.dir/Core/Startup/startup_stm32f767zitx.s.obj
                0x08001bfc                Reset_Handler
 .text.Default_Handler
                0x08001c4c        0x2 CMakeFiles/BSP.dir/Core/Startup/startup_stm32f767zitx.s.obj
                0x08001c4c                RTC_Alarm_IRQHandler
                0x08001c4c                EXTI2_IRQHandler
                0x08001c4c                TIM8_CC_IRQHandler
                0x08001c4c                UART8_IRQHandler
                0x08001c4c                SPI4_IRQHandler
                0x08001c4c                TIM1_CC_IRQHandler
                0x08001c4c                DMA2_Stream5_IRQHandler
                0x08001c4c                JPEG_IRQHandler
                0x08001c4c                DMA1_Stream5_IRQHandler
                0x08001c4c                CAN3_RX1_IRQHandler
                0x08001c4c                PVD_IRQHandler
                0x08001c4c                TAMP_STAMP_IRQHandler
                0x08001c4c                CAN2_RX1_IRQHandler
                0x08001c4c                EXTI3_IRQHandler
                0x08001c4c                TIM8_TRG_COM_TIM14_IRQHandler
                0x08001c4c                DFSDM1_FLT1_IRQHandler
                0x08001c4c                I2C3_ER_IRQHandler
                0x08001c4c                DFSDM1_FLT2_IRQHandler
                0x08001c4c                EXTI0_IRQHandler
                0x08001c4c                I2C2_EV_IRQHandler
                0x08001c4c                DMA1_Stream2_IRQHandler
                0x08001c4c                CAN1_RX0_IRQHandler
                0x08001c4c                FPU_IRQHandler
                0x08001c4c                OTG_HS_WKUP_IRQHandler
                0x08001c4c                CAN3_SCE_IRQHandler
                0x08001c4c                LTDC_ER_IRQHandler
                0x08001c4c                CAN2_SCE_IRQHandler
                0x08001c4c                DMA2_Stream2_IRQHandler
                0x08001c4c                SPI1_IRQHandler
                0x08001c4c                TIM6_DAC_IRQHandler
                0x08001c4c                TIM1_BRK_TIM9_IRQHandler
                0x08001c4c                DCMI_IRQHandler
                0x08001c4c                CAN2_RX0_IRQHandler
                0x08001c4c                DMA2_Stream3_IRQHandler
                0x08001c4c                SAI2_IRQHandler
                0x08001c4c                DFSDM1_FLT3_IRQHandler
                0x08001c4c                USART6_IRQHandler
                0x08001c4c                CAN3_RX0_IRQHandler
                0x08001c4c                USART3_IRQHandler
                0x08001c4c                CAN1_RX1_IRQHandler
                0x08001c4c                UART5_IRQHandler
                0x08001c4c                DMA2_Stream0_IRQHandler
                0x08001c4c                TIM4_IRQHandler
                0x08001c4c                QUADSPI_IRQHandler
                0x08001c4c                I2C1_EV_IRQHandler
                0x08001c4c                DMA1_Stream6_IRQHandler
                0x08001c4c                DMA1_Stream1_IRQHandler
                0x08001c4c                UART4_IRQHandler
                0x08001c4c                RCC_IRQHandler
                0x08001c4c                TIM8_BRK_TIM12_IRQHandler
                0x08001c4c                Default_Handler
                0x08001c4c                CEC_IRQHandler
                0x08001c4c                ADC_IRQHandler
                0x08001c4c                DMA1_Stream7_IRQHandler
                0x08001c4c                SPI5_IRQHandler
                0x08001c4c                TIM7_IRQHandler
                0x08001c4c                SDMMC1_IRQHandler
                0x08001c4c                CAN2_TX_IRQHandler
                0x08001c4c                TIM5_IRQHandler
                0x08001c4c                DMA2_Stream7_IRQHandler
                0x08001c4c                I2C3_EV_IRQHandler
                0x08001c4c                EXTI9_5_IRQHandler
                0x08001c4c                RTC_WKUP_IRQHandler
                0x08001c4c                LTDC_IRQHandler
                0x08001c4c                ETH_WKUP_IRQHandler
                0x08001c4c                SPDIF_RX_IRQHandler
                0x08001c4c                SPI2_IRQHandler
                0x08001c4c                OTG_HS_EP1_IN_IRQHandler
                0x08001c4c                DMA1_Stream0_IRQHandler
                0x08001c4c                CAN1_TX_IRQHandler
                0x08001c4c                EXTI4_IRQHandler
                0x08001c4c                RNG_IRQHandler
                0x08001c4c                ETH_IRQHandler
                0x08001c4c                OTG_HS_EP1_OUT_IRQHandler
                0x08001c4c                WWDG_IRQHandler
                0x08001c4c                SPI6_IRQHandler
                0x08001c4c                MDIOS_IRQHandler
                0x08001c4c                I2C4_EV_IRQHandler
                0x08001c4c                CAN3_TX_IRQHandler
                0x08001c4c                TIM2_IRQHandler
                0x08001c4c                OTG_FS_WKUP_IRQHandler
                0x08001c4c                TIM1_TRG_COM_TIM11_IRQHandler
                0x08001c4c                OTG_HS_IRQHandler
                0x08001c4c                DMA2D_IRQHandler
                0x08001c4c                EXTI1_IRQHandler
                0x08001c4c                SDMMC2_IRQHandler
                0x08001c4c                UART7_IRQHandler
                0x08001c4c                USART2_IRQHandler
                0x08001c4c                DFSDM1_FLT0_IRQHandler
                0x08001c4c                I2C2_ER_IRQHandler
                0x08001c4c                DMA2_Stream1_IRQHandler
                0x08001c4c                CAN1_SCE_IRQHandler
                0x08001c4c                FLASH_IRQHandler
                0x08001c4c                DMA2_Stream4_IRQHandler
                0x08001c4c                USART1_IRQHandler
                0x08001c4c                OTG_FS_IRQHandler
                0x08001c4c                SPI3_IRQHandler
                0x08001c4c                DMA1_Stream4_IRQHandler
                0x08001c4c                I2C1_ER_IRQHandler
                0x08001c4c                FMC_IRQHandler
                0x08001c4c                LPTIM1_IRQHandler
                0x08001c4c                I2C4_ER_IRQHandler
                0x08001c4c                DMA2_Stream6_IRQHandler
                0x08001c4c                SAI1_IRQHandler
                0x08001c4c                DMA1_Stream3_IRQHandler
 .text.xEventGroupCreateStatic
                0x08001c4e       0x76 CMakeFiles/BSP.dir/Middlewares/Third_Party/FreeRTOS/Source/event_groups.c.obj
                0x08001c4e                xEventGroupCreateStatic
 .text.xEventGroupCreate
                0x08001cc4       0x34 CMakeFiles/BSP.dir/Middlewares/Third_Party/FreeRTOS/Source/event_groups.c.obj
                0x08001cc4                xEventGroupCreate
 .text.xEventGroupWaitBits
                0x08001cf8      0x1ac CMakeFiles/BSP.dir/Middlewares/Third_Party/FreeRTOS/Source/event_groups.c.obj
                0x08001cf8                xEventGroupWaitBits
 .text.xEventGroupSetBits
                0x08001ea4      0x11e CMakeFiles/BSP.dir/Middlewares/Third_Party/FreeRTOS/Source/event_groups.c.obj
                0x08001ea4                xEventGroupSetBits
 .text.vEventGroupSetBitsCallback
                0x08001fc2       0x1a CMakeFiles/BSP.dir/Middlewares/Third_Party/FreeRTOS/Source/event_groups.c.obj
                0x08001fc2                vEventGroupSetBitsCallback
 .text.prvTestWaitCondition
                0x08001fdc       0x44 CMakeFiles/BSP.dir/Middlewares/Third_Party/FreeRTOS/Source/event_groups.c.obj
 .text.xEventGroupSetBitsFromISR
                0x08002020       0x28 CMakeFiles/BSP.dir/Middlewares/Third_Party/FreeRTOS/Source/event_groups.c.obj
                0x08002020                xEventGroupSetBitsFromISR
 .text.vListInitialise
                0x08002048       0x40 CMakeFiles/BSP.dir/Middlewares/Third_Party/FreeRTOS/Source/list.c.obj
                0x08002048                vListInitialise
 .text.vListInitialiseItem
                0x08002088       0x1a CMakeFiles/BSP.dir/Middlewares/Third_Party/FreeRTOS/Source/list.c.obj
                0x08002088                vListInitialiseItem
 .text.vListInsertEnd
                0x080020a2       0x48 CMakeFiles/BSP.dir/Middlewares/Third_Party/FreeRTOS/Source/list.c.obj
                0x080020a2                vListInsertEnd
 .text.vListInsert
                0x080020ea       0x72 CMakeFiles/BSP.dir/Middlewares/Third_Party/FreeRTOS/Source/list.c.obj
                0x080020ea                vListInsert
 .text.uxListRemove
                0x0800215c       0x54 CMakeFiles/BSP.dir/Middlewares/Third_Party/FreeRTOS/Source/list.c.obj
                0x0800215c                uxListRemove
 .text.xQueueGenericReset
                0x080021b0       0xd4 CMakeFiles/BSP.dir/Middlewares/Third_Party/FreeRTOS/Source/queue.c.obj
                0x080021b0                xQueueGenericReset
 .text.xQueueGenericCreateStatic
                0x08002284      0x104 CMakeFiles/BSP.dir/Middlewares/Third_Party/FreeRTOS/Source/queue.c.obj
                0x08002284                xQueueGenericCreateStatic
 .text.xQueueGenericCreate
                0x08002388       0x84 CMakeFiles/BSP.dir/Middlewares/Third_Party/FreeRTOS/Source/queue.c.obj
                0x08002388                xQueueGenericCreate
 .text.prvInitialiseNewQueue
                0x0800240c       0x46 CMakeFiles/BSP.dir/Middlewares/Third_Party/FreeRTOS/Source/queue.c.obj
 *fill*         0x08002452        0x2 
 .text.xQueueGenericSend
                0x08002454      0x214 CMakeFiles/BSP.dir/Middlewares/Third_Party/FreeRTOS/Source/queue.c.obj
                0x08002454                xQueueGenericSend
 .text.xQueueGenericSendFromISR
                0x08002668      0x146 CMakeFiles/BSP.dir/Middlewares/Third_Party/FreeRTOS/Source/queue.c.obj
                0x08002668                xQueueGenericSendFromISR
 *fill*         0x080027ae        0x2 
 .text.xQueueReceive
                0x080027b0      0x1d0 CMakeFiles/BSP.dir/Middlewares/Third_Party/FreeRTOS/Source/queue.c.obj
                0x080027b0                xQueueReceive
 .text.xQueueReceiveFromISR
                0x08002980      0x112 CMakeFiles/BSP.dir/Middlewares/Third_Party/FreeRTOS/Source/queue.c.obj
                0x08002980                xQueueReceiveFromISR
 .text.prvCopyDataToQueue
                0x08002a92       0xd4 CMakeFiles/BSP.dir/Middlewares/Third_Party/FreeRTOS/Source/queue.c.obj
 .text.prvCopyDataFromQueue
                0x08002b66       0x4c CMakeFiles/BSP.dir/Middlewares/Third_Party/FreeRTOS/Source/queue.c.obj
 .text.prvUnlockQueue
                0x08002bb2       0xa4 CMakeFiles/BSP.dir/Middlewares/Third_Party/FreeRTOS/Source/queue.c.obj
 .text.prvIsQueueEmpty
                0x08002c56       0x2c CMakeFiles/BSP.dir/Middlewares/Third_Party/FreeRTOS/Source/queue.c.obj
 .text.prvIsQueueFull
                0x08002c82       0x30 CMakeFiles/BSP.dir/Middlewares/Third_Party/FreeRTOS/Source/queue.c.obj
 *fill*         0x08002cb2        0x2 
 .text.vQueueAddToRegistry
                0x08002cb4       0x54 CMakeFiles/BSP.dir/Middlewares/Third_Party/FreeRTOS/Source/queue.c.obj
                0x08002cb4                vQueueAddToRegistry
 .text.vQueueWaitForMessageRestricted
                0x08002d08       0x68 CMakeFiles/BSP.dir/Middlewares/Third_Party/FreeRTOS/Source/queue.c.obj
                0x08002d08                vQueueWaitForMessageRestricted
 .text.xTaskCreateStatic
                0x08002d70       0xca CMakeFiles/BSP.dir/Middlewares/Third_Party/FreeRTOS/Source/tasks.c.obj
                0x08002d70                xTaskCreateStatic
 .text.xTaskCreate
                0x08002e3a       0x8c CMakeFiles/BSP.dir/Middlewares/Third_Party/FreeRTOS/Source/tasks.c.obj
                0x08002e3a                xTaskCreate
 .text.prvInitialiseNewTask
                0x08002ec6      0x1a8 CMakeFiles/BSP.dir/Middlewares/Third_Party/FreeRTOS/Source/tasks.c.obj
 *fill*         0x0800306e        0x2 
 .text.prvAddNewTaskToReadyList
                0x08003070       0xe0 CMakeFiles/BSP.dir/Middlewares/Third_Party/FreeRTOS/Source/tasks.c.obj
 .text.vTaskDelete
                0x08003150       0xe8 CMakeFiles/BSP.dir/Middlewares/Third_Party/FreeRTOS/Source/tasks.c.obj
                0x08003150                vTaskDelete
 .text.vTaskDelay
                0x08003238       0x6c CMakeFiles/BSP.dir/Middlewares/Third_Party/FreeRTOS/Source/tasks.c.obj
                0x08003238                vTaskDelay
 .text.vTaskStartScheduler
                0x080032a4       0xec CMakeFiles/BSP.dir/Middlewares/Third_Party/FreeRTOS/Source/tasks.c.obj
                0x080032a4                vTaskStartScheduler
 .text.vTaskSuspendAll
                0x08003390       0x1c CMakeFiles/BSP.dir/Middlewares/Third_Party/FreeRTOS/Source/tasks.c.obj
                0x08003390                vTaskSuspendAll
 .text.xTaskResumeAll
                0x080033ac      0x140 CMakeFiles/BSP.dir/Middlewares/Third_Party/FreeRTOS/Source/tasks.c.obj
                0x080033ac                xTaskResumeAll
 .text.xTaskGetTickCount
                0x080034ec       0x20 CMakeFiles/BSP.dir/Middlewares/Third_Party/FreeRTOS/Source/tasks.c.obj
                0x080034ec                xTaskGetTickCount
 .text.xTaskIncrementTick
                0x0800350c      0x178 CMakeFiles/BSP.dir/Middlewares/Third_Party/FreeRTOS/Source/tasks.c.obj
                0x0800350c                xTaskIncrementTick
 .text.vTaskSwitchContext
                0x08003684      0x104 CMakeFiles/BSP.dir/Middlewares/Third_Party/FreeRTOS/Source/tasks.c.obj
                0x08003684                vTaskSwitchContext
 .text.vTaskPlaceOnEventList
                0x08003788       0x4c CMakeFiles/BSP.dir/Middlewares/Third_Party/FreeRTOS/Source/tasks.c.obj
                0x08003788                vTaskPlaceOnEventList
 .text.vTaskPlaceOnUnorderedEventList
                0x080037d4       0x80 CMakeFiles/BSP.dir/Middlewares/Third_Party/FreeRTOS/Source/tasks.c.obj
                0x080037d4                vTaskPlaceOnUnorderedEventList
 .text.vTaskPlaceOnEventListRestricted
                0x08003854       0x5c CMakeFiles/BSP.dir/Middlewares/Third_Party/FreeRTOS/Source/tasks.c.obj
                0x08003854                vTaskPlaceOnEventListRestricted
 .text.xTaskRemoveFromEventList
                0x080038b0       0xcc CMakeFiles/BSP.dir/Middlewares/Third_Party/FreeRTOS/Source/tasks.c.obj
                0x080038b0                xTaskRemoveFromEventList
 .text.vTaskRemoveFromUnorderedEventList
                0x0800397c       0xcc CMakeFiles/BSP.dir/Middlewares/Third_Party/FreeRTOS/Source/tasks.c.obj
                0x0800397c                vTaskRemoveFromUnorderedEventList
 .text.vTaskInternalSetTimeOutState
                0x08003a48       0x2c CMakeFiles/BSP.dir/Middlewares/Third_Party/FreeRTOS/Source/tasks.c.obj
                0x08003a48                vTaskInternalSetTimeOutState
 .text.xTaskCheckForTimeOut
                0x08003a74       0xcc CMakeFiles/BSP.dir/Middlewares/Third_Party/FreeRTOS/Source/tasks.c.obj
                0x08003a74                xTaskCheckForTimeOut
 .text.vTaskMissedYield
                0x08003b40       0x18 CMakeFiles/BSP.dir/Middlewares/Third_Party/FreeRTOS/Source/tasks.c.obj
                0x08003b40                vTaskMissedYield
 .text.prvIdleTask
                0x08003b58       0x30 CMakeFiles/BSP.dir/Middlewares/Third_Party/FreeRTOS/Source/tasks.c.obj
 .text.prvInitialiseTaskLists
                0x08003b88       0x80 CMakeFiles/BSP.dir/Middlewares/Third_Party/FreeRTOS/Source/tasks.c.obj
 .text.prvCheckTasksWaitingTermination
                0x08003c08       0x5c CMakeFiles/BSP.dir/Middlewares/Third_Party/FreeRTOS/Source/tasks.c.obj
 .text.prvDeleteTCB
                0x08003c64       0x6c CMakeFiles/BSP.dir/Middlewares/Third_Party/FreeRTOS/Source/tasks.c.obj
 .text.prvResetNextTaskUnblockTime
                0x08003cd0       0x40 CMakeFiles/BSP.dir/Middlewares/Third_Party/FreeRTOS/Source/tasks.c.obj
 .text.xTaskGetSchedulerState
                0x08003d10       0x3c CMakeFiles/BSP.dir/Middlewares/Third_Party/FreeRTOS/Source/tasks.c.obj
                0x08003d10                xTaskGetSchedulerState
 .text.xTaskPriorityDisinherit
                0x08003d4c       0xe4 CMakeFiles/BSP.dir/Middlewares/Third_Party/FreeRTOS/Source/tasks.c.obj
                0x08003d4c                xTaskPriorityDisinherit
 .text.uxTaskResetEventItemValue
                0x08003e30       0x30 CMakeFiles/BSP.dir/Middlewares/Third_Party/FreeRTOS/Source/tasks.c.obj
                0x08003e30                uxTaskResetEventItemValue
 .text.prvAddCurrentTaskToDelayedList
                0x08003e60       0xa8 CMakeFiles/BSP.dir/Middlewares/Third_Party/FreeRTOS/Source/tasks.c.obj
 .text.xTimerCreateTimerTask
                0x08003f08       0x94 CMakeFiles/BSP.dir/Middlewares/Third_Party/FreeRTOS/Source/timers.c.obj
                0x08003f08                xTimerCreateTimerTask
 .text.xTimerGenericCommand
                0x08003f9c       0xa0 CMakeFiles/BSP.dir/Middlewares/Third_Party/FreeRTOS/Source/timers.c.obj
                0x08003f9c                xTimerGenericCommand
 .text.prvProcessExpiredTimer
                0x0800403c       0x9c CMakeFiles/BSP.dir/Middlewares/Third_Party/FreeRTOS/Source/timers.c.obj
 .text.prvTimerTask
                0x080040d8       0x24 CMakeFiles/BSP.dir/Middlewares/Third_Party/FreeRTOS/Source/timers.c.obj
 .text.prvProcessTimerOrBlockTask
                0x080040fc       0x9c CMakeFiles/BSP.dir/Middlewares/Third_Party/FreeRTOS/Source/timers.c.obj
 .text.prvGetNextExpireTime
                0x08004198       0x48 CMakeFiles/BSP.dir/Middlewares/Third_Party/FreeRTOS/Source/timers.c.obj
 .text.prvSampleTimeNow
                0x080041e0       0x40 CMakeFiles/BSP.dir/Middlewares/Third_Party/FreeRTOS/Source/timers.c.obj
 .text.prvInsertTimerInActiveList
                0x08004220       0x84 CMakeFiles/BSP.dir/Middlewares/Third_Party/FreeRTOS/Source/timers.c.obj
 .text.prvProcessReceivedCommands
                0x080042a4      0x1d0 CMakeFiles/BSP.dir/Middlewares/Third_Party/FreeRTOS/Source/timers.c.obj
 .text.prvSwitchTimerLists
                0x08004474       0xcc CMakeFiles/BSP.dir/Middlewares/Third_Party/FreeRTOS/Source/timers.c.obj
 .text.prvCheckForValidListAndQueue
                0x08004540       0x80 CMakeFiles/BSP.dir/Middlewares/Third_Party/FreeRTOS/Source/timers.c.obj
 .text.xTimerPendFunctionCallFromISR
                0x080045c0       0x40 CMakeFiles/BSP.dir/Middlewares/Third_Party/FreeRTOS/Source/timers.c.obj
                0x080045c0                xTimerPendFunctionCallFromISR
 .text.SVC_Setup
                0x08004600        0xe CMakeFiles/BSP.dir/Middlewares/Third_Party/FreeRTOS/Source/CMSIS_RTOS_V2/cmsis_os2.c.obj
 *fill*         0x0800460e        0x2 
 .text.osKernelInitialize
                0x08004610       0x68 CMakeFiles/BSP.dir/Middlewares/Third_Party/FreeRTOS/Source/CMSIS_RTOS_V2/cmsis_os2.c.obj
                0x08004610                osKernelInitialize
 .text.osKernelStart
                0x08004678       0x6c CMakeFiles/BSP.dir/Middlewares/Third_Party/FreeRTOS/Source/CMSIS_RTOS_V2/cmsis_os2.c.obj
                0x08004678                osKernelStart
 .text.osThreadNew
                0x080046e4      0x14c CMakeFiles/BSP.dir/Middlewares/Third_Party/FreeRTOS/Source/CMSIS_RTOS_V2/cmsis_os2.c.obj
                0x080046e4                osThreadNew
 .text.osDelay  0x08004830       0x5c CMakeFiles/BSP.dir/Middlewares/Third_Party/FreeRTOS/Source/CMSIS_RTOS_V2/cmsis_os2.c.obj
                0x08004830                osDelay
 .text.osEventFlagsNew
                0x0800488c       0xa4 CMakeFiles/BSP.dir/Middlewares/Third_Party/FreeRTOS/Source/CMSIS_RTOS_V2/cmsis_os2.c.obj
                0x0800488c                osEventFlagsNew
 .text.osEventFlagsSet
                0x08004930       0xb0 CMakeFiles/BSP.dir/Middlewares/Third_Party/FreeRTOS/Source/CMSIS_RTOS_V2/cmsis_os2.c.obj
                0x08004930                osEventFlagsSet
 .text.osEventFlagsWait
                0x080049e0       0xec CMakeFiles/BSP.dir/Middlewares/Third_Party/FreeRTOS/Source/CMSIS_RTOS_V2/cmsis_os2.c.obj
                0x080049e0                osEventFlagsWait
 .text.osMessageQueueNew
                0x08004acc      0x10c CMakeFiles/BSP.dir/Middlewares/Third_Party/FreeRTOS/Source/CMSIS_RTOS_V2/cmsis_os2.c.obj
                0x08004acc                osMessageQueueNew
 .text.osMessageQueuePut
                0x08004bd8       0xe8 CMakeFiles/BSP.dir/Middlewares/Third_Party/FreeRTOS/Source/CMSIS_RTOS_V2/cmsis_os2.c.obj
                0x08004bd8                osMessageQueuePut
 .text.osMessageQueueGet
                0x08004cc0       0xe4 CMakeFiles/BSP.dir/Middlewares/Third_Party/FreeRTOS/Source/CMSIS_RTOS_V2/cmsis_os2.c.obj
                0x08004cc0                osMessageQueueGet
 .text.vApplicationGetIdleTaskMemory
                0x08004da4       0x34 CMakeFiles/BSP.dir/Middlewares/Third_Party/FreeRTOS/Source/CMSIS_RTOS_V2/cmsis_os2.c.obj
                0x08004da4                vApplicationGetIdleTaskMemory
 .text.vApplicationGetTimerTaskMemory
                0x08004dd8       0x34 CMakeFiles/BSP.dir/Middlewares/Third_Party/FreeRTOS/Source/CMSIS_RTOS_V2/cmsis_os2.c.obj
                0x08004dd8                vApplicationGetTimerTaskMemory
 .text.pxPortInitialiseStack
                0x08004e0c       0x68 CMakeFiles/BSP.dir/Middlewares/Third_Party/FreeRTOS/Source/portable/GCC/ARM_CM7/r0p1/port.c.obj
                0x08004e0c                pxPortInitialiseStack
 .text.prvTaskExitError
                0x08004e74       0x60 CMakeFiles/BSP.dir/Middlewares/Third_Party/FreeRTOS/Source/portable/GCC/ARM_CM7/r0p1/port.c.obj
 *fill*         0x08004ed4        0xc 
 .text.SVC_Handler
                0x08004ee0       0x28 CMakeFiles/BSP.dir/Middlewares/Third_Party/FreeRTOS/Source/portable/GCC/ARM_CM7/r0p1/port.c.obj
                0x08004ee0                SVC_Handler
 .text.prvPortStartFirstTask
                0x08004f08       0x28 CMakeFiles/BSP.dir/Middlewares/Third_Party/FreeRTOS/Source/portable/GCC/ARM_CM7/r0p1/port.c.obj
 .text.xPortStartScheduler
                0x08004f30       0xfc CMakeFiles/BSP.dir/Middlewares/Third_Party/FreeRTOS/Source/portable/GCC/ARM_CM7/r0p1/port.c.obj
                0x08004f30                xPortStartScheduler
 .text.vPortEnterCritical
                0x0800502c       0x68 CMakeFiles/BSP.dir/Middlewares/Third_Party/FreeRTOS/Source/portable/GCC/ARM_CM7/r0p1/port.c.obj
                0x0800502c                vPortEnterCritical
 .text.vPortExitCritical
                0x08005094       0x58 CMakeFiles/BSP.dir/Middlewares/Third_Party/FreeRTOS/Source/portable/GCC/ARM_CM7/r0p1/port.c.obj
                0x08005094                vPortExitCritical
 *fill*         0x080050ec        0x4 
 .text.PendSV_Handler
                0x080050f0       0x68 CMakeFiles/BSP.dir/Middlewares/Third_Party/FreeRTOS/Source/portable/GCC/ARM_CM7/r0p1/port.c.obj
                0x080050f0                PendSV_Handler
 .text.SysTick_Handler
                0x08005158       0x48 CMakeFiles/BSP.dir/Middlewares/Third_Party/FreeRTOS/Source/portable/GCC/ARM_CM7/r0p1/port.c.obj
                0x08005158                SysTick_Handler
 .text.vPortSetupTimerInterrupt
                0x080051a0       0x48 CMakeFiles/BSP.dir/Middlewares/Third_Party/FreeRTOS/Source/portable/GCC/ARM_CM7/r0p1/port.c.obj
                0x080051a0                vPortSetupTimerInterrupt
 .text.vPortEnableVFP
                0x080051e8       0x14 CMakeFiles/BSP.dir/Middlewares/Third_Party/FreeRTOS/Source/portable/GCC/ARM_CM7/r0p1/port.c.obj
 .text.vPortValidateInterruptPriority
                0x080051fc       0x88 CMakeFiles/BSP.dir/Middlewares/Third_Party/FreeRTOS/Source/portable/GCC/ARM_CM7/r0p1/port.c.obj
                0x080051fc                vPortValidateInterruptPriority
 .text.pvPortMalloc
                0x08005284      0x194 CMakeFiles/BSP.dir/Middlewares/Third_Party/FreeRTOS/Source/portable/MemMang/heap_4.c.obj
                0x08005284                pvPortMalloc
 .text.vPortFree
                0x08005418       0xbc CMakeFiles/BSP.dir/Middlewares/Third_Party/FreeRTOS/Source/portable/MemMang/heap_4.c.obj
                0x08005418                vPortFree
 .text.prvHeapInit
                0x080054d4       0xc4 CMakeFiles/BSP.dir/Middlewares/Third_Party/FreeRTOS/Source/portable/MemMang/heap_4.c.obj
 .text.prvInsertBlockIntoFreeList
                0x08005598       0xb4 CMakeFiles/BSP.dir/Middlewares/Third_Party/FreeRTOS/Source/portable/MemMang/heap_4.c.obj
 .text.HAL_Init
                0x0800564c       0x1a CMakeFiles/BSP.dir/Drivers/STM32F7xx_HAL_Driver/Src/stm32f7xx_hal.c.obj
                0x0800564c                HAL_Init
 *fill*         0x08005666        0x2 
 .text.HAL_IncTick
                0x08005668       0x28 CMakeFiles/BSP.dir/Drivers/STM32F7xx_HAL_Driver/Src/stm32f7xx_hal.c.obj
                0x08005668                HAL_IncTick
 .text.HAL_GetTick
                0x08005690       0x18 CMakeFiles/BSP.dir/Drivers/STM32F7xx_HAL_Driver/Src/stm32f7xx_hal.c.obj
                0x08005690                HAL_GetTick
 .text.HAL_Delay
                0x080056a8       0x48 CMakeFiles/BSP.dir/Drivers/STM32F7xx_HAL_Driver/Src/stm32f7xx_hal.c.obj
                0x080056a8                HAL_Delay
 .text.HAL_ADC_Init
                0x080056f0       0x88 CMakeFiles/BSP.dir/Drivers/STM32F7xx_HAL_Driver/Src/stm32f7xx_hal_adc.c.obj
                0x080056f0                HAL_ADC_Init
 .text.HAL_ADC_Start
                0x08005778      0x19c CMakeFiles/BSP.dir/Drivers/STM32F7xx_HAL_Driver/Src/stm32f7xx_hal_adc.c.obj
                0x08005778                HAL_ADC_Start
 .text.HAL_ADC_GetValue
                0x08005914       0x1a CMakeFiles/BSP.dir/Drivers/STM32F7xx_HAL_Driver/Src/stm32f7xx_hal_adc.c.obj
                0x08005914                HAL_ADC_GetValue
 *fill*         0x0800592e        0x2 
 .text.HAL_ADC_ConfigChannel
                0x08005930      0x2ac CMakeFiles/BSP.dir/Drivers/STM32F7xx_HAL_Driver/Src/stm32f7xx_hal_adc.c.obj
                0x08005930                HAL_ADC_ConfigChannel
 .text.ADC_Init
                0x08005bdc      0x1f4 CMakeFiles/BSP.dir/Drivers/STM32F7xx_HAL_Driver/Src/stm32f7xx_hal_adc.c.obj
 .text.__NVIC_SetPriorityGrouping
                0x08005dd0       0x48 CMakeFiles/BSP.dir/Drivers/STM32F7xx_HAL_Driver/Src/stm32f7xx_hal_cortex.c.obj
 .text.__NVIC_GetPriorityGrouping
                0x08005e18       0x1c CMakeFiles/BSP.dir/Drivers/STM32F7xx_HAL_Driver/Src/stm32f7xx_hal_cortex.c.obj
 .text.__NVIC_EnableIRQ
                0x08005e34       0x3c CMakeFiles/BSP.dir/Drivers/STM32F7xx_HAL_Driver/Src/stm32f7xx_hal_cortex.c.obj
 .text.__NVIC_GetPendingIRQ
                0x08005e70       0x44 CMakeFiles/BSP.dir/Drivers/STM32F7xx_HAL_Driver/Src/stm32f7xx_hal_cortex.c.obj
 .text.__NVIC_SetPriority
                0x08005eb4       0x54 CMakeFiles/BSP.dir/Drivers/STM32F7xx_HAL_Driver/Src/stm32f7xx_hal_cortex.c.obj
 .text.NVIC_EncodePriority
                0x08005f08       0x66 CMakeFiles/BSP.dir/Drivers/STM32F7xx_HAL_Driver/Src/stm32f7xx_hal_cortex.c.obj
 .text.HAL_NVIC_SetPriorityGrouping
                0x08005f6e       0x16 CMakeFiles/BSP.dir/Drivers/STM32F7xx_HAL_Driver/Src/stm32f7xx_hal_cortex.c.obj
                0x08005f6e                HAL_NVIC_SetPriorityGrouping
 .text.HAL_NVIC_SetPriority
                0x08005f84       0x38 CMakeFiles/BSP.dir/Drivers/STM32F7xx_HAL_Driver/Src/stm32f7xx_hal_cortex.c.obj
                0x08005f84                HAL_NVIC_SetPriority
 .text.HAL_NVIC_EnableIRQ
                0x08005fbc       0x1c CMakeFiles/BSP.dir/Drivers/STM32F7xx_HAL_Driver/Src/stm32f7xx_hal_cortex.c.obj
                0x08005fbc                HAL_NVIC_EnableIRQ
 .text.HAL_NVIC_GetPendingIRQ
                0x08005fd8       0x1e CMakeFiles/BSP.dir/Drivers/STM32F7xx_HAL_Driver/Src/stm32f7xx_hal_cortex.c.obj
                0x08005fd8                HAL_NVIC_GetPendingIRQ
 *fill*         0x08005ff6        0x2 
 .text.HAL_GPIO_Init
                0x08005ff8      0x358 CMakeFiles/BSP.dir/Drivers/STM32F7xx_HAL_Driver/Src/stm32f7xx_hal_gpio.c.obj
                0x08005ff8                HAL_GPIO_Init
 .text.HAL_GPIO_ReadPin
                0x08006350       0x30 CMakeFiles/BSP.dir/Drivers/STM32F7xx_HAL_Driver/Src/stm32f7xx_hal_gpio.c.obj
                0x08006350                HAL_GPIO_ReadPin
 .text.HAL_GPIO_WritePin
                0x08006380       0x32 CMakeFiles/BSP.dir/Drivers/STM32F7xx_HAL_Driver/Src/stm32f7xx_hal_gpio.c.obj
                0x08006380                HAL_GPIO_WritePin
 .text.HAL_GPIO_TogglePin
                0x080063b2       0x34 CMakeFiles/BSP.dir/Drivers/STM32F7xx_HAL_Driver/Src/stm32f7xx_hal_gpio.c.obj
                0x080063b2                HAL_GPIO_TogglePin
 *fill*         0x080063e6        0x2 
 .text.HAL_GPIO_EXTI_IRQHandler
                0x080063e8       0x30 CMakeFiles/BSP.dir/Drivers/STM32F7xx_HAL_Driver/Src/stm32f7xx_hal_gpio.c.obj
                0x080063e8                HAL_GPIO_EXTI_IRQHandler
 .text.HAL_PCD_Init
                0x08006418      0x248 CMakeFiles/BSP.dir/Drivers/STM32F7xx_HAL_Driver/Src/stm32f7xx_hal_pcd.c.obj
                0x08006418                HAL_PCD_Init
 .text.HAL_PCDEx_ActivateLPM
                0x08006660       0x48 CMakeFiles/BSP.dir/Drivers/STM32F7xx_HAL_Driver/Src/stm32f7xx_hal_pcd_ex.c.obj
                0x08006660                HAL_PCDEx_ActivateLPM
 .text.HAL_PWR_EnableBkUpAccess
                0x080066a8       0x20 CMakeFiles/BSP.dir/Drivers/STM32F7xx_HAL_Driver/Src/stm32f7xx_hal_pwr.c.obj
                0x080066a8                HAL_PWR_EnableBkUpAccess
 .text.HAL_RCC_OscConfig
                0x080066c8      0x55c CMakeFiles/BSP.dir/Drivers/STM32F7xx_HAL_Driver/Src/stm32f7xx_hal_rcc.c.obj
                0x080066c8                HAL_RCC_OscConfig
 .text.HAL_RCC_ClockConfig
                0x08006c24      0x1d8 CMakeFiles/BSP.dir/Drivers/STM32F7xx_HAL_Driver/Src/stm32f7xx_hal_rcc.c.obj
                0x08006c24                HAL_RCC_ClockConfig
 .text.HAL_RCC_GetSysClockFreq
                0x08006dfc      0x18c CMakeFiles/BSP.dir/Drivers/STM32F7xx_HAL_Driver/Src/stm32f7xx_hal_rcc.c.obj
                0x08006dfc                HAL_RCC_GetSysClockFreq
 .text.HAL_RCC_GetHCLKFreq
                0x08006f88       0x18 CMakeFiles/BSP.dir/Drivers/STM32F7xx_HAL_Driver/Src/stm32f7xx_hal_rcc.c.obj
                0x08006f88                HAL_RCC_GetHCLKFreq
 .text.HAL_RCC_GetPCLK1Freq
                0x08006fa0       0x28 CMakeFiles/BSP.dir/Drivers/STM32F7xx_HAL_Driver/Src/stm32f7xx_hal_rcc.c.obj
                0x08006fa0                HAL_RCC_GetPCLK1Freq
 .text.HAL_RCC_GetPCLK2Freq
                0x08006fc8       0x28 CMakeFiles/BSP.dir/Drivers/STM32F7xx_HAL_Driver/Src/stm32f7xx_hal_rcc.c.obj
                0x08006fc8                HAL_RCC_GetPCLK2Freq
 .text.HAL_RCC_GetClockConfig
                0x08006ff0       0x64 CMakeFiles/BSP.dir/Drivers/STM32F7xx_HAL_Driver/Src/stm32f7xx_hal_rcc.c.obj
                0x08006ff0                HAL_RCC_GetClockConfig
 .text.HAL_RCCEx_PeriphCLKConfig
                0x08007054      0x850 CMakeFiles/BSP.dir/Drivers/STM32F7xx_HAL_Driver/Src/stm32f7xx_hal_rcc_ex.c.obj
                0x08007054                HAL_RCCEx_PeriphCLKConfig
 .text.HAL_TIM_Base_Init
                0x080078a4       0xae CMakeFiles/BSP.dir/Drivers/STM32F7xx_HAL_Driver/Src/stm32f7xx_hal_tim.c.obj
                0x080078a4                HAL_TIM_Base_Init
 *fill*         0x08007952        0x2 
 .text.HAL_TIM_Base_Start_IT
                0x08007954       0xf0 CMakeFiles/BSP.dir/Drivers/STM32F7xx_HAL_Driver/Src/stm32f7xx_hal_tim.c.obj
                0x08007954                HAL_TIM_Base_Start_IT
 .text.HAL_TIM_PWM_Init
                0x08007a44       0xae CMakeFiles/BSP.dir/Drivers/STM32F7xx_HAL_Driver/Src/stm32f7xx_hal_tim.c.obj
                0x08007a44                HAL_TIM_PWM_Init
 .text.HAL_TIM_PWM_MspInit
                0x08007af2       0x14 CMakeFiles/BSP.dir/Drivers/STM32F7xx_HAL_Driver/Src/stm32f7xx_hal_tim.c.obj
                0x08007af2                HAL_TIM_PWM_MspInit
 *fill*         0x08007b06        0x2 
 .text.HAL_TIM_PWM_Start
                0x08007b08      0x1f4 CMakeFiles/BSP.dir/Drivers/STM32F7xx_HAL_Driver/Src/stm32f7xx_hal_tim.c.obj
                0x08007b08                HAL_TIM_PWM_Start
 .text.HAL_TIM_IRQHandler
                0x08007cfc      0x23e CMakeFiles/BSP.dir/Drivers/STM32F7xx_HAL_Driver/Src/stm32f7xx_hal_tim.c.obj
                0x08007cfc                HAL_TIM_IRQHandler
 *fill*         0x08007f3a        0x2 
 .text.HAL_TIM_PWM_ConfigChannel
                0x08007f3c      0x228 CMakeFiles/BSP.dir/Drivers/STM32F7xx_HAL_Driver/Src/stm32f7xx_hal_tim.c.obj
                0x08007f3c                HAL_TIM_PWM_ConfigChannel
 .text.HAL_TIM_OC_DelayElapsedCallback
                0x08008164       0x14 CMakeFiles/BSP.dir/Drivers/STM32F7xx_HAL_Driver/Src/stm32f7xx_hal_tim.c.obj
                0x08008164                HAL_TIM_OC_DelayElapsedCallback
 .text.HAL_TIM_IC_CaptureCallback
                0x08008178       0x14 CMakeFiles/BSP.dir/Drivers/STM32F7xx_HAL_Driver/Src/stm32f7xx_hal_tim.c.obj
                0x08008178                HAL_TIM_IC_CaptureCallback
 .text.HAL_TIM_PWM_PulseFinishedCallback
                0x0800818c       0x14 CMakeFiles/BSP.dir/Drivers/STM32F7xx_HAL_Driver/Src/stm32f7xx_hal_tim.c.obj
                0x0800818c                HAL_TIM_PWM_PulseFinishedCallback
 .text.HAL_TIM_TriggerCallback
                0x080081a0       0x14 CMakeFiles/BSP.dir/Drivers/STM32F7xx_HAL_Driver/Src/stm32f7xx_hal_tim.c.obj
                0x080081a0                HAL_TIM_TriggerCallback
 .text.TIM_Base_SetConfig
                0x080081b4      0x140 CMakeFiles/BSP.dir/Drivers/STM32F7xx_HAL_Driver/Src/stm32f7xx_hal_tim.c.obj
                0x080081b4                TIM_Base_SetConfig
 .text.TIM_OC1_SetConfig
                0x080082f4       0xe4 CMakeFiles/BSP.dir/Drivers/STM32F7xx_HAL_Driver/Src/stm32f7xx_hal_tim.c.obj
 .text.TIM_OC2_SetConfig
                0x080083d8       0xf0 CMakeFiles/BSP.dir/Drivers/STM32F7xx_HAL_Driver/Src/stm32f7xx_hal_tim.c.obj
                0x080083d8                TIM_OC2_SetConfig
 .text.TIM_OC3_SetConfig
                0x080084c8       0xec CMakeFiles/BSP.dir/Drivers/STM32F7xx_HAL_Driver/Src/stm32f7xx_hal_tim.c.obj
 .text.TIM_OC4_SetConfig
                0x080085b4       0xb0 CMakeFiles/BSP.dir/Drivers/STM32F7xx_HAL_Driver/Src/stm32f7xx_hal_tim.c.obj
 .text.TIM_OC5_SetConfig
                0x08008664       0xa4 CMakeFiles/BSP.dir/Drivers/STM32F7xx_HAL_Driver/Src/stm32f7xx_hal_tim.c.obj
 .text.TIM_OC6_SetConfig
                0x08008708       0xa8 CMakeFiles/BSP.dir/Drivers/STM32F7xx_HAL_Driver/Src/stm32f7xx_hal_tim.c.obj
 .text.TIM_CCxChannelCmd
                0x080087b0       0x4a CMakeFiles/BSP.dir/Drivers/STM32F7xx_HAL_Driver/Src/stm32f7xx_hal_tim.c.obj
                0x080087b0                TIM_CCxChannelCmd
 .text.HAL_TIMEx_CommutCallback
                0x080087fa       0x14 CMakeFiles/BSP.dir/Drivers/STM32F7xx_HAL_Driver/Src/stm32f7xx_hal_tim_ex.c.obj
                0x080087fa                HAL_TIMEx_CommutCallback
 .text.HAL_TIMEx_BreakCallback
                0x0800880e       0x14 CMakeFiles/BSP.dir/Drivers/STM32F7xx_HAL_Driver/Src/stm32f7xx_hal_tim_ex.c.obj
                0x0800880e                HAL_TIMEx_BreakCallback
 .text.HAL_TIMEx_Break2Callback
                0x08008822       0x14 CMakeFiles/BSP.dir/Drivers/STM32F7xx_HAL_Driver/Src/stm32f7xx_hal_tim_ex.c.obj
                0x08008822                HAL_TIMEx_Break2Callback
 .text.HAL_UART_Init
                0x08008836       0x9c CMakeFiles/BSP.dir/Drivers/STM32F7xx_HAL_Driver/Src/stm32f7xx_hal_uart.c.obj
                0x08008836                HAL_UART_Init
 .text.HAL_UART_Transmit
                0x080088d2      0x106 CMakeFiles/BSP.dir/Drivers/STM32F7xx_HAL_Driver/Src/stm32f7xx_hal_uart.c.obj
                0x080088d2                HAL_UART_Transmit
 .text.UART_SetConfig
                0x080089d8      0x4c8 CMakeFiles/BSP.dir/Drivers/STM32F7xx_HAL_Driver/Src/stm32f7xx_hal_uart.c.obj
                0x080089d8                UART_SetConfig
 .text.UART_AdvFeatureConfig
                0x08008ea0      0x144 CMakeFiles/BSP.dir/Drivers/STM32F7xx_HAL_Driver/Src/stm32f7xx_hal_uart.c.obj
                0x08008ea0                UART_AdvFeatureConfig
 .text.UART_CheckIdleState
                0x08008fe4       0x9a CMakeFiles/BSP.dir/Drivers/STM32F7xx_HAL_Driver/Src/stm32f7xx_hal_uart.c.obj
                0x08008fe4                UART_CheckIdleState
 .text.UART_WaitOnFlagUntilTimeout
                0x0800907e      0x18c CMakeFiles/BSP.dir/Drivers/STM32F7xx_HAL_Driver/Src/stm32f7xx_hal_uart.c.obj
                0x0800907e                UART_WaitOnFlagUntilTimeout
 *fill*         0x0800920a        0x2 
 .text.USB_CoreInit
                0x0800920c       0xb0 CMakeFiles/BSP.dir/Drivers/STM32F7xx_HAL_Driver/Src/stm32f7xx_ll_usb.c.obj
                0x0800920c                USB_CoreInit
 .text.USB_DisableGlobalInt
                0x080092bc       0x22 CMakeFiles/BSP.dir/Drivers/STM32F7xx_HAL_Driver/Src/stm32f7xx_ll_usb.c.obj
                0x080092bc                USB_DisableGlobalInt
 .text.USB_SetCurrentMode
                0x080092de       0x98 CMakeFiles/BSP.dir/Drivers/STM32F7xx_HAL_Driver/Src/stm32f7xx_ll_usb.c.obj
                0x080092de                USB_SetCurrentMode
 *fill*         0x08009376        0x2 
 .text.USB_DevInit
                0x08009378      0x2bc CMakeFiles/BSP.dir/Drivers/STM32F7xx_HAL_Driver/Src/stm32f7xx_ll_usb.c.obj
                0x08009378                USB_DevInit
 .text.USB_FlushTxFifo
                0x08009634       0x68 CMakeFiles/BSP.dir/Drivers/STM32F7xx_HAL_Driver/Src/stm32f7xx_ll_usb.c.obj
                0x08009634                USB_FlushTxFifo
 .text.USB_FlushRxFifo
                0x0800969c       0x60 CMakeFiles/BSP.dir/Drivers/STM32F7xx_HAL_Driver/Src/stm32f7xx_ll_usb.c.obj
                0x0800969c                USB_FlushRxFifo
 .text.USB_SetDevSpeed
                0x080096fc       0x32 CMakeFiles/BSP.dir/Drivers/STM32F7xx_HAL_Driver/Src/stm32f7xx_ll_usb.c.obj
                0x080096fc                USB_SetDevSpeed
 .text.USB_DevDisconnect
                0x0800972e       0x42 CMakeFiles/BSP.dir/Drivers/STM32F7xx_HAL_Driver/Src/stm32f7xx_ll_usb.c.obj
                0x0800972e                USB_DevDisconnect
 .text.USB_GetMode
                0x08009770       0x1c CMakeFiles/BSP.dir/Drivers/STM32F7xx_HAL_Driver/Src/stm32f7xx_ll_usb.c.obj
                0x08009770                USB_GetMode
 .text.USB_CoreReset
                0x0800978c       0x68 CMakeFiles/BSP.dir/Drivers/STM32F7xx_HAL_Driver/Src/stm32f7xx_ll_usb.c.obj
 .text._ZL25CanInvokeSemihostingCallsv
                0x080097f4       0x10 CMakeFiles/BSP_EFP_Profiler.dir/C_/Users/volod/AppData/Local/VisualGDB/EmbeddedEFPs/Profiler/FastSemihosting.cpp.obj
 .text.InitializeFastSemihosting
                0x08009804       0x44 CMakeFiles/BSP_EFP_Profiler.dir/C_/Users/volod/AppData/Local/VisualGDB/EmbeddedEFPs/Profiler/FastSemihosting.cpp.obj
                0x08009804                InitializeFastSemihosting
 .text._ZL32GetFastSemihostingFreeBufferSizev
                0x08009848       0x34 CMakeFiles/BSP_EFP_Profiler.dir/C_/Users/volod/AppData/Local/VisualGDB/EmbeddedEFPs/Profiler/FastSemihosting.cpp.obj
 .text._ZL27WriteRawFastSemihostingDataPKvii
                0x0800987c      0x15c CMakeFiles/BSP_EFP_Profiler.dir/C_/Users/volod/AppData/Local/VisualGDB/EmbeddedEFPs/Profiler/FastSemihosting.cpp.obj
 .text.WriteToFastSemihostingChannel
                0x080099d8      0x128 CMakeFiles/BSP_EFP_Profiler.dir/C_/Users/volod/AppData/Local/VisualGDB/EmbeddedEFPs/Profiler/FastSemihosting.cpp.obj
                0x080099d8                WriteToFastSemihostingChannel
 .text._isatty  0x08009b00       0x10 CMakeFiles/BSP_EFP_Profiler.dir/C_/Users/volod/AppData/Local/VisualGDB/EmbeddedEFPs/Profiler/FastSemihosting.cpp.obj
                0x08009b00                _isatty
 .text._write   0x08009b10       0x2a CMakeFiles/BSP_EFP_Profiler.dir/C_/Users/volod/AppData/Local/VisualGDB/EmbeddedEFPs/Profiler/FastSemihosting.cpp.obj
                0x08009b10                _write
 *fill*         0x08009b3a        0x2 
 .text.SysprogsProfiler_WriteData
                0x08009b3c       0x80 CMakeFiles/BSP_EFP_Profiler.dir/C_/Users/volod/AppData/Local/VisualGDB/EmbeddedEFPs/Profiler/FastSemihosting.cpp.obj
                0x08009b3c                SysprogsProfiler_WriteData
 .text.SysprogsProfiler_GetBufferAvailability
                0x08009bbc       0x2a CMakeFiles/BSP_EFP_Profiler.dir/C_/Users/volod/AppData/Local/VisualGDB/EmbeddedEFPs/Profiler/FastSemihosting.cpp.obj
                0x08009bbc                SysprogsProfiler_GetBufferAvailability
 *fill*         0x08009be6        0x2 
 .text._Z43RequestBlockingProcessingViaFastSemihostingv
                0x08009be8       0x2c CMakeFiles/BSP_EFP_Profiler.dir/C_/Users/volod/AppData/Local/VisualGDB/EmbeddedEFPs/Profiler/FastSemihosting.cpp.obj
                0x08009be8                RequestBlockingProcessingViaFastSemihosting()
 .text._ZL25CanInvokeSemihostingCallsv
                0x08009c14       0x10 CMakeFiles/BSP_EFP_Profiler.dir/C_/Users/volod/AppData/Local/VisualGDB/EmbeddedEFPs/Profiler/InstrumentingProfiler.cpp.obj
 .text._ZN29SysprogsInstrumentingProfiler16SmallNumberCoder22IsSignedIntConstrainedEii
                0x08009c24       0x48 CMakeFiles/BSP_EFP_Profiler.dir/C_/Users/volod/AppData/Local/VisualGDB/EmbeddedEFPs/Profiler/InstrumentingProfiler.cpp.obj
                0x08009c24                SysprogsInstrumentingProfiler::SmallNumberCoder::IsSignedIntConstrained(int, int)
 .text._ZN29SysprogsInstrumentingProfiler16SmallNumberCoder24IsUnsignedIntConstrainedEji
                0x08009c6c       0x32 CMakeFiles/BSP_EFP_Profiler.dir/C_/Users/volod/AppData/Local/VisualGDB/EmbeddedEFPs/Profiler/InstrumentingProfiler.cpp.obj
                0x08009c6c                SysprogsInstrumentingProfiler::SmallNumberCoder::IsUnsignedIntConstrained(unsigned int, int)
 .text._ZN29SysprogsInstrumentingProfiler16SmallNumberCoder17WriteSmallIntegerEii
                0x08009c9e       0x74 CMakeFiles/BSP_EFP_Profiler.dir/C_/Users/volod/AppData/Local/VisualGDB/EmbeddedEFPs/Profiler/InstrumentingProfiler.cpp.obj
                0x08009c9e                SysprogsInstrumentingProfiler::SmallNumberCoder::WriteSmallInteger(int, int)
 .text._ZN29SysprogsInstrumentingProfiler16SmallNumberCoderC2EPvjS1_S1_
                0x08009d12       0x3a CMakeFiles/BSP_EFP_Profiler.dir/C_/Users/volod/AppData/Local/VisualGDB/EmbeddedEFPs/Profiler/InstrumentingProfiler.cpp.obj
                0x08009d12                SysprogsInstrumentingProfiler::SmallNumberCoder::SmallNumberCoder(void*, unsigned int, void*, void*)
                0x08009d12                SysprogsInstrumentingProfiler::SmallNumberCoder::SmallNumberCoder(void*, unsigned int, void*, void*)
 .text._ZN29SysprogsInstrumentingProfiler16SmallNumberCoder21WriteSmallUnsignedIntEj
                0x08009d4c       0xa2 CMakeFiles/BSP_EFP_Profiler.dir/C_/Users/volod/AppData/Local/VisualGDB/EmbeddedEFPs/Profiler/InstrumentingProfiler.cpp.obj
                0x08009d4c                SysprogsInstrumentingProfiler::SmallNumberCoder::WriteSmallUnsignedInt(unsigned int)
 .text._ZN29SysprogsInstrumentingProfiler16SmallNumberCoder29WriteSmallUnsignedIntWithFlagEjb
                0x08009dee       0xbc CMakeFiles/BSP_EFP_Profiler.dir/C_/Users/volod/AppData/Local/VisualGDB/EmbeddedEFPs/Profiler/InstrumentingProfiler.cpp.obj
                0x08009dee                SysprogsInstrumentingProfiler::SmallNumberCoder::WriteSmallUnsignedIntWithFlag(unsigned int, bool)
 .text._ZN29SysprogsInstrumentingProfiler16SmallNumberCoder27WriteSmallSignedIntWithFlagEib
                0x08009eaa       0xba CMakeFiles/BSP_EFP_Profiler.dir/C_/Users/volod/AppData/Local/VisualGDB/EmbeddedEFPs/Profiler/InstrumentingProfiler.cpp.obj
                0x08009eaa                SysprogsInstrumentingProfiler::SmallNumberCoder::WriteSmallSignedIntWithFlag(int, bool)
 .text._ZN29SysprogsInstrumentingProfiler16SmallNumberCoder19WritePackedUIntPairEtt
                0x08009f64       0xf4 CMakeFiles/BSP_EFP_Profiler.dir/C_/Users/volod/AppData/Local/VisualGDB/EmbeddedEFPs/Profiler/InstrumentingProfiler.cpp.obj
                0x08009f64                SysprogsInstrumentingProfiler::SmallNumberCoder::WritePackedUIntPair(unsigned short, unsigned short)
 .text._ZN29SysprogsInstrumentingProfiler16SmallNumberCoder9GetOffsetEv
                0x0800a058       0x18 CMakeFiles/BSP_EFP_Profiler.dir/C_/Users/volod/AppData/Local/VisualGDB/EmbeddedEFPs/Profiler/InstrumentingProfiler.cpp.obj
                0x0800a058                SysprogsInstrumentingProfiler::SmallNumberCoder::GetOffset()
 .text._ZN29SysprogsInstrumentingProfiler16SmallNumberCoder9GetBufferEv
                0x0800a070       0x18 CMakeFiles/BSP_EFP_Profiler.dir/C_/Users/volod/AppData/Local/VisualGDB/EmbeddedEFPs/Profiler/InstrumentingProfiler.cpp.obj
                0x0800a070                SysprogsInstrumentingProfiler::SmallNumberCoder::GetBuffer()
 .text._ZN29SysprogsInstrumentingProfiler16SmallNumberCoder9SetOffsetEi
                0x0800a088       0x1c CMakeFiles/BSP_EFP_Profiler.dir/C_/Users/volod/AppData/Local/VisualGDB/EmbeddedEFPs/Profiler/InstrumentingProfiler.cpp.obj
                0x0800a088                SysprogsInstrumentingProfiler::SmallNumberCoder::SetOffset(int)
 .text._ZN29SysprogsInstrumentingProfiler16SmallNumberCoder13RemainingSizeEv
                0x0800a0a4       0x1e CMakeFiles/BSP_EFP_Profiler.dir/C_/Users/volod/AppData/Local/VisualGDB/EmbeddedEFPs/Profiler/InstrumentingProfiler.cpp.obj
                0x0800a0a4                SysprogsInstrumentingProfiler::SmallNumberCoder::RemainingSize()
 *fill*         0x0800a0c2        0x2 
 .text._ZN29SysprogsInstrumentingProfiler11Chronometer22ProfilerTimeRegionRAIIC2Ev
                0x0800a0c4       0x70 CMakeFiles/BSP_EFP_Profiler.dir/C_/Users/volod/AppData/Local/VisualGDB/EmbeddedEFPs/Profiler/InstrumentingProfiler.cpp.obj
                0x0800a0c4                SysprogsInstrumentingProfiler::Chronometer::ProfilerTimeRegionRAII::ProfilerTimeRegionRAII()
                0x0800a0c4                SysprogsInstrumentingProfiler::Chronometer::ProfilerTimeRegionRAII::ProfilerTimeRegionRAII()
 .text._ZN29SysprogsInstrumentingProfiler11Chronometer22ProfilerTimeRegionRAIID2Ev
                0x0800a134       0x84 CMakeFiles/BSP_EFP_Profiler.dir/C_/Users/volod/AppData/Local/VisualGDB/EmbeddedEFPs/Profiler/InstrumentingProfiler.cpp.obj
                0x0800a134                SysprogsInstrumentingProfiler::Chronometer::ProfilerTimeRegionRAII::~ProfilerTimeRegionRAII()
                0x0800a134                SysprogsInstrumentingProfiler::Chronometer::ProfilerTimeRegionRAII::~ProfilerTimeRegionRAII()
 .text._ZN29SysprogsInstrumentingProfiler11Chronometer22ProfilerTimeRegionRAII18GetApplicationTimeEv
                0x0800a1b8       0x1c CMakeFiles/BSP_EFP_Profiler.dir/C_/Users/volod/AppData/Local/VisualGDB/EmbeddedEFPs/Profiler/InstrumentingProfiler.cpp.obj
                0x0800a1b8                SysprogsInstrumentingProfiler::Chronometer::ProfilerTimeRegionRAII::GetApplicationTime()
 .text._ZN29SysprogsInstrumentingProfiler11Chronometer22ProfilerTimeRegionRAII30GetCurrentTimeForRealTimeWatchEv
                0x0800a1d4       0x38 CMakeFiles/BSP_EFP_Profiler.dir/C_/Users/volod/AppData/Local/VisualGDB/EmbeddedEFPs/Profiler/InstrumentingProfiler.cpp.obj
                0x0800a1d4                SysprogsInstrumentingProfiler::Chronometer::ProfilerTimeRegionRAII::GetCurrentTimeForRealTimeWatch()
 .text._ZNK29SysprogsInstrumentingProfiler17InstrumentedFrame11IsInterruptEv
                0x0800a20c       0x1c CMakeFiles/BSP_EFP_Profiler.dir/C_/Users/volod/AppData/Local/VisualGDB/EmbeddedEFPs/Profiler/InstrumentingProfiler.cpp.obj
                0x0800a20c                SysprogsInstrumentingProfiler::InstrumentedFrame::IsInterrupt() const
 .text._ZNK29SysprogsInstrumentingProfiler17InstrumentedFrame10IsReportedEv
                0x0800a228       0x1c CMakeFiles/BSP_EFP_Profiler.dir/C_/Users/volod/AppData/Local/VisualGDB/EmbeddedEFPs/Profiler/InstrumentingProfiler.cpp.obj
                0x0800a228                SysprogsInstrumentingProfiler::InstrumentedFrame::IsReported() const
 .text._ZNK29SysprogsInstrumentingProfiler17InstrumentedFrame14FlagAsReportedEv
                0x0800a244       0x20 CMakeFiles/BSP_EFP_Profiler.dir/C_/Users/volod/AppData/Local/VisualGDB/EmbeddedEFPs/Profiler/InstrumentingProfiler.cpp.obj
                0x0800a244                SysprogsInstrumentingProfiler::InstrumentedFrame::FlagAsReported() const
 .text._ZN29SysprogsInstrumentingProfilerL20ProfilerTimeToUInt32Ey
                0x0800a264       0x26 CMakeFiles/BSP_EFP_Profiler.dir/C_/Users/volod/AppData/Local/VisualGDB/EmbeddedEFPs/Profiler/InstrumentingProfiler.cpp.obj
 .text._ZN29SysprogsInstrumentingProfiler10RaiseErrorENS_30InstrumentingProfilerErrorCodeEj
                0x0800a28a       0x1a CMakeFiles/BSP_EFP_Profiler.dir/C_/Users/volod/AppData/Local/VisualGDB/EmbeddedEFPs/Profiler/InstrumentingProfiler.cpp.obj
                0x0800a28a                SysprogsInstrumentingProfiler::RaiseError(SysprogsInstrumentingProfiler::InstrumentingProfilerErrorCode, unsigned int)
 .text._ZN29SysprogsInstrumentingProfiler21InstrumentedFramePool13AllocateFrameEv
                0x0800a2a4       0x82 CMakeFiles/BSP_EFP_Profiler.dir/C_/Users/volod/AppData/Local/VisualGDB/EmbeddedEFPs/Profiler/InstrumentingProfiler.cpp.obj
                0x0800a2a4                SysprogsInstrumentingProfiler::InstrumentedFramePool::AllocateFrame()
 .text._ZN29SysprogsInstrumentingProfiler21InstrumentedFramePool12ReleaseFrameEPNS_17InstrumentedFrameE
                0x0800a326       0x2e CMakeFiles/BSP_EFP_Profiler.dir/C_/Users/volod/AppData/Local/VisualGDB/EmbeddedEFPs/Profiler/InstrumentingProfiler.cpp.obj
                0x0800a326                SysprogsInstrumentingProfiler::InstrumentedFramePool::ReleaseFrame(SysprogsInstrumentingProfiler::InstrumentedFrame*)
 .text._ZN29SysprogsInstrumentingProfiler22ReportFramesToProfilerEPKNS_17InstrumentedFrameEy
                0x0800a354      0x294 CMakeFiles/BSP_EFP_Profiler.dir/C_/Users/volod/AppData/Local/VisualGDB/EmbeddedEFPs/Profiler/InstrumentingProfiler.cpp.obj
                0x0800a354                SysprogsInstrumentingProfiler::ReportFramesToProfiler(SysprogsInstrumentingProfiler::InstrumentedFrame const*, unsigned long long)
 .text._ZN29SysprogsInstrumentingProfiler36ReportFunctionRunTimeToRealTimeWatchEPKNS_17InstrumentedFrameEy
                0x0800a5e8       0x90 CMakeFiles/BSP_EFP_Profiler.dir/C_/Users/volod/AppData/Local/VisualGDB/EmbeddedEFPs/Profiler/InstrumentingProfiler.cpp.obj
                0x0800a5e8                SysprogsInstrumentingProfiler::ReportFunctionRunTimeToRealTimeWatch(SysprogsInstrumentingProfiler::InstrumentedFrame const*, unsigned long long)
 .text._ZN29SysprogsInstrumentingProfilerL10ReturnHookEv
                0x0800a678       0x2e CMakeFiles/BSP_EFP_Profiler.dir/C_/Users/volod/AppData/Local/VisualGDB/EmbeddedEFPs/Profiler/InstrumentingProfiler.cpp.obj
 *fill*         0x0800a6a6        0x2 
 .text.SysprogsInstrumentingProfilerReturnHookImpl
                0x0800a6a8       0xe4 CMakeFiles/BSP_EFP_Profiler.dir/C_/Users/volod/AppData/Local/VisualGDB/EmbeddedEFPs/Profiler/InstrumentingProfiler.cpp.obj
                0x0800a6a8                SysprogsInstrumentingProfilerReturnHookImpl
 .text.SysprogsInstrumentingProfilerHookImpl
                0x0800a78c      0x128 CMakeFiles/BSP_EFP_Profiler.dir/C_/Users/volod/AppData/Local/VisualGDB/EmbeddedEFPs/Profiler/InstrumentingProfiler.cpp.obj
                0x0800a78c                SysprogsInstrumentingProfilerHookImpl
 .text._ZN29SysprogsInstrumentingProfiler19ReportThreadCreatedEPvPKc
                0x0800a8b4       0x60 CMakeFiles/BSP_EFP_Profiler.dir/C_/Users/volod/AppData/Local/VisualGDB/EmbeddedEFPs/Profiler/InstrumentingProfiler.cpp.obj
                0x0800a8b4                SysprogsInstrumentingProfiler::ReportThreadCreated(void*, char const*)
 .text._ZN29SysprogsInstrumentingProfilerL20GetRelativeTimestampEv
                0x0800a914       0x34 CMakeFiles/BSP_EFP_Profiler.dir/C_/Users/volod/AppData/Local/VisualGDB/EmbeddedEFPs/Profiler/InstrumentingProfiler.cpp.obj
 .text._ZN29SysprogsInstrumentingProfiler18ReportThreadSwitchEPv
                0x0800a948       0x58 CMakeFiles/BSP_EFP_Profiler.dir/C_/Users/volod/AppData/Local/VisualGDB/EmbeddedEFPs/Profiler/InstrumentingProfiler.cpp.obj
                0x0800a948                SysprogsInstrumentingProfiler::ReportThreadSwitch(void*)
 .text.SysprogsInstrumentingProfilerHook
                0x0800a9a0       0x54 CMakeFiles/BSP_EFP_Profiler.dir/C_/Users/volod/AppData/Local/VisualGDB/EmbeddedEFPs/Profiler/InstrumentingProfiler.cpp.obj
                0x0800a9a0                SysprogsInstrumentingProfilerHook
 .text.SysprogsStackVerifierHook
                0x0800a9f4       0x40 CMakeFiles/BSP_EFP_Profiler.dir/C_/Users/volod/AppData/Local/VisualGDB/EmbeddedEFPs/Profiler/InstrumentingProfiler.cpp.obj
                0x0800a9f4                SysprogsStackVerifierHook
 .text.SysprogsTimingRecorderHook
                0x0800aa34       0x88 CMakeFiles/BSP_EFP_Profiler.dir/C_/Users/volod/AppData/Local/VisualGDB/EmbeddedEFPs/Profiler/InstrumentingProfiler.cpp.obj
                0x0800aa34                SysprogsTimingRecorderHook
 .text._ZN28OverheadMeasurementFunctions15NonInstrumentedEv
                0x0800aabc        0x4 CMakeFiles/BSP_EFP_Profiler.dir/C_/Users/volod/AppData/Local/VisualGDB/EmbeddedEFPs/Profiler/InstrumentingProfiler.cpp.obj
                0x0800aabc                OverheadMeasurementFunctions::NonInstrumented()
 .text._ZN28OverheadMeasurementFunctions12InstrumentedEv
                0x0800aac0        0x4 CMakeFiles/BSP_EFP_Profiler.dir/C_/Users/volod/AppData/Local/VisualGDB/EmbeddedEFPs/Profiler/InstrumentingProfiler.cpp.obj
                0x0800aac0                OverheadMeasurementFunctions::Instrumented()
 .text._ZN28OverheadMeasurementFunctions24InstrumentedAndReportingEv
                0x0800aac4        0x4 CMakeFiles/BSP_EFP_Profiler.dir/C_/Users/volod/AppData/Local/VisualGDB/EmbeddedEFPs/Profiler/InstrumentingProfiler.cpp.obj
                0x0800aac4                OverheadMeasurementFunctions::InstrumentedAndReporting()
 .text.InstrumentingProfilerInitialized
                0x0800aac8       0xdc CMakeFiles/BSP_EFP_Profiler.dir/C_/Users/volod/AppData/Local/VisualGDB/EmbeddedEFPs/Profiler/InstrumentingProfiler.cpp.obj
                0x0800aac8                InstrumentingProfilerInitialized
 .text.SysprogsProfiler_RTOSThreadSwitched
                0x0800aba4       0xc4 CMakeFiles/BSP_EFP_Profiler.dir/C_/Users/volod/AppData/Local/VisualGDB/EmbeddedEFPs/Profiler/InstrumentingProfiler.cpp.obj
                0x0800aba4                SysprogsProfiler_RTOSThreadSwitched
 .text.SysprogsProfiler_RTOSThreadDeleted
                0x0800ac68       0x68 CMakeFiles/BSP_EFP_Profiler.dir/C_/Users/volod/AppData/Local/VisualGDB/EmbeddedEFPs/Profiler/InstrumentingProfiler.cpp.obj
                0x0800ac68                SysprogsProfiler_RTOSThreadDeleted
 .text.SysprogsProfiler_ReportResourceTaken
                0x0800acd0       0x56 CMakeFiles/BSP_EFP_Profiler.dir/C_/Users/volod/AppData/Local/VisualGDB/EmbeddedEFPs/Profiler/InstrumentingProfiler.cpp.obj
                0x0800acd0                SysprogsProfiler_ReportResourceTaken
 .text.SysprogsProfiler_ReportResourceReleased
                0x0800ad26       0x56 CMakeFiles/BSP_EFP_Profiler.dir/C_/Users/volod/AppData/Local/VisualGDB/EmbeddedEFPs/Profiler/InstrumentingProfiler.cpp.obj
                0x0800ad26                SysprogsProfiler_ReportResourceReleased
 .text.InitializeProfilerRTOSHooksAfterReportingInitialization
                0x0800ad7c        0xe CMakeFiles/BSP_EFP_Profiler.dir/C_/Users/volod/AppData/Local/VisualGDB/EmbeddedEFPs/Profiler/InstrumentingProfiler.cpp.obj
                0x0800ad7c                InitializeProfilerRTOSHooksAfterReportingInitialization
 *fill*         0x0800ad8a        0x2 
 .text.InitializeInstrumentingProfiler
                0x0800ad8c       0xc4 CMakeFiles/BSP_EFP_Profiler.dir/C_/Users/volod/AppData/Local/VisualGDB/EmbeddedEFPs/Profiler/InstrumentingProfiler.cpp.obj
                0x0800ad8c                InitializeInstrumentingProfiler
 .text._ZL36ReportRealTimeAnalysisBufferOverflowv
                0x0800ae50       0x7c CMakeFiles/BSP_EFP_Profiler.dir/C_/Users/volod/AppData/Local/VisualGDB/EmbeddedEFPs/Profiler/InstrumentingProfiler.cpp.obj
 .text._ZL30RunBlockingFastSemihostingCall23BlockingResourceRequestjjj
                0x0800aecc       0x80 CMakeFiles/BSP_EFP_Profiler.dir/C_/Users/volod/AppData/Local/VisualGDB/EmbeddedEFPs/Profiler/TestResourceManager.cpp.obj
 .text.TRMReadStdin
                0x0800af4c       0x28 CMakeFiles/BSP_EFP_Profiler.dir/C_/Users/volod/AppData/Local/VisualGDB/EmbeddedEFPs/Profiler/TestResourceManager.cpp.obj
                0x0800af4c                TRMReadStdin
 .text._read    0x0800af74       0x22 CMakeFiles/BSP_EFP_Profiler.dir/C_/Users/volod/AppData/Local/VisualGDB/EmbeddedEFPs/Profiler/TestResourceManager.cpp.obj
                0x0800af74                _read
 *fill*         0x0800af96        0x2 
 .text.tskTaskControlBlock_pcTaskName_Offset
                0x0800af98        0x4 CMakeFiles/BSP_EFP_Profiler.dir/C_/Users/volod/AppData/Local/VisualGDB/EmbeddedEFPs/Profiler/ProfilerRTOS_FreeRTOS.c.obj
                0x0800af98                tskTaskControlBlock_pcTaskName_Offset
 .text.tskTaskControlBlock_pxStack_Offset
                0x0800af9c        0x4 CMakeFiles/BSP_EFP_Profiler.dir/C_/Users/volod/AppData/Local/VisualGDB/EmbeddedEFPs/Profiler/ProfilerRTOS_FreeRTOS.c.obj
                0x0800af9c                tskTaskControlBlock_pxStack_Offset
 .text.QueueDefinition_uxMessagesWaiting_Offset
                0x0800afa0        0x4 CMakeFiles/BSP_EFP_Profiler.dir/C_/Users/volod/AppData/Local/VisualGDB/EmbeddedEFPs/Profiler/ProfilerRTOS_FreeRTOS.c.obj
                0x0800afa0                QueueDefinition_uxMessagesWaiting_Offset
 .text.SysprogsRTOSHooks_ReportThreadSwitch
                0x0800afa4       0x4c CMakeFiles/BSP_EFP_Profiler.dir/C_/Users/volod/AppData/Local/VisualGDB/EmbeddedEFPs/Profiler/ProfilerRTOS_FreeRTOS.c.obj
 .text.SysprogsRTOSHooks_FreeRTOS_vTaskSwitchContext
                0x0800aff0       0x28 CMakeFiles/BSP_EFP_Profiler.dir/C_/Users/volod/AppData/Local/VisualGDB/EmbeddedEFPs/Profiler/ProfilerRTOS_FreeRTOS.c.obj
                0x0800aff0                SysprogsRTOSHooks_FreeRTOS_vTaskSwitchContext
 *fill*         0x0800b018        0x8 
 .text.SysprogsRTOSHooks_FreeRTOS_SVC_Handler
                0x0800b020       0x18 CMakeFiles/BSP_EFP_Profiler.dir/C_/Users/volod/AppData/Local/VisualGDB/EmbeddedEFPs/Profiler/ProfilerRTOS_FreeRTOS.c.obj
                0x0800b020                SysprogsRTOSHooks_FreeRTOS_SVC_Handler
 .text.SysprogsRTOSHooks_FreeRTOS_vTaskDelete
                0x0800b038       0x1c CMakeFiles/BSP_EFP_Profiler.dir/C_/Users/volod/AppData/Local/VisualGDB/EmbeddedEFPs/Profiler/ProfilerRTOS_FreeRTOS.c.obj
                0x0800b038                SysprogsRTOSHooks_FreeRTOS_vTaskDelete
 .text.SysprogsRTOSHooks_FreeRTOS_SysTick_Handler
                0x0800b054       0x24 CMakeFiles/BSP_EFP_Profiler.dir/C_/Users/volod/AppData/Local/VisualGDB/EmbeddedEFPs/Profiler/ProfilerRTOS_FreeRTOS.c.obj
                0x0800b054                SysprogsRTOSHooks_FreeRTOS_SysTick_Handler
 .text.SysprogsRTOSHooks_FreeRTOS_traceQUEUE_SEND
                0x0800b078       0x16 CMakeFiles/BSP_EFP_Profiler.dir/C_/Users/volod/AppData/Local/VisualGDB/EmbeddedEFPs/Profiler/ProfilerRTOS_FreeRTOS.c.obj
                0x0800b078                SysprogsRTOSHooks_FreeRTOS_traceQUEUE_SEND
 .text.SysprogsRTOSHooks_FreeRTOS_traceQUEUE_RECEIVE
                0x0800b08e       0x16 CMakeFiles/BSP_EFP_Profiler.dir/C_/Users/volod/AppData/Local/VisualGDB/EmbeddedEFPs/Profiler/ProfilerRTOS_FreeRTOS.c.obj
                0x0800b08e                SysprogsRTOSHooks_FreeRTOS_traceQUEUE_RECEIVE
 .text.SysprogsRTOSHooks_FreeRTOS_SchedulerStarting
                0x0800b0a4        0xe CMakeFiles/BSP_EFP_Profiler.dir/C_/Users/volod/AppData/Local/VisualGDB/EmbeddedEFPs/Profiler/ProfilerRTOS_FreeRTOS.c.obj
                0x0800b0a4                SysprogsRTOSHooks_FreeRTOS_SchedulerStarting
 *fill*         0x0800b0b2        0x2 
 .text.SysprogsRTOSHooks_FreeRTOS_traceQUEUE_SEND_Actual
                0x0800b0b4       0x6c CMakeFiles/BSP_EFP_Profiler.dir/C_/Users/volod/AppData/Local/VisualGDB/EmbeddedEFPs/Profiler/ProfilerRTOS_FreeRTOS.c.obj
                0x0800b0b4                SysprogsRTOSHooks_FreeRTOS_traceQUEUE_SEND_Actual
 .text.SysprogsRTOSHooks_FreeRTOS_traceQUEUE_RECEIVE_Actual
                0x0800b120       0x6c CMakeFiles/BSP_EFP_Profiler.dir/C_/Users/volod/AppData/Local/VisualGDB/EmbeddedEFPs/Profiler/ProfilerRTOS_FreeRTOS.c.obj
                0x0800b120                SysprogsRTOSHooks_FreeRTOS_traceQUEUE_RECEIVE_Actual
 .text.ReferenceFreeRTOSSymbols
                0x0800b18c        0xc CMakeFiles/BSP_EFP_Profiler.dir/C_/Users/volod/AppData/Local/VisualGDB/EmbeddedEFPs/Profiler/ProfilerRTOS_FreeRTOS.c.obj
 .text.InitializeProfilerRTOSHooks
                0x0800b198       0x3e CMakeFiles/BSP_EFP_Profiler.dir/C_/Users/volod/AppData/Local/VisualGDB/EmbeddedEFPs/Profiler/ProfilerRTOS_FreeRTOS.c.obj
                0x0800b198                InitializeProfilerRTOSHooks
 *fill*         0x0800b1d6        0x2 
 .text.__errno  0x0800b1d8        0xc c:/sysgcc/arm-eabi/bin/../lib/gcc/arm-none-eabi/10.3.1/../../../../arm-none-eabi/lib/thumb/v7e-m+dp/hard\libg_nano.a(lib_a-errno.o)
                0x0800b1d8                __errno
 .text.__libc_init_array
                0x0800b1e4       0x48 c:/sysgcc/arm-eabi/bin/../lib/gcc/arm-none-eabi/10.3.1/../../../../arm-none-eabi/lib/thumb/v7e-m+dp/hard\libg_nano.a(lib_a-init.o)
                0x0800b1e4                __libc_init_array
 .text.__itoa   0x0800b22c       0x30 c:/sysgcc/arm-eabi/bin/../lib/gcc/arm-none-eabi/10.3.1/../../../../arm-none-eabi/lib/thumb/v7e-m+dp/hard\libg_nano.a(lib_a-itoa.o)
                0x0800b22c                __itoa
 .text.itoa     0x0800b25c        0x4 c:/sysgcc/arm-eabi/bin/../lib/gcc/arm-none-eabi/10.3.1/../../../../arm-none-eabi/lib/thumb/v7e-m+dp/hard\libg_nano.a(lib_a-itoa.o)
                0x0800b25c                itoa
 .text.memcpy   0x0800b260       0x1c c:/sysgcc/arm-eabi/bin/../lib/gcc/arm-none-eabi/10.3.1/../../../../arm-none-eabi/lib/thumb/v7e-m+dp/hard\libg_nano.a(lib_a-memcpy-stub.o)
                0x0800b260                memcpy
 .text.memset   0x0800b27c       0x10 c:/sysgcc/arm-eabi/bin/../lib/gcc/arm-none-eabi/10.3.1/../../../../arm-none-eabi/lib/thumb/v7e-m+dp/hard\libg_nano.a(lib_a-memset.o)
                0x0800b27c                memset
 .text.__cvt    0x0800b28c       0xa4 c:/sysgcc/arm-eabi/bin/../lib/gcc/arm-none-eabi/10.3.1/../../../../arm-none-eabi/lib/thumb/v7e-m+dp/hard\libg_nano.a(lib_a-nano-vfprintf_float.o)
                0x0800b28c                __cvt
 .text.__exponent
                0x0800b330       0x7c c:/sysgcc/arm-eabi/bin/../lib/gcc/arm-none-eabi/10.3.1/../../../../arm-none-eabi/lib/thumb/v7e-m+dp/hard\libg_nano.a(lib_a-nano-vfprintf_float.o)
                0x0800b330                __exponent
 *fill*         0x0800b3ac        0x4 
 .text._printf_float
                0x0800b3b0      0x43c c:/sysgcc/arm-eabi/bin/../lib/gcc/arm-none-eabi/10.3.1/../../../../arm-none-eabi/lib/thumb/v7e-m+dp/hard\libg_nano.a(lib_a-nano-vfprintf_float.o)
                0x0800b3b0                _printf_float
 .text._printf_common
                0x0800b7ec       0xda c:/sysgcc/arm-eabi/bin/../lib/gcc/arm-none-eabi/10.3.1/../../../../arm-none-eabi/lib/thumb/v7e-m+dp/hard\libg_nano.a(lib_a-nano-vfprintf_i.o)
                0x0800b7ec                _printf_common
 *fill*         0x0800b8c6        0x2 
 .text._printf_i
                0x0800b8c8      0x24c c:/sysgcc/arm-eabi/bin/../lib/gcc/arm-none-eabi/10.3.1/../../../../arm-none-eabi/lib/thumb/v7e-m+dp/hard\libg_nano.a(lib_a-nano-vfprintf_i.o)
                0x0800b8c8                _printf_i
 .text._scanf_float
                0x0800bb14      0x40c c:/sysgcc/arm-eabi/bin/../lib/gcc/arm-none-eabi/10.3.1/../../../../arm-none-eabi/lib/thumb/v7e-m+dp/hard\libg_nano.a(lib_a-nano-vfscanf_float.o)
                0x0800bb14                _scanf_float
 .text.cleanup_glue
                0x0800bf20       0x1a c:/sysgcc/arm-eabi/bin/../lib/gcc/arm-none-eabi/10.3.1/../../../../arm-none-eabi/lib/thumb/v7e-m+dp/hard\libg_nano.a(lib_a-reent.o)
                0x0800bf20                cleanup_glue
 *fill*         0x0800bf3a        0x2 
 .text._reclaim_reent
                0x0800bf3c       0xb8 c:/sysgcc/arm-eabi/bin/../lib/gcc/arm-none-eabi/10.3.1/../../../../arm-none-eabi/lib/thumb/v7e-m+dp/hard\libg_nano.a(lib_a-reent.o)
                0x0800bf3c                _reclaim_reent
 .text.nanf     0x0800bff4        0xc c:/sysgcc/arm-eabi/bin/../lib/gcc/arm-none-eabi/10.3.1/../../../../arm-none-eabi/lib/thumb/v7e-m+dp/hard\libg_nano.a(lib_a-sf_nan.o)
                0x0800bff4                nanf
 .text.sprintf  0x0800c000       0x40 c:/sysgcc/arm-eabi/bin/../lib/gcc/arm-none-eabi/10.3.1/../../../../arm-none-eabi/lib/thumb/v7e-m+dp/hard\libg_nano.a(lib_a-sprintf.o)
                0x0800c000                siprintf
                0x0800c000                sprintf
 .text.strcpy   0x0800c040       0x10 c:/sysgcc/arm-eabi/bin/../lib/gcc/arm-none-eabi/10.3.1/../../../../arm-none-eabi/lib/thumb/v7e-m+dp/hard\libg_nano.a(lib_a-strcpy.o)
                0x0800c040                strcpy
 .text.sulp     0x0800c050       0x34 c:/sysgcc/arm-eabi/bin/../lib/gcc/arm-none-eabi/10.3.1/../../../../arm-none-eabi/lib/thumb/v7e-m+dp/hard\libg_nano.a(lib_a-strtod.o)
 *fill*         0x0800c084        0x4 
 .text._strtod_l
                0x0800c088      0xb6c c:/sysgcc/arm-eabi/bin/../lib/gcc/arm-none-eabi/10.3.1/../../../../arm-none-eabi/lib/thumb/v7e-m+dp/hard\libg_nano.a(lib_a-strtod.o)
                0x0800c088                _strtod_l
 .text._strtod_r
                0x0800cbf4        0xc c:/sysgcc/arm-eabi/bin/../lib/gcc/arm-none-eabi/10.3.1/../../../../arm-none-eabi/lib/thumb/v7e-m+dp/hard\libg_nano.a(lib_a-strtod.o)
                0x0800cbf4                _strtod_r
 .text._strtol_l.constprop.0
                0x0800cc00      0x104 c:/sysgcc/arm-eabi/bin/../lib/gcc/arm-none-eabi/10.3.1/../../../../arm-none-eabi/lib/thumb/v7e-m+dp/hard\libg_nano.a(lib_a-strtol.o)
 .text._strtol_r
                0x0800cd04        0x4 c:/sysgcc/arm-eabi/bin/../lib/gcc/arm-none-eabi/10.3.1/../../../../arm-none-eabi/lib/thumb/v7e-m+dp/hard\libg_nano.a(lib_a-strtol.o)
                0x0800cd04                _strtol_r
 .text.__utoa   0x0800cd08       0x84 c:/sysgcc/arm-eabi/bin/../lib/gcc/arm-none-eabi/10.3.1/../../../../arm-none-eabi/lib/thumb/v7e-m+dp/hard\libg_nano.a(lib_a-utoa.o)
                0x0800cd08                __utoa
 .text.quorem   0x0800cd8c      0x116 c:/sysgcc/arm-eabi/bin/../lib/gcc/arm-none-eabi/10.3.1/../../../../arm-none-eabi/lib/thumb/v7e-m+dp/hard\libg_nano.a(lib_a-dtoa.o)
 *fill*         0x0800cea2        0x6 
 .text._dtoa_r  0x0800cea8      0xadc c:/sysgcc/arm-eabi/bin/../lib/gcc/arm-none-eabi/10.3.1/../../../../arm-none-eabi/lib/thumb/v7e-m+dp/hard\libg_nano.a(lib_a-dtoa.o)
                0x0800cea8                _dtoa_r
 .text.rshift   0x0800d984       0xa4 c:/sysgcc/arm-eabi/bin/../lib/gcc/arm-none-eabi/10.3.1/../../../../arm-none-eabi/lib/thumb/v7e-m+dp/hard\libg_nano.a(lib_a-gdtoa-gethex.o)
 .text.__hexdig_fun
                0x0800da28       0x2a c:/sysgcc/arm-eabi/bin/../lib/gcc/arm-none-eabi/10.3.1/../../../../arm-none-eabi/lib/thumb/v7e-m+dp/hard\libg_nano.a(lib_a-gdtoa-gethex.o)
                0x0800da28                __hexdig_fun
 *fill*         0x0800da52        0x2 
 .text.__gethex
                0x0800da54      0x48c c:/sysgcc/arm-eabi/bin/../lib/gcc/arm-none-eabi/10.3.1/../../../../arm-none-eabi/lib/thumb/v7e-m+dp/hard\libg_nano.a(lib_a-gdtoa-gethex.o)
                0x0800da54                __gethex
 .text.L_shift  0x0800dee0       0x24 c:/sysgcc/arm-eabi/bin/../lib/gcc/arm-none-eabi/10.3.1/../../../../arm-none-eabi/lib/thumb/v7e-m+dp/hard\libg_nano.a(lib_a-gdtoa-hexnan.o)
 .text.__match  0x0800df04       0x28 c:/sysgcc/arm-eabi/bin/../lib/gcc/arm-none-eabi/10.3.1/../../../../arm-none-eabi/lib/thumb/v7e-m+dp/hard\libg_nano.a(lib_a-gdtoa-hexnan.o)
                0x0800df04                __match
 .text.__hexnan
                0x0800df2c      0x138 c:/sysgcc/arm-eabi/bin/../lib/gcc/arm-none-eabi/10.3.1/../../../../arm-none-eabi/lib/thumb/v7e-m+dp/hard\libg_nano.a(lib_a-gdtoa-hexnan.o)
                0x0800df2c                __hexnan
 .text._localeconv_r
                0x0800e064        0x8 c:/sysgcc/arm-eabi/bin/../lib/gcc/arm-none-eabi/10.3.1/../../../../arm-none-eabi/lib/thumb/v7e-m+dp/hard\libg_nano.a(lib_a-localeconv.o)
                0x0800e064                _localeconv_r
 .text.malloc   0x0800e06c       0x10 c:/sysgcc/arm-eabi/bin/../lib/gcc/arm-none-eabi/10.3.1/../../../../arm-none-eabi/lib/thumb/v7e-m+dp/hard\libg_nano.a(lib_a-malloc.o)
                0x0800e06c                malloc
 .text.__ascii_mbtowc
                0x0800e07c       0x24 c:/sysgcc/arm-eabi/bin/../lib/gcc/arm-none-eabi/10.3.1/../../../../arm-none-eabi/lib/thumb/v7e-m+dp/hard\libg_nano.a(lib_a-mbtowc_r.o)
                0x0800e07c                __ascii_mbtowc
 .text._Balloc  0x0800e0a0       0x80 c:/sysgcc/arm-eabi/bin/../lib/gcc/arm-none-eabi/10.3.1/../../../../arm-none-eabi/lib/thumb/v7e-m+dp/hard\libg_nano.a(lib_a-mprec.o)
                0x0800e0a0                _Balloc
 .text._Bfree   0x0800e120       0x44 c:/sysgcc/arm-eabi/bin/../lib/gcc/arm-none-eabi/10.3.1/../../../../arm-none-eabi/lib/thumb/v7e-m+dp/hard\libg_nano.a(lib_a-mprec.o)
                0x0800e120                _Bfree
 .text.__multadd
                0x0800e164       0x8c c:/sysgcc/arm-eabi/bin/../lib/gcc/arm-none-eabi/10.3.1/../../../../arm-none-eabi/lib/thumb/v7e-m+dp/hard\libg_nano.a(lib_a-mprec.o)
                0x0800e164                __multadd
 .text.__s2b    0x0800e1f0       0x94 c:/sysgcc/arm-eabi/bin/../lib/gcc/arm-none-eabi/10.3.1/../../../../arm-none-eabi/lib/thumb/v7e-m+dp/hard\libg_nano.a(lib_a-mprec.o)
                0x0800e1f0                __s2b
 .text.__hi0bits
                0x0800e284       0x40 c:/sysgcc/arm-eabi/bin/../lib/gcc/arm-none-eabi/10.3.1/../../../../arm-none-eabi/lib/thumb/v7e-m+dp/hard\libg_nano.a(lib_a-mprec.o)
                0x0800e284                __hi0bits
 .text.__lo0bits
                0x0800e2c4       0x5e c:/sysgcc/arm-eabi/bin/../lib/gcc/arm-none-eabi/10.3.1/../../../../arm-none-eabi/lib/thumb/v7e-m+dp/hard\libg_nano.a(lib_a-mprec.o)
                0x0800e2c4                __lo0bits
 *fill*         0x0800e322        0x2 
 .text.__i2b    0x0800e324       0x2c c:/sysgcc/arm-eabi/bin/../lib/gcc/arm-none-eabi/10.3.1/../../../../arm-none-eabi/lib/thumb/v7e-m+dp/hard\libg_nano.a(lib_a-mprec.o)
                0x0800e324                __i2b
 .text.__multiply
                0x0800e350      0x154 c:/sysgcc/arm-eabi/bin/../lib/gcc/arm-none-eabi/10.3.1/../../../../arm-none-eabi/lib/thumb/v7e-m+dp/hard\libg_nano.a(lib_a-mprec.o)
                0x0800e350                __multiply
 .text.__pow5mult
                0x0800e4a4       0xb4 c:/sysgcc/arm-eabi/bin/../lib/gcc/arm-none-eabi/10.3.1/../../../../arm-none-eabi/lib/thumb/v7e-m+dp/hard\libg_nano.a(lib_a-mprec.o)
                0x0800e4a4                __pow5mult
 .text.__lshift
                0x0800e558       0xe0 c:/sysgcc/arm-eabi/bin/../lib/gcc/arm-none-eabi/10.3.1/../../../../arm-none-eabi/lib/thumb/v7e-m+dp/hard\libg_nano.a(lib_a-mprec.o)
                0x0800e558                __lshift
 .text.__mcmp   0x0800e638       0x38 c:/sysgcc/arm-eabi/bin/../lib/gcc/arm-none-eabi/10.3.1/../../../../arm-none-eabi/lib/thumb/v7e-m+dp/hard\libg_nano.a(lib_a-mprec.o)
                0x0800e638                __mcmp
 .text.__mdiff  0x0800e670      0x114 c:/sysgcc/arm-eabi/bin/../lib/gcc/arm-none-eabi/10.3.1/../../../../arm-none-eabi/lib/thumb/v7e-m+dp/hard\libg_nano.a(lib_a-mprec.o)
                0x0800e670                __mdiff
 .text.__ulp    0x0800e784       0x58 c:/sysgcc/arm-eabi/bin/../lib/gcc/arm-none-eabi/10.3.1/../../../../arm-none-eabi/lib/thumb/v7e-m+dp/hard\libg_nano.a(lib_a-mprec.o)
                0x0800e784                __ulp
 .text.__b2d    0x0800e7dc       0xa0 c:/sysgcc/arm-eabi/bin/../lib/gcc/arm-none-eabi/10.3.1/../../../../arm-none-eabi/lib/thumb/v7e-m+dp/hard\libg_nano.a(lib_a-mprec.o)
                0x0800e7dc                __b2d
 .text.__d2b    0x0800e87c       0xb8 c:/sysgcc/arm-eabi/bin/../lib/gcc/arm-none-eabi/10.3.1/../../../../arm-none-eabi/lib/thumb/v7e-m+dp/hard\libg_nano.a(lib_a-mprec.o)
                0x0800e87c                __d2b
 .text.__ratio  0x0800e934       0x60 c:/sysgcc/arm-eabi/bin/../lib/gcc/arm-none-eabi/10.3.1/../../../../arm-none-eabi/lib/thumb/v7e-m+dp/hard\libg_nano.a(lib_a-mprec.o)
                0x0800e934                __ratio
 .text.__copybits
                0x0800e994       0x46 c:/sysgcc/arm-eabi/bin/../lib/gcc/arm-none-eabi/10.3.1/../../../../arm-none-eabi/lib/thumb/v7e-m+dp/hard\libg_nano.a(lib_a-mprec.o)
                0x0800e994                __copybits
 .text.__any_on
                0x0800e9da       0x42 c:/sysgcc/arm-eabi/bin/../lib/gcc/arm-none-eabi/10.3.1/../../../../arm-none-eabi/lib/thumb/v7e-m+dp/hard\libg_nano.a(lib_a-mprec.o)
                0x0800e9da                __any_on
 .text._calloc_r
                0x0800ea1c       0x2c c:/sysgcc/arm-eabi/bin/../lib/gcc/arm-none-eabi/10.3.1/../../../../arm-none-eabi/lib/thumb/v7e-m+dp/hard\libg_nano.a(lib_a-nano-callocr.o)
                0x0800ea1c                _calloc_r
 .text._free_r  0x0800ea48       0x98 c:/sysgcc/arm-eabi/bin/../lib/gcc/arm-none-eabi/10.3.1/../../../../arm-none-eabi/lib/thumb/v7e-m+dp/hard\libg_nano.a(lib_a-nano-freer.o)
                0x0800ea48                _free_r
 .text.sbrk_aligned
                0x0800eae0       0x40 c:/sysgcc/arm-eabi/bin/../lib/gcc/arm-none-eabi/10.3.1/../../../../arm-none-eabi/lib/thumb/v7e-m+dp/hard\libg_nano.a(lib_a-nano-mallocr.o)
 .text._malloc_r
                0x0800eb20       0xe8 c:/sysgcc/arm-eabi/bin/../lib/gcc/arm-none-eabi/10.3.1/../../../../arm-none-eabi/lib/thumb/v7e-m+dp/hard\libg_nano.a(lib_a-nano-mallocr.o)
                0x0800eb20                _malloc_r
 .text.__ssputs_r
                0x0800ec08       0xb6 c:/sysgcc/arm-eabi/bin/../lib/gcc/arm-none-eabi/10.3.1/../../../../arm-none-eabi/lib/thumb/v7e-m+dp/hard\libg_nano.a(lib_a-nano-svfprintf.o)
                0x0800ec08                __ssputs_r
 *fill*         0x0800ecbe        0x2 
 .text._svfprintf_r
                0x0800ecc0      0x200 c:/sysgcc/arm-eabi/bin/../lib/gcc/arm-none-eabi/10.3.1/../../../../arm-none-eabi/lib/thumb/v7e-m+dp/hard\libg_nano.a(lib_a-nano-svfprintf.o)
                0x0800ecc0                _svfiprintf_r
                0x0800ecc0                _svfprintf_r
 .text.nan      0x0800eec0       0x10 c:/sysgcc/arm-eabi/bin/../lib/gcc/arm-none-eabi/10.3.1/../../../../arm-none-eabi/lib/thumb/v7e-m+dp/hard\libg_nano.a(lib_a-s_nan.o)
                0x0800eec0                nan
 .text._sbrk_r  0x0800eed0       0x20 c:/sysgcc/arm-eabi/bin/../lib/gcc/arm-none-eabi/10.3.1/../../../../arm-none-eabi/lib/thumb/v7e-m+dp/hard\libg_nano.a(lib_a-sbrkr.o)
                0x0800eed0                _sbrk_r
 .text.strncmp  0x0800eef0       0x28 c:/sysgcc/arm-eabi/bin/../lib/gcc/arm-none-eabi/10.3.1/../../../../arm-none-eabi/lib/thumb/v7e-m+dp/hard\libg_nano.a(lib_a-strncmp.o)
                0x0800eef0                strncmp
 .text.__ascii_wctomb
                0x0800ef18       0x1a c:/sysgcc/arm-eabi/bin/../lib/gcc/arm-none-eabi/10.3.1/../../../../arm-none-eabi/lib/thumb/v7e-m+dp/hard\libg_nano.a(lib_a-wctomb_r.o)
                0x0800ef18                __ascii_wctomb
 *fill*         0x0800ef32        0x2 
 .text.__assert_func
                0x0800ef34       0x3c c:/sysgcc/arm-eabi/bin/../lib/gcc/arm-none-eabi/10.3.1/../../../../arm-none-eabi/lib/thumb/v7e-m+dp/hard\libg_nano.a(lib_a-assert.o)
                0x0800ef34                __assert_func
 .text.fprintf  0x0800ef70       0x24 c:/sysgcc/arm-eabi/bin/../lib/gcc/arm-none-eabi/10.3.1/../../../../arm-none-eabi/lib/thumb/v7e-m+dp/hard\libg_nano.a(lib_a-fprintf.o)
                0x0800ef70                fiprintf
                0x0800ef70                fprintf